Archive member included because of file (symbol)

c:/program files (x86)/codesourcery/sourcery_codebench_lite_for_arm_eabi/bin/../lib/gcc/arm-none-eabi/4.7.2/../../../../arm-none-eabi/lib/thumb2\libc.a(lib_a-asctime.o)
                              ./src/mainboot.o (asctime)
c:/program files (x86)/codesourcery/sourcery_codebench_lite_for_arm_eabi/bin/../lib/gcc/arm-none-eabi/4.7.2/../../../../arm-none-eabi/lib/thumb2\libc.a(lib_a-asctime_r.o)
                              c:/program files (x86)/codesourcery/sourcery_codebench_lite_for_arm_eabi/bin/../lib/gcc/arm-none-eabi/4.7.2/../../../../arm-none-eabi/lib/thumb2\libc.a(lib_a-asctime.o) (asctime_r)
c:/program files (x86)/codesourcery/sourcery_codebench_lite_for_arm_eabi/bin/../lib/gcc/arm-none-eabi/4.7.2/../../../../arm-none-eabi/lib/thumb2\libc.a(lib_a-atoi.o)
                              ./src/command.o (atoi)
c:/program files (x86)/codesourcery/sourcery_codebench_lite_for_arm_eabi/bin/../lib/gcc/arm-none-eabi/4.7.2/../../../../arm-none-eabi/lib/thumb2\libc.a(lib_a-impure.o)
                              c:/program files (x86)/codesourcery/sourcery_codebench_lite_for_arm_eabi/bin/../lib/gcc/arm-none-eabi/4.7.2/../../../../arm-none-eabi/lib/thumb2\libc.a(lib_a-asctime.o) (_impure_ptr)
c:/program files (x86)/codesourcery/sourcery_codebench_lite_for_arm_eabi/bin/../lib/gcc/arm-none-eabi/4.7.2/../../../../arm-none-eabi/lib/thumb2\libc.a(lib_a-lcltime.o)
                              ./src/mainboot.o (localtime)
c:/program files (x86)/codesourcery/sourcery_codebench_lite_for_arm_eabi/bin/../lib/gcc/arm-none-eabi/4.7.2/../../../../arm-none-eabi/lib/thumb2\libc.a(lib_a-lcltime_r.o)
                              c:/program files (x86)/codesourcery/sourcery_codebench_lite_for_arm_eabi/bin/../lib/gcc/arm-none-eabi/4.7.2/../../../../arm-none-eabi/lib/thumb2\libc.a(lib_a-lcltime.o) (localtime_r)
c:/program files (x86)/codesourcery/sourcery_codebench_lite_for_arm_eabi/bin/../lib/gcc/arm-none-eabi/4.7.2/../../../../arm-none-eabi/lib/thumb2\libc.a(lib_a-malloc.o)
                              c:/program files (x86)/codesourcery/sourcery_codebench_lite_for_arm_eabi/bin/../lib/gcc/arm-none-eabi/4.7.2/../../../../arm-none-eabi/lib/thumb2\libc.a(lib_a-asctime.o) (malloc)
c:/program files (x86)/codesourcery/sourcery_codebench_lite_for_arm_eabi/bin/../lib/gcc/arm-none-eabi/4.7.2/../../../../arm-none-eabi/lib/thumb2\libc.a(lib_a-mallocr.o)
                              c:/program files (x86)/codesourcery/sourcery_codebench_lite_for_arm_eabi/bin/../lib/gcc/arm-none-eabi/4.7.2/../../../../arm-none-eabi/lib/thumb2\libc.a(lib_a-malloc.o) (_malloc_r)
c:/program files (x86)/codesourcery/sourcery_codebench_lite_for_arm_eabi/bin/../lib/gcc/arm-none-eabi/4.7.2/../../../../arm-none-eabi/lib/thumb2\libc.a(lib_a-memccpy.o)
                              ./src/command.o (memccpy)
c:/program files (x86)/codesourcery/sourcery_codebench_lite_for_arm_eabi/bin/../lib/gcc/arm-none-eabi/4.7.2/../../../../arm-none-eabi/lib/thumb2\libc.a(lib_a-memcpy.o)
                              ./src/command.o (memcpy)
c:/program files (x86)/codesourcery/sourcery_codebench_lite_for_arm_eabi/bin/../lib/gcc/arm-none-eabi/4.7.2/../../../../arm-none-eabi/lib/thumb2\libc.a(lib_a-memset.o)
                              ./src/EEprom.o (memset)
c:/program files (x86)/codesourcery/sourcery_codebench_lite_for_arm_eabi/bin/../lib/gcc/arm-none-eabi/4.7.2/../../../../arm-none-eabi/lib/thumb2\libc.a(lib_a-mktime.o)
                              ./src/mainboot.o (mktime)
c:/program files (x86)/codesourcery/sourcery_codebench_lite_for_arm_eabi/bin/../lib/gcc/arm-none-eabi/4.7.2/../../../../arm-none-eabi/lib/thumb2\libc.a(lib_a-mktm_r.o)
                              c:/program files (x86)/codesourcery/sourcery_codebench_lite_for_arm_eabi/bin/../lib/gcc/arm-none-eabi/4.7.2/../../../../arm-none-eabi/lib/thumb2\libc.a(lib_a-mktime.o) (__tzcalc_limits)
c:/program files (x86)/codesourcery/sourcery_codebench_lite_for_arm_eabi/bin/../lib/gcc/arm-none-eabi/4.7.2/../../../../arm-none-eabi/lib/thumb2\libc.a(lib_a-mlock.o)
                              c:/program files (x86)/codesourcery/sourcery_codebench_lite_for_arm_eabi/bin/../lib/gcc/arm-none-eabi/4.7.2/../../../../arm-none-eabi/lib/thumb2\libc.a(lib_a-mallocr.o) (__malloc_lock)
c:/program files (x86)/codesourcery/sourcery_codebench_lite_for_arm_eabi/bin/../lib/gcc/arm-none-eabi/4.7.2/../../../../arm-none-eabi/lib/thumb2\libc.a(lib_a-sbrkr.o)
                              c:/program files (x86)/codesourcery/sourcery_codebench_lite_for_arm_eabi/bin/../lib/gcc/arm-none-eabi/4.7.2/../../../../arm-none-eabi/lib/thumb2\libc.a(lib_a-mallocr.o) (_sbrk_r)
c:/program files (x86)/codesourcery/sourcery_codebench_lite_for_arm_eabi/bin/../lib/gcc/arm-none-eabi/4.7.2/../../../../arm-none-eabi/lib/thumb2\libc.a(lib_a-sprintf.o)
[...]
Memory Configuration

Name             Origin             Length             Attributes
FLASH            0x08000000         0x00040000         xr
RAM              0x20000000         0x00010000         xrw
MEMORY_B1        0x60000000         0x00000000         xr
*default*        0x00000000         0xffffffff

Linker script and memory map

LOAD c:/program files (x86)/codesourcery/sourcery_codebench_lite_for_arm_eabi/bin/../lib/gcc/arm-none-eabi/4.7.2/thumb2/crti.o
LOAD c:/program files (x86)/codesourcery/sourcery_codebench_lite_for_arm_eabi/bin/../lib/gcc/arm-none-eabi/4.7.2/thumb2/crtbegin.o
LOAD ./src/EEprom.o
LOAD ./src/HC05.o
LOAD ./src/IRsensor.o
LOAD ./src/command.o
LOAD ./src/delay.o
LOAD ./src/main.o
LOAD ./src/mainboot.o
LOAD ./src/printf-stdarg.o
LOAD ./src/queue.o
LOAD ./src/startup_stm32f10x_hd.o
LOAD ./src/stm32f10x_it.o
LOAD ./src/syscalls.o
LOAD ./src/system_stm32f10x.o
LOAD ./src/xprintf.o
LOAD ./Libraries/STM32F10x_StdPeriph_Driver/src/misc.o
LOAD ./Libraries/STM32F10x_StdPeriph_Driver/src/stm32f10x_adc.o
LOAD ./Libraries/STM32F10x_StdPeriph_Driver/src/stm32f10x_bkp.o
LOAD ./Libraries/STM32F10x_StdPeriph_Driver/src/stm32f10x_can.o
LOAD ./Libraries/STM32F10x_StdPeriph_Driver/src/stm32f10x_cec.o
LOAD ./Libraries/STM32F10x_StdPeriph_Driver/src/stm32f10x_crc.o
LOAD ./Libraries/STM32F10x_StdPeriph_Driver/src/stm32f10x_dac.o
LOAD ./Libraries/STM32F10x_StdPeriph_Driver/src/stm32f10x_dbgmcu.o
LOAD ./Libraries/STM32F10x_StdPeriph_Driver/src/stm32f10x_dma.o
LOAD ./Libraries/STM32F10x_StdPeriph_Driver/src/stm32f10x_exti.o
LOAD ./Libraries/STM32F10x_StdPeriph_Driver/src/stm32f10x_flash.o
LOAD ./Libraries/STM32F10x_StdPeriph_Driver/src/stm32f10x_fsmc.o
LOAD ./Libraries/STM32F10x_StdPeriph_Driver/src/stm32f10x_gpio.o
LOAD ./Libraries/STM32F10x_StdPeriph_Driver/src/stm32f10x_i2c.o
LOAD ./Libraries/STM32F10x_StdPeriph_Driver/src/stm32f10x_iwdg.o
LOAD ./Libraries/STM32F10x_StdPeriph_Driver/src/stm32f10x_pwr.o
LOAD ./Libraries/STM32F10x_StdPeriph_Driver/src/stm32f10x_rcc.o
LOAD ./Libraries/STM32F10x_StdPeriph_Driver/src/stm32f10x_rtc.o
LOAD ./Libraries/STM32F10x_StdPeriph_Driver/src/stm32f10x_sdio.o
LOAD ./Libraries/STM32F10x_StdPeriph_Driver/src/stm32f10x_spi.o
LOAD ./Libraries/STM32F10x_StdPeriph_Driver/src/stm32f10x_tim.o
LOAD ./Libraries/STM32F10x_StdPeriph_Driver/src/stm32f10x_usart.o
LOAD ./Libraries/STM32F10x_StdPeriph_Driver/src/stm32f10x_wwdg.o
LOAD c:/program files (x86)/codesourcery/sourcery_codebench_lite_for_arm_eabi/bin/../lib/gcc/arm-none-eabi/4.7.2/../../../../arm-none-eabi/lib/thumb2\libm.a
START GROUP
LOAD c:/program files (x86)/codesourcery/sourcery_codebench_lite_for_arm_eabi/bin/../lib/gcc/arm-none-eabi/4.7.2/thumb2\libgcc.a
LOAD c:/program files (x86)/codesourcery/sourcery_codebench_lite_for_arm_eabi/bin/../lib/gcc/arm-none-eabi/4.7.2/../../../../arm-none-eabi/lib/thumb2\libc.a
END GROUP
LOAD c:/program files (x86)/codesourcery/sourcery_codebench_lite_for_arm_eabi/bin/../lib/gcc/arm-none-eabi/4.7.2/thumb2/crtend.o
LOAD c:/program files (x86)/codesourcery/sourcery_codebench_lite_for_arm_eabi/bin/../lib/gcc/arm-none-eabi/4.7.2/thumb2/crtn.o
                0x20010000                _estack = 0x20010000
                0x00000000                _Min_Heap_Size = 0x0
                0x00000200                _Min_Stack_Size = 0x200

.isr_vector     0x08000000      0x1e4
                0x08000000                . = ALIGN (0x4)
 *(.isr_vector)
 .isr_vector    0x08000000      0x1e4 ./src/startup_stm32f10x_hd.o
                0x08000000                g_pfnVectors
                0x080001e4                . = ALIGN (0x4)

.eh_frame       0x080001e4        0x0
 .eh_frame      0x080001e4        0x0 c:/program files (x86)/codesourcery/sourcery_codebench_lite_for_arm_eabi/bin/../lib/gcc/arm-none-eabi/4.7.2/thumb2/crtbegin.o

.text           0x080001e8     0xee5c
                0x080001e8                . = ALIGN (0x4)
 *(.text)
 .text          0x080001e8       0xc8 c:/program files (x86)/codesourcery/sourcery_codebench_lite_for_arm_eabi/bin/../lib/gcc/arm-none-eabi/4.7.2/thumb2/crtbegin.o
 .text          0x080002b0      0x620 ./src/HC05.o
                0x080002b0                UART4_PutC
                0x080002e4                UART4_PutS
                0x08000310                UART4_getC
                0x0800036c                UART4_getS
                0x080003d4                HC05_Get_Connected
                0x080003fc                HC05_TestOk
                0x08000440                HC05_check
                0x080004e4                HC05_Reset
                0x08000560                HC05_SetPassword
                0x08000664                HC05_SetName
                0x08000774                HC05_SetUsart
                0x0800080c                HC05_seting
                0x08000848                HC05_SetingMode
                0x08000858                HC05_NormalMode
                0x08000874                HC05_init
                0x08000880                HC05_WorkingMode
                0x08000890                HC05_change_baudrate
                0x080008a4                HC05_SendData
 .text          0x080008d0      0xac4 ./src/command.o
                0x080008d0                CharToHex
                0x08000a50                HexToChar
                0x08000af8                append_int
                0x08000b84                append_char
                0x08000bac                append_hex
                0x08000c00                append_hex_long
                0x08000cd4                append_sign
                0x08000cfc                next_char
                0x08000d3c                create_v3
                0x08000f84                server_on_command
 .text          0x08001394       0x70 ./src/delay.o
                0x08001394                delay_us
                0x080013d4                delay_ms
 .text          0x08001404      0x658 ./src/main.o
                0x080014d0                PC_USART_Init
                0x08001550                Bluetooth_USART
                0x080015ac                EXTI9_5_Config
                0x0800163c                TIM2_base_Configuration
                0x080019b0                USART1_PutC
                0x080019e4                main
 .text          0x08001a5c      0x388 ./src/mainboot.o
                0x08001a84                taxi_cal
                0x08001ac4                process_data
                0x08001b50                Time_Regulate
                0x08001b94                Time_Adjust
                0x08001bb0                Time_Display
                0x08001bf0                Time_Show
                0x08001bfc                RTC_Configuration
                0x08001c5c                set_time_RTC
                0x08001cc4                Main_Menu
 .text          0x08001de4      0xac0 ./src/printf-stdarg.o
                0x08001fa4                mini_vsnprintf
                0x08002208                mini_snprintf
                0x0800223c                ustrncpy
                0x080022b4                uvsnprintf
                0x08002870                usnprintf
 .text          0x080028a4      0x47c ./src/stm32f10x_it.o
                0x080028a4                SysTick_Handler
                0x08002a84                TIM2_IRQHandler
                0x08002b90                USART1_IRQHandler
                0x08002c34                UART4_IRQHandler
                0x08002cf4                EXTI9_5_IRQHandler
 .text          0x08002d20      0x10c ./src/syscalls.o
                0x08002d20                _sbrk
                0x08002d60                link
                0x08002d7c                _close
                0x08002d94                _fstat
                0x08002db8                _isatty
                0x08002dd0                _lseek
                0x08002dec                _read
                0x08002e08                _write
                0x08002e24                abort
 .text          0x08002e2c      0x260 ./src/system_stm32f10x.o
                0x08002e2c                SystemInit
                0x08002e94                SystemCoreClockUpdate
 .text          0x0800308c      0x5fc ./src/xprintf.o
                0x0800308c                xputc
                0x080030d4                xputs
                0x08003100                xfputs
                0x080034d4                xprintf
                0x080034f8                xsprintf
                0x0800353c                xfprintf
                0x08003578                put_dump
 .text          0x08003688      0x19c ./Libraries/STM32F10x_StdPeriph_Driver/src/misc.o
                0x08003688                NVIC_PriorityGroupConfig
                0x080036ac                NVIC_Init
                0x08003780                NVIC_SetVectorTable
                0x080037ac                NVIC_SystemLPConfig
                0x080037ec                SysTick_CLKSourceConfig
 .text          0x08003824      0x1c8 ./Libraries/STM32F10x_StdPeriph_Driver/src/stm32f10x_bkp.o
                0x08003824                BKP_DeInit
                0x0800383c                BKP_TamperPinLevelConfig
                0x0800385c                BKP_TamperPinCmd
                0x0800387c                BKP_ITConfig
                0x0800389c                BKP_RTCOutputConfig
                0x080038d8                BKP_SetRTCCalibrationValue
                0x08003914                BKP_WriteBackupRegister
                0x08003948                BKP_ReadBackupRegister
                0x0800397c                BKP_GetFlagStatus
                0x08003994                BKP_ClearFlag
                0x080039b4                BKP_GetITStatus
                0x080039cc                BKP_ClearITPendingBit
 .text          0x080039ec      0x23c ./Libraries/STM32F10x_StdPeriph_Driver/src/stm32f10x_exti.o
                0x080039ec                EXTI_DeInit
                0x08003a24                EXTI_Init
                0x08003b0c                EXTI_StructInit
                0x08003b40                EXTI_GenerateSWInterrupt
                0x08003b64                EXTI_GetFlagStatus
                0x08003ba0                EXTI_ClearFlag
                0x08003bbc                EXTI_GetITStatus
                0x08003c0c                EXTI_ClearITPendingBit
 .text          0x08003c28      0x6ac ./Libraries/STM32F10x_StdPeriph_Driver/src/stm32f10x_gpio.o
                0x08003c28                GPIO_DeInit
                0x08003d40                GPIO_AFIODeInit
                0x08003d60                GPIO_Init
                0x08003f10                GPIO_StructInit
                0x08003f3c                GPIO_ReadInputDataBit
                0x08003f78                GPIO_ReadInputData
                0x08003f94                GPIO_ReadOutputDataBit
                0x08003fd0                GPIO_ReadOutputData
                0x08003fec                GPIO_SetBits
                0x08004008                GPIO_ResetBits
                0x08004024                GPIO_WriteBit
                0x08004054                GPIO_Write
                0x08004070                GPIO_PinLockConfig
                0x080040b4                GPIO_EventOutputConfig
                0x08004100                GPIO_EventOutputCmd
                0x08004120                GPIO_PinRemapConfig
                0x08004220                GPIO_EXTILineConfig
                0x080042b8                GPIO_ETH_MediaInterfaceConfig
 .text          0x080042d4      0x1b8 ./Libraries/STM32F10x_StdPeriph_Driver/src/stm32f10x_pwr.o
                0x080042d4                PWR_DeInit
                0x080042f4                PWR_BackupAccessCmd
                0x08004314                PWR_PVDCmd
                0x08004334                PWR_PVDLevelConfig
                0x0800436c                PWR_WakeUpPinCmd
                0x0800438c                PWR_EnterSTOPMode
                0x080043f0                PWR_EnterSTANDBYMode
                0x08004428                PWR_GetFlagStatus
                0x08004464                PWR_ClearFlag
 .text          0x0800448c      0x840 ./Libraries/STM32F10x_StdPeriph_Driver/src/stm32f10x_rcc.o
                0x0800448c                RCC_DeInit
                0x080044e8                RCC_HSEConfig
                0x08004544                RCC_WaitForHSEStartUp
                0x080045a8                RCC_AdjustHSICalibrationValue
                0x080045e8                RCC_HSICmd
                0x08004608                RCC_PLLConfig
                0x08004648                RCC_PLLCmd
                0x08004668                RCC_SYSCLKConfig
                0x080046a0                RCC_GetSYSCLKSource
                0x080046bc                RCC_HCLKConfig
                0x080046f4                RCC_PCLK1Config
                0x0800472c                RCC_PCLK2Config
                0x08004768                RCC_ITConfig
                0x080047b4                RCC_USBCLKConfig
                0x080047d0                RCC_ADCCLKConfig
                0x08004808                RCC_LSEConfig
                0x08004854                RCC_LSICmd
                0x08004874                RCC_RTCCLKConfig
                0x08004898                RCC_RTCCLKCmd
                0x080048b8                RCC_GetClocksFreq
                0x08004a34                RCC_AHBPeriphClockCmd
                0x08004a74                RCC_APB2PeriphClockCmd
                0x08004ab4                RCC_APB1PeriphClockCmd
                0x08004af4                RCC_APB2PeriphResetCmd
                0x08004b34                RCC_APB1PeriphResetCmd
                0x08004b74                RCC_BackupResetCmd
                0x08004b94                RCC_ClockSecuritySystemCmd
                0x08004bb4                RCC_MCOConfig
                0x08004bd4                RCC_GetFlagStatus
                0x08004c54                RCC_ClearFlag
                0x08004c70                RCC_GetITStatus
                0x08004cac                RCC_ClearITPendingBit
 .text          0x08004ccc      0x300 ./Libraries/STM32F10x_StdPeriph_Driver/src/stm32f10x_rtc.o
                0x08004ccc                RTC_ITConfig
                0x08004d18                RTC_EnterConfigMode
                0x08004d38                RTC_ExitConfigMode
                0x08004d58                RTC_GetCounter
                0x08004db4                RTC_SetCounter
                0x08004de4                RTC_SetPrescaler
                0x08004e18                RTC_SetAlarm
                0x08004e48                RTC_GetDivider
                0x08004e84                RTC_WaitForLastTask
                0x08004ea4                RTC_WaitForSynchro
                0x08004ed4                RTC_GetFlagStatus
                0x08004f14                RTC_ClearFlag
                0x08004f44                RTC_GetITStatus
                0x08004f9c                RTC_ClearITPendingBit
 .text          0x08004fcc     0x1f4c ./Libraries/STM32F10x_StdPeriph_Driver/src/stm32f10x_tim.o
                0x08004fcc                TIM_DeInit
                0x0800525c                TIM_TimeBaseInit
                0x08005358                TIM_OC1Init
                0x08005474                TIM_OC2Init
                0x08005598                TIM_OC3Init
                0x080056b4                TIM_OC4Init
                0x08005790                TIM_ICInit
                0x08005838                TIM_PWMIConfig
                0x080058fc                TIM_BDTRConfig
                0x0800594c                TIM_TimeBaseStructInit
                0x08005988                TIM_OCStructInit
                0x080059dc                TIM_ICStructInit
                0x08005a18                TIM_BDTRStructInit
                0x08005a64                TIM_Cmd
                0x08005aa4                TIM_CtrlPWMOutputs
                0x08005af4                TIM_ITConfig
                0x08005b3c                TIM_GenerateEvent
                0x08005b58                TIM_DMAConfig
                0x08005b80                TIM_DMACmd
                0x08005bc8                TIM_InternalClockConfig
                0x08005bec                TIM_ITRxExternalClockConfig
                0x08005c1c                TIM_TIxExternalClockConfig
                0x08005c74                TIM_ETRClockMode1Config
                0x08005cc8                TIM_ETRClockMode2Config
                0x08005cfc                TIM_ETRConfig
                0x08005d48                TIM_PrescalerConfig
                0x08005d70                TIM_CounterModeConfig
                0x08005da8                TIM_SelectInputTrigger
                0x08005de0                TIM_EncoderInterfaceConfig
                0x08005e74                TIM_ForcedOC1Config
                0x08005eac                TIM_ForcedOC2Config
                0x08005eec                TIM_ForcedOC3Config
                0x08005f24                TIM_ForcedOC4Config
                0x08005f64                TIM_ARRPreloadConfig
                0x08005fa4                TIM_SelectCOM
                0x08005fe4                TIM_SelectCCDMA
                0x08006024                TIM_CCPreloadControl
                0x08006064                TIM_OC1PreloadConfig
                0x0800609c                TIM_OC2PreloadConfig
                0x080060dc                TIM_OC3PreloadConfig
                0x08006114                TIM_OC4PreloadConfig
                0x08006154                TIM_OC1FastConfig
                0x0800618c                TIM_OC2FastConfig
                0x080061cc                TIM_OC3FastConfig
                0x08006204                TIM_OC4FastConfig
                0x08006244                TIM_ClearOC1Ref
                0x0800627c                TIM_ClearOC2Ref
                0x080062c0                TIM_ClearOC3Ref
                0x080062f8                TIM_ClearOC4Ref
                0x0800633c                TIM_OC1PolarityConfig
                0x08006374                TIM_OC1NPolarityConfig
                0x080063ac                TIM_OC2PolarityConfig
                0x080063ec                TIM_OC2NPolarityConfig
                0x0800642c                TIM_OC3PolarityConfig
                0x0800646c                TIM_OC3NPolarityConfig
                0x080064ac                TIM_OC4PolarityConfig
                0x080064ec                TIM_CCxCmd
                0x08006548                TIM_CCxNCmd
                0x080065a4                TIM_SelectOCxM
                0x08006660                TIM_UpdateDisableConfig
                0x080066a0                TIM_UpdateRequestConfig
                0x080066e0                TIM_SelectHallSensor
                0x08006720                TIM_SelectOnePulseMode
                0x08006758                TIM_SelectOutputTrigger
                0x08006790                TIM_SelectSlaveMode
                0x080067c8                TIM_SelectMasterSlaveMode
                0x08006800                TIM_SetCounter
                0x0800681c                TIM_SetAutoreload
                0x08006838                TIM_SetCompare1
                0x08006854                TIM_SetCompare2
                0x08006870                TIM_SetCompare3
                0x0800688c                TIM_SetCompare4
                0x080068ac                TIM_SetIC1Prescaler
                0x080068e4                TIM_SetIC2Prescaler
                0x08006920                TIM_SetIC3Prescaler
                0x08006958                TIM_SetIC4Prescaler
                0x08006994                TIM_SetClockDivision
                0x080069cc                TIM_GetCapture1
                0x080069e8                TIM_GetCapture2
                0x08006a04                TIM_GetCapture3
                0x08006a20                TIM_GetCapture4
                0x08006a3c                TIM_GetCounter
                0x08006a58                TIM_GetPrescaler
                0x08006a74                TIM_GetFlagStatus
                0x08006ab4                TIM_ClearFlag
                0x08006ad8                TIM_GetITStatus
                0x08006b38                TIM_ClearITPendingBit
 .text          0x08006f18      0x99c ./Libraries/STM32F10x_StdPeriph_Driver/src/stm32f10x_usart.o
                0x08006f18                USART_DeInit
                0x08006fe4                USART_Init
                0x08007180                USART_StructInit
                0x080071c4                USART_ClockInit
                0x0800721c                USART_ClockStructInit
                0x08007250                USART_Cmd
                0x08007290                USART_ITConfig
                0x08007334                USART_DMACmd
                0x0800737c                USART_SetAddress
                0x080073b4                USART_WakeUpConfig
                0x080073ec                USART_ReceiverWakeUpCmd
                0x0800742c                USART_LINBreakDetectLengthConfig
                0x08007464                USART_LINCmd
                0x080074a4                USART_SendData
                0x080074cc                USART_ReceiveData
                0x080074f0                USART_SendBreak
                0x08007514                USART_SetGuardTime
                0x08007550                USART_SetPrescaler
                0x08007588                USART_SmartCardCmd
                0x080075c8                USART_SmartCardNACKCmd
                0x08007608                USART_HalfDuplexCmd
                0x08007648                USART_OverSampling8Cmd
                0x08007690                USART_OneBitMethodCmd
                0x080076d0                USART_IrDAConfig
                0x08007708                USART_IrDACmd
                0x08007748                USART_GetFlagStatus
                0x08007788                USART_ClearFlag
                0x080077ac                USART_GetITStatus
                0x08007870                USART_ClearITPendingBit
 .text          0x080078b4       0x3c c:/program files (x86)/codesourcery/sourcery_codebench_lite_for_arm_eabi/bin/../lib/gcc/arm-none-eabi/4.7.2/../../../../arm-none-eabi/lib/thumb2\libc.a(lib_a-asctime.o)
                0x080078b4                asctime
 .text          0x080078f0       0x60 c:/program files (x86)/codesourcery/sourcery_codebench_lite_for_arm_eabi/bin/../lib/gcc/arm-none-eabi/4.7.2/../../../../arm-none-eabi/lib/thumb2\libc.a(lib_a-asctime_r.o)
                0x080078f0                asctime_r
 .text          0x08007950       0x10 c:/program files (x86)/codesourcery/sourcery_codebench_lite_for_arm_eabi/bin/../lib/gcc/arm-none-eabi/4.7.2/../../../../arm-none-eabi/lib/thumb2\libc.a(lib_a-atoi.o)
                0x08007950                atoi
                0x08007958                _atoi_r
 .text          0x08007960       0x2c c:/program files (x86)/codesourcery/sourcery_codebench_lite_for_arm_eabi/bin/../lib/gcc/arm-none-eabi/4.7.2/../../../../arm-none-eabi/lib/thumb2\libc.a(lib_a-lcltime.o)
                0x08007960                localtime
 .text          0x0800798c        0x8 c:/program files (x86)/codesourcery/sourcery_codebench_lite_for_arm_eabi/bin/../lib/gcc/arm-none-eabi/4.7.2/../../../../arm-none-eabi/lib/thumb2\libc.a(lib_a-lcltime_r.o)
                0x0800798c                localtime_r
 .text          0x08007994       0x20 c:/program files (x86)/codesourcery/sourcery_codebench_lite_for_arm_eabi/bin/../lib/gcc/arm-none-eabi/4.7.2/../../../../arm-none-eabi/lib/thumb2\libc.a(lib_a-malloc.o)
                0x08007994                malloc
                0x080079a4                free
 .text          0x080079b4      0x598 c:/program files (x86)/codesourcery/sourcery_codebench_lite_for_arm_eabi/bin/../lib/gcc/arm-none-eabi/4.7.2/../../../../arm-none-eabi/lib/thumb2\libc.a(lib_a-mallocr.o)
                0x080079b4                _malloc_r
 .text          0x08007f4c       0x60 c:/program files (x86)/codesourcery/sourcery_codebench_lite_for_arm_eabi/bin/../lib/gcc/arm-none-eabi/4.7.2/../../../../arm-none-eabi/lib/thumb2\libc.a(lib_a-memccpy.o)
                0x08007f4c                memccpy
 .text          0x08007fac      0x174 c:/program files (x86)/codesourcery/sourcery_codebench_lite_for_arm_eabi/bin/../lib/gcc/arm-none-eabi/4.7.2/../../../../arm-none-eabi/lib/thumb2\libc.a(lib_a-memcpy.o)
                0x08007fac                memcpy
 .text          0x08008120       0xcc c:/program files (x86)/codesourcery/sourcery_codebench_lite_for_arm_eabi/bin/../lib/gcc/arm-none-eabi/4.7.2/../../../../arm-none-eabi/lib/thumb2\libc.a(lib_a-memset.o)
                0x08008120                memset
 .text          0x080081ec      0x4a0 c:/program files (x86)/codesourcery/sourcery_codebench_lite_for_arm_eabi/bin/../lib/gcc/arm-none-eabi/4.7.2/../../../../arm-none-eabi/lib/thumb2\libc.a(lib_a-mktime.o)
                0x08008408                mktime
 .text          0x0800868c      0x500 c:/program files (x86)/codesourcery/sourcery_codebench_lite_for_arm_eabi/bin/../lib/gcc/arm-none-eabi/4.7.2/../../../../arm-none-eabi/lib/thumb2\libc.a(lib_a-mktm_r.o)
                0x0800868c                __tzcalc_limits
                0x08008828                _mktm_r
 .text          0x08008b8c        0x8 c:/program files (x86)/codesourcery/sourcery_codebench_lite_for_arm_eabi/bin/../lib/gcc/arm-none-eabi/4.7.2/../../../../arm-none-eabi/lib/thumb2\libc.a(lib_a-mlock.o)
                0x08008b8c                __malloc_lock
                0x08008b90                __malloc_unlock
 .text          0x08008b94       0x28 c:/program files (x86)/codesourcery/sourcery_codebench_lite_for_arm_eabi/bin/../lib/gcc/arm-none-eabi/4.7.2/../../../../arm-none-eabi/lib/thumb2\libc.a(lib_a-sbrkr.o)
                0x08008b94                _sbrk_r
 .text          0x08008bbc       0x94 c:/program files (x86)/codesourcery/sourcery_codebench_lite_for_arm_eabi/bin/../lib/gcc/arm-none-eabi/4.7.2/../../../../arm-none-eabi/lib/thumb2\libc.a(lib_a-sprintf.o)
                0x08008bbc                _sprintf_r
                0x08008c00                sprintf
 .text          0x08008c50      0x100 c:/program files (x86)/codesourcery/sourcery_codebench_lite_for_arm_eabi/bin/../lib/gcc/arm-none-eabi/4.7.2/../../../../arm-none-eabi/lib/thumb2\libc.a(lib_a-strchr.o)
                0x08008c50                strchr
 .text          0x08008d50      0x1dc c:/program files (x86)/codesourcery/sourcery_codebench_lite_for_arm_eabi/bin/../lib/gcc/arm-none-eabi/4.7.2/../../../../arm-none-eabi/lib/thumb2\libc.a(lib_a-strcmp.o)
                0x08008d50                strcmp
 .text          0x08008f2c       0x60 c:/program files (x86)/codesourcery/sourcery_codebench_lite_for_arm_eabi/bin/../lib/gcc/arm-none-eabi/4.7.2/../../../../arm-none-eabi/lib/thumb2\libc.a(lib_a-strlen.o)
                0x08008f2c                strlen
 .text          0x08008f8c      0x160 c:/program files (x86)/codesourcery/sourcery_codebench_lite_for_arm_eabi/bin/../lib/gcc/arm-none-eabi/4.7.2/../../../../arm-none-eabi/lib/thumb2\libc.a(lib_a-strtol.o)
                0x08008f8c                _strtol_r
                0x080090d0                strtol
 .text          0x080090ec     0x1538 c:/program files (x86)/codesourcery/sourcery_codebench_lite_for_arm_eabi/bin/../lib/gcc/arm-none-eabi/4.7.2/../../../../arm-none-eabi/lib/thumb2\libc.a(lib_a-svfprintf.o)
                0x080090ec                _svfprintf_r
 .text          0x0800a624        0x8 c:/program files (x86)/codesourcery/sourcery_codebench_lite_for_arm_eabi/bin/../lib/gcc/arm-none-eabi/4.7.2/../../../../arm-none-eabi/lib/thumb2\libc.a(lib_a-tzlock.o)
                0x0800a624                __tz_lock
                0x0800a628                __tz_unlock
 .text          0x0800a62c       0x3c c:/program files (x86)/codesourcery/sourcery_codebench_lite_for_arm_eabi/bin/../lib/gcc/arm-none-eabi/4.7.2/../../../../arm-none-eabi/lib/thumb2\libc.a(lib_a-div.o)
                0x0800a62c                div
 .text          0x0800a668     0x1068 c:/program files (x86)/codesourcery/sourcery_codebench_lite_for_arm_eabi/bin/../lib/gcc/arm-none-eabi/4.7.2/../../../../arm-none-eabi/lib/thumb2\libc.a(lib_a-dtoa.o)
                0x0800a7a0                _dtoa_r
 .text          0x0800b6d0      0x238 c:/program files (x86)/codesourcery/sourcery_codebench_lite_for_arm_eabi/bin/../lib/gcc/arm-none-eabi/4.7.2/../../../../arm-none-eabi/lib/thumb2\libc.a(lib_a-freer.o)
                0x0800b6d0                _malloc_trim_r
                0x0800b774                _free_r
 .text          0x0800b908        0xc c:/program files (x86)/codesourcery/sourcery_codebench_lite_for_arm_eabi/bin/../lib/gcc/arm-none-eabi/4.7.2/../../../../arm-none-eabi/lib/thumb2\libc.a(lib_a-gettzinfo.o)
                0x0800b908                __gettzinfo
 .text          0x0800b914       0x9c c:/program files (x86)/codesourcery/sourcery_codebench_lite_for_arm_eabi/bin/../lib/gcc/arm-none-eabi/4.7.2/../../../../arm-none-eabi/lib/thumb2\libc.a(lib_a-locale.o)
                0x0800b914                _setlocale_r
                0x0800b968                __locale_charset
                0x0800b974                __locale_mb_cur_max
                0x0800b980                __locale_msgcharset
                0x0800b988                __locale_cjk_lang
                0x0800b98c                _localeconv_r
                0x0800b994                setlocale
                0x0800b9a8                localeconv
 .text          0x0800b9b0       0x94 c:/program files (x86)/codesourcery/sourcery_codebench_lite_for_arm_eabi/bin/../lib/gcc/arm-none-eabi/4.7.2/../../../../arm-none-eabi/lib/thumb2\libc.a(lib_a-memchr.o)
                0x0800b9b0                memchr
 .text          0x0800ba44      0x910 c:/program files (x86)/codesourcery/sourcery_codebench_lite_for_arm_eabi/bin/../lib/gcc/arm-none-eabi/4.7.2/../../../../arm-none-eabi/lib/thumb2\libc.a(lib_a-mprec.o)
                0x0800ba44                _Balloc
                0x0800bab0                _Bfree
                0x0800bae8                __multadd
                0x0800bb70                __s2b
                0x0800bc08                __hi0bits
                0x0800bc44                __lo0bits
                0x0800bca0                __i2b
                0x0800bcb4                __multiply
                0x0800bdf0                __pow5mult
                0x0800be94                __lshift
                0x0800bf48                __mcmp
                0x0800bf84                __mdiff
                0x0800c070                __ulp
                0x0800c0b4                __b2d
                0x0800c164                __d2b
                0x0800c220                __ratio
                0x0800c280                _mprec_log10
                0x0800c2b4                __copybits
                0x0800c2fc                __any_on
 .text          0x0800c354       0x50 c:/program files (x86)/codesourcery/sourcery_codebench_lite_for_arm_eabi/bin/../lib/gcc/arm-none-eabi/4.7.2/../../../../arm-none-eabi/lib/thumb2\libc.a(lib_a-s_fpclassify.o)
                0x0800c354                __fpclassifyd
 .text          0x0800c3a4      0xbbc c:/program files (x86)/codesourcery/sourcery_codebench_lite_for_arm_eabi/bin/../lib/gcc/arm-none-eabi/4.7.2/../../../../arm-none-eabi/lib/thumb2\libc.a(lib_a-svfiprintf.o)
                0x0800c3a4                __ssprint_r
                0x0800c4b0                _svfiprintf_r
 .text          0x0800cf60       0x60 c:/program files (x86)/codesourcery/sourcery_codebench_lite_for_arm_eabi/bin/../lib/gcc/arm-none-eabi/4.7.2/../../../../arm-none-eabi/lib/thumb2\libc.a(lib_a-callocr.o)
                0x0800cf60                _calloc_r
 .text          0x0800cfc0       0xcc c:/program files (x86)/codesourcery/sourcery_codebench_lite_for_arm_eabi/bin/../lib/gcc/arm-none-eabi/4.7.2/../../../../arm-none-eabi/lib/thumb2\libc.a(lib_a-memmove.o)
                0x0800cfc0                memmove
 .text          0x0800d08c      0x3cc c:/program files (x86)/codesourcery/sourcery_codebench_lite_for_arm_eabi/bin/../lib/gcc/arm-none-eabi/4.7.2/../../../../arm-none-eabi/lib/thumb2\libc.a(lib_a-reallocr.o)
                0x0800d08c                _realloc_r
 .text          0x0800d458      0x278 c:/program files (x86)/codesourcery/sourcery_codebench_lite_for_arm_eabi/bin/../lib/gcc/arm-none-eabi/4.7.2/thumb2\libgcc.a(_udivsi3.o)
                0x0800d458                __aeabi_uidiv
                0x0800d458                __udivsi3
                0x0800d6b4                __aeabi_uidivmod
 .text          0x0800d6d0      0x2b0 c:/program files (x86)/codesourcery/sourcery_codebench_lite_for_arm_eabi/bin/../lib/gcc/arm-none-eabi/4.7.2/thumb2\libgcc.a(_divsi3.o)
                0x0800d6d0                __divsi3
                0x0800d6d0                __aeabi_idiv
                0x0800d964                __aeabi_idivmod
 .text          0x0800d980        0x4 c:/program files (x86)/codesourcery/sourcery_codebench_lite_for_arm_eabi/bin/../lib/gcc/arm-none-eabi/4.7.2/thumb2\libgcc.a(_dvmd_tls.o)
                0x0800d980                __aeabi_idiv0
                0x0800d980                __aeabi_ldiv0
 .text          0x0800d984      0x370 c:/program files (x86)/codesourcery/sourcery_codebench_lite_for_arm_eabi/bin/../lib/gcc/arm-none-eabi/4.7.2/thumb2\libgcc.a(_arm_addsubdf3.o)
                0x0800d984                __aeabi_drsub
                0x0800d98c                __aeabi_dsub
                0x0800d98c                __subdf3
                0x0800d990                __aeabi_dadd
                0x0800d990                __adddf3
                0x0800dc08                __floatunsidf
                0x0800dc08                __aeabi_ui2d
                0x0800dc28                __floatsidf
                0x0800dc28                __aeabi_i2d
                0x0800dc4c                __aeabi_f2d
                0x0800dc4c                __extendsfdf2
                0x0800dc88                __floatundidf
                0x0800dc88                __aeabi_ul2d
                0x0800dc98                __floatdidf
                0x0800dc98                __aeabi_l2d
 .text          0x0800dcf4      0x424 c:/program files (x86)/codesourcery/sourcery_codebench_lite_for_arm_eabi/bin/../lib/gcc/arm-none-eabi/4.7.2/thumb2\libgcc.a(_arm_muldivdf3.o)
                0x0800dcf4                __aeabi_dmul
                0x0800dcf4                __muldf3
                0x0800df48                __divdf3
                0x0800df48                __aeabi_ddiv
 .text          0x0800e118      0x110 c:/program files (x86)/codesourcery/sourcery_codebench_lite_for_arm_eabi/bin/../lib/gcc/arm-none-eabi/4.7.2/thumb2\libgcc.a(_arm_cmpdf2.o)
                0x0800e118                __gtdf2
                0x0800e118                __gedf2
                0x0800e120                __ltdf2
                0x0800e120                __ledf2
                0x0800e128                __nedf2
                0x0800e128                __eqdf2
                0x0800e128                __cmpdf2
                0x0800e1a4                __aeabi_cdrcmple
                0x0800e1b4                __aeabi_cdcmpeq
                0x0800e1b4                __aeabi_cdcmple
                0x0800e1c4                __aeabi_dcmpeq
                0x0800e1d8                __aeabi_dcmplt
                0x0800e1ec                __aeabi_dcmple
                0x0800e200                __aeabi_dcmpge
                0x0800e214                __aeabi_dcmpgt
 .text          0x0800e228       0x50 c:/program files (x86)/codesourcery/sourcery_codebench_lite_for_arm_eabi/bin/../lib/gcc/arm-none-eabi/4.7.2/thumb2\libgcc.a(_arm_fixdfsi.o)
                0x0800e228                __aeabi_d2iz
                0x0800e228                __fixdfsi
 .text          0x0800e278       0x2c c:/program files (x86)/codesourcery/sourcery_codebench_lite_for_arm_eabi/bin/../lib/gcc/arm-none-eabi/4.7.2/thumb2\libgcc.a(_aeabi_uldivmod.o)
                0x0800e278                __aeabi_uldivmod
 .text          0x0800e2a4       0x60 c:/program files (x86)/codesourcery/sourcery_codebench_lite_for_arm_eabi/bin/../lib/gcc/arm-none-eabi/4.7.2/thumb2\libgcc.a(bpabi.o)
                0x0800e2a4                __gnu_ldivmod_helper
                0x0800e2d4                __gnu_uldivmod_helper
 .text          0x0800e304      0x36c c:/program files (x86)/codesourcery/sourcery_codebench_lite_for_arm_eabi/bin/../lib/gcc/arm-none-eabi/4.7.2/thumb2\libgcc.a(_divdi3.o)
                0x0800e304                __divdi3
 .text          0x0800e670      0x314 c:/program files (x86)/codesourcery/sourcery_codebench_lite_for_arm_eabi/bin/../lib/gcc/arm-none-eabi/4.7.2/thumb2\libgcc.a(_udivdi3.o)
                0x0800e670                __udivdi3
 *(.text*)
 .text.Reset_Handler
                0x0800e984       0x5c ./src/startup_stm32f10x_hd.o
                0x0800e984                Reset_Handler
 .text.SystemInit_ExtMemCtl_Dummy
                0x0800e9e0        0x2 ./src/startup_stm32f10x_hd.o
                0x0800e9e0                SystemInit_ExtMemCtl
                0x0800e9e0                SystemInit_ExtMemCtl_Dummy
 .text.Default_Handler
                0x0800e9e2        0x4 ./src/startup_stm32f10x_hd.o
                0x0800e9e2                EXTI2_IRQHandler
                0x0800e9e2                TIM8_TRG_COM_IRQHandler
                0x0800e9e2                TIM8_CC_IRQHandler
                0x0800e9e2                DebugMon_Handler
                0x0800e9e2                TIM1_CC_IRQHandler
                0x0800e9e2                HardFault_Handler
                0x0800e9e2                TIM6_IRQHandler
                0x0800e9e2                PVD_IRQHandler
                0x0800e9e2                SDIO_IRQHandler
                0x0800e9e2                PendSV_Handler
                0x0800e9e2                NMI_Handler
                0x0800e9e2                EXTI3_IRQHandler
                0x0800e9e2                EXTI0_IRQHandler
                0x0800e9e2                I2C2_EV_IRQHandler
                0x0800e9e2                UsageFault_Handler
                0x0800e9e2                ADC1_2_IRQHandler
                0x0800e9e2                SPI1_IRQHandler
                0x0800e9e2                TAMPER_IRQHandler
                0x0800e9e2                TIM8_UP_IRQHandler
                0x0800e9e2                DMA2_Channel2_IRQHandler
                0x0800e9e2                DMA1_Channel4_IRQHandler
                0x0800e9e2                USART3_IRQHandler
                0x0800e9e2                RTC_IRQHandler
                0x0800e9e2                DMA1_Channel7_IRQHandler
                0x0800e9e2                CAN1_RX1_IRQHandler
                0x0800e9e2                UART5_IRQHandler
                0x0800e9e2                ADC3_IRQHandler
                0x0800e9e2                TIM4_IRQHandler
                0x0800e9e2                DMA2_Channel1_IRQHandler
                0x0800e9e2                I2C1_EV_IRQHandler
                0x0800e9e2                DMA1_Channel6_IRQHandler
                0x0800e9e2                TIM3_IRQHandler
                0x0800e9e2                RCC_IRQHandler
                0x0800e9e2                TIM1_TRG_COM_IRQHandler
                0x0800e9e2                DMA1_Channel1_IRQHandler
                0x0800e9e2                Default_Handler
                0x0800e9e2                EXTI15_10_IRQHandler
                0x0800e9e2                TIM7_IRQHandler
                0x0800e9e2                TIM5_IRQHandler
                0x0800e9e2                SPI2_IRQHandler
                0x0800e9e2                MemManage_Handler
                0x0800e9e2                SVC_Handler
                0x0800e9e2                DMA1_Channel5_IRQHandler
                0x0800e9e2                EXTI4_IRQHandler
                0x0800e9e2                USB_LP_CAN1_RX0_IRQHandler
                0x0800e9e2                USB_HP_CAN1_TX_IRQHandler
                0x0800e9e2                DMA1_Channel3_IRQHandler
                0x0800e9e2                FSMC_IRQHandler
                0x0800e9e2                TIM1_UP_IRQHandler
                0x0800e9e2                WWDG_IRQHandler
                0x0800e9e2                TIM1_BRK_IRQHandler
                0x0800e9e2                EXTI1_IRQHandler
                0x0800e9e2                RTCAlarm_IRQHandler
                0x0800e9e2                DMA2_Channel4_5_IRQHandler
                0x0800e9e2                USART2_IRQHandler
                0x0800e9e2                I2C2_ER_IRQHandler
                0x0800e9e2                DMA1_Channel2_IRQHandler
                0x0800e9e2                TIM8_BRK_IRQHandler
                0x0800e9e2                CAN1_SCE_IRQHandler
                0x0800e9e2                FLASH_IRQHandler
                0x0800e9e2                BusFault_Handler
                0x0800e9e2                SPI3_IRQHandler
                0x0800e9e2                I2C1_ER_IRQHandler
                0x0800e9e2                USBWakeUp_IRQHandler
                0x0800e9e2                DMA2_Channel3_IRQHandler
 *(.rodata)
 *fill*         0x0800e9e6        0x2 
 .rodata        0x0800e9e8       0x80 ./src/HC05.o
 .rodata        0x0800ea68       0x80 ./src/command.o
                0x0800ea68                HexChar
 .rodata        0x0800eae8      0x104 ./src/mainboot.o
 .rodata        0x0800ebec       0x20 ./src/printf-stdarg.o
 .rodata        0x0800ec0c        0x8 ./src/stm32f10x_it.o
 .rodata        0x0800ec14       0x20 ./src/xprintf.o
 .rodata        0x0800ec34       0x3c c:/program files (x86)/codesourcery/sourcery_codebench_lite_for_arm_eabi/bin/../lib/gcc/arm-none-eabi/4.7.2/../../../../arm-none-eabi/lib/thumb2\libc.a(lib_a-asctime_r.o)
 .rodata        0x0800ec70       0x60 c:/program files (x86)/codesourcery/sourcery_codebench_lite_for_arm_eabi/bin/../lib/gcc/arm-none-eabi/4.7.2/../../../../arm-none-eabi/lib/thumb2\libc.a(lib_a-mktime.o)
 .rodata        0x0800ecd0       0x68 c:/program files (x86)/codesourcery/sourcery_codebench_lite_for_arm_eabi/bin/../lib/gcc/arm-none-eabi/4.7.2/../../../../arm-none-eabi/lib/thumb2\libc.a(lib_a-mktm_r.o)
 .rodata        0x0800ed38       0x20 c:/program files (x86)/codesourcery/sourcery_codebench_lite_for_arm_eabi/bin/../lib/gcc/arm-none-eabi/4.7.2/../../../../arm-none-eabi/lib/thumb2\libc.a(lib_a-svfprintf.o)
 .rodata        0x0800ed58      0x104 c:/program files (x86)/codesourcery/sourcery_codebench_lite_for_arm_eabi/bin/../lib/gcc/arm-none-eabi/4.7.2/../../../../arm-none-eabi/lib/thumb2\libc.a(lib_a-ctype_.o)
                0x0800ed58                _ctype_
 *fill*         0x0800ee5c        0x4 
 .rodata        0x0800ee60      0x128 c:/program files (x86)/codesourcery/sourcery_codebench_lite_for_arm_eabi/bin/../lib/gcc/arm-none-eabi/4.7.2/../../../../arm-none-eabi/lib/thumb2\libc.a(lib_a-mprec.o)
                0x0800ee70                __mprec_tens
                0x0800ef38                __mprec_tinytens
                0x0800ef60                __mprec_bigtens
 .rodata        0x0800ef88       0x20 c:/program files (x86)/codesourcery/sourcery_codebench_lite_for_arm_eabi/bin/../lib/gcc/arm-none-eabi/4.7.2/../../../../arm-none-eabi/lib/thumb2\libc.a(lib_a-svfiprintf.o)
 *(.rodata*)
 .rodata.str1.4
                0x0800efa8       0x20 c:/program files (x86)/codesourcery/sourcery_codebench_lite_for_arm_eabi/bin/../lib/gcc/arm-none-eabi/4.7.2/../../../../arm-none-eabi/lib/thumb2\libc.a(lib_a-asctime_r.o)
 .rodata.str1.4
                0x0800efc8        0x2 c:/program files (x86)/codesourcery/sourcery_codebench_lite_for_arm_eabi/bin/../lib/gcc/arm-none-eabi/4.7.2/../../../../arm-none-eabi/lib/thumb2\libc.a(lib_a-impure.o)
                                  0x4 (size before relaxing)
 *fill*         0x0800efca        0x2 
 .rodata.str1.4
                0x0800efcc       0x42 c:/program files (x86)/codesourcery/sourcery_codebench_lite_for_arm_eabi/bin/../lib/gcc/arm-none-eabi/4.7.2/../../../../arm-none-eabi/lib/thumb2\libc.a(lib_a-svfprintf.o)
                                 0x44 (size before relaxing)
 *fill*         0x0800f00e        0x2 
 .rodata.str1.4
                0x0800f010       0x10 c:/program files (x86)/codesourcery/sourcery_codebench_lite_for_arm_eabi/bin/../lib/gcc/arm-none-eabi/4.7.2/../../../../arm-none-eabi/lib/thumb2\libc.a(lib_a-dtoa.o)
                                 0x14 (size before relaxing)
 .rodata.str1.4
                0x0800f020        0xc c:/program files (x86)/codesourcery/sourcery_codebench_lite_for_arm_eabi/bin/../lib/gcc/arm-none-eabi/4.7.2/../../../../arm-none-eabi/lib/thumb2\libc.a(lib_a-locale.o)
                                 0x14 (size before relaxing)
 .rodata.str1.4
                0x00000000       0x30 c:/program files (x86)/codesourcery/sourcery_codebench_lite_for_arm_eabi/bin/../lib/gcc/arm-none-eabi/4.7.2/../../../../arm-none-eabi/lib/thumb2\libc.a(lib_a-svfiprintf.o)
 *(.glue_7)
 .glue_7        0x00000000        0x0 linker stubs
 *(.glue_7t)
 .glue_7t       0x00000000        0x0 linker stubs
 *(.init)
 .init          0x0800f02c        0x4 c:/program files (x86)/codesourcery/sourcery_codebench_lite_for_arm_eabi/bin/../lib/gcc/arm-none-eabi/4.7.2/thumb2/crti.o
                0x0800f02c                _init
 .init          0x0800f030        0x8 c:/program files (x86)/codesourcery/sourcery_codebench_lite_for_arm_eabi/bin/../lib/gcc/arm-none-eabi/4.7.2/thumb2/crtn.o
 *(.fini)
 .fini          0x0800f038        0x4 c:/program files (x86)/codesourcery/sourcery_codebench_lite_for_arm_eabi/bin/../lib/gcc/arm-none-eabi/4.7.2/thumb2/crti.o
                0x0800f038                _fini
 .fini          0x0800f03c        0x8 c:/program files (x86)/codesourcery/sourcery_codebench_lite_for_arm_eabi/bin/../lib/gcc/arm-none-eabi/4.7.2/thumb2/crtn.o
                0x0800f044                . = ALIGN (0x4)
                0x0800f044                _etext = .

.vfp11_veneer   0x0800f044        0x0
 .vfp11_veneer  0x00000000        0x0 linker stubs

.v4_bx          0x0800f044        0x0
 .v4_bx         0x00000000        0x0 linker stubs

.iplt           0x0800f044        0x0
 .iplt          0x00000000        0x0 c:/program files (x86)/codesourcery/sourcery_codebench_lite_for_arm_eabi/bin/../lib/gcc/arm-none-eabi/4.7.2/thumb2/crtbegin.o

.ARM.extab
 *(.ARM.extab* .gnu.linkonce.armextab.*)

.ARM            0x0800f044        0x8
                0x0800f044                __exidx_start = .
 *(.ARM.exidx*)
 .ARM.exidx     0x0800f044        0x8 c:/program files (x86)/codesourcery/sourcery_codebench_lite_for_arm_eabi/bin/../lib/gcc/arm-none-eabi/4.7.2/thumb2\libgcc.a(_divdi3.o)
 .ARM.exidx     0x0800f04c        0x0 c:/program files (x86)/codesourcery/sourcery_codebench_lite_for_arm_eabi/bin/../lib/gcc/arm-none-eabi/4.7.2/thumb2\libgcc.a(_udivdi3.o)
                                  0x8 (size before relaxing)
                0x0800f04c                __exidx_end = .

.rel.dyn        0x0800f04c        0x0
 .rel.iplt      0x00000000        0x0 c:/program files (x86)/codesourcery/sourcery_codebench_lite_for_arm_eabi/bin/../lib/gcc/arm-none-eabi/4.7.2/thumb2/crtbegin.o

.ARM.attributes
                0x0800f04c       0x27
 *(.ARM.attributes)
 .ARM.attributes
                0x0800f04c       0x19 c:/program files (x86)/codesourcery/sourcery_codebench_lite_for_arm_eabi/bin/../lib/gcc/arm-none-eabi/4.7.2/thumb2/crti.o
 .ARM.attributes
                0x0800f065       0x29 c:/program files (x86)/codesourcery/sourcery_codebench_lite_for_arm_eabi/bin/../lib/gcc/arm-none-eabi/4.7.2/thumb2/crtbegin.o
 .ARM.attributes
                0x0800f08e       0x33 ./src/HC05.o
 .ARM.attributes
                0x0800f0c1       0x33 ./src/command.o
 .ARM.attributes
                0x0800f0f4       0x33 ./src/delay.o
 .ARM.attributes
                0x0800f127       0x33 ./src/main.o
 .ARM.attributes
                0x0800f15a       0x33 ./src/mainboot.o
 .ARM.attributes
                0x0800f18d       0x33 ./src/printf-stdarg.o
 .ARM.attributes
                0x0800f1c0       0x21 ./src/startup_stm32f10x_hd.o
 .ARM.attributes
                0x0800f1e1       0x33 ./src/stm32f10x_it.o
 .ARM.attributes
                0x0800f214       0x33 ./src/syscalls.o
 .ARM.attributes
                0x0800f247       0x33 ./src/system_stm32f10x.o
 .ARM.attributes
                0x0800f27a       0x33 ./src/xprintf.o
 .ARM.attributes
                0x0800f2ad       0x33 ./Libraries/STM32F10x_StdPeriph_Driver/src/misc.o
 .ARM.attributes
                0x0800f2e0       0x33 ./Libraries/STM32F10x_StdPeriph_Driver/src/stm32f10x_bkp.o
 .ARM.attributes
                0x0800f313       0x33 ./Libraries/STM32F10x_StdPeriph_Driver/src/stm32f10x_exti.o
 .ARM.attributes
                0x0800f346       0x33 ./Libraries/STM32F10x_StdPeriph_Driver/src/stm32f10x_gpio.o
 .ARM.attributes
                0x0800f379       0x33 ./Libraries/STM32F10x_StdPeriph_Driver/src/stm32f10x_pwr.o
 .ARM.attributes
                0x0800f3ac       0x33 ./Libraries/STM32F10x_StdPeriph_Driver/src/stm32f10x_rcc.o
 .ARM.attributes
                0x0800f3df       0x33 ./Libraries/STM32F10x_StdPeriph_Driver/src/stm32f10x_rtc.o
 .ARM.attributes
                0x0800f412       0x33 ./Libraries/STM32F10x_StdPeriph_Driver/src/stm32f10x_tim.o
 .ARM.attributes
                0x0800f445       0x33 ./Libraries/STM32F10x_StdPeriph_Driver/src/stm32f10x_usart.o
 .ARM.attributes
                0x0800f478       0x29 c:/program files (x86)/codesourcery/sourcery_codebench_lite_for_arm_eabi/bin/../lib/gcc/arm-none-eabi/4.7.2/../../../../arm-none-eabi/lib/thumb2\libc.a(lib_a-asctime.o)
 .ARM.attributes
                0x0800f4a1       0x29 c:/program files (x86)/codesourcery/sourcery_codebench_lite_for_arm_eabi/bin/../lib/gcc/arm-none-eabi/4.7.2/../../../../arm-none-eabi/lib/thumb2\libc.a(lib_a-asctime_r.o)
 .ARM.attributes
                0x0800f4ca       0x29 c:/program files (x86)/codesourcery/sourcery_codebench_lite_for_arm_eabi/bin/../lib/gcc/arm-none-eabi/4.7.2/../../../../arm-none-eabi/lib/thumb2\libc.a(lib_a-atoi.o)
 .ARM.attributes
                0x0800f4f3       0x29 c:/program files (x86)/codesourcery/sourcery_codebench_lite_for_arm_eabi/bin/../lib/gcc/arm-none-eabi/4.7.2/../../../../arm-none-eabi/lib/thumb2\libc.a(lib_a-impure.o)
 .ARM.attributes
                0x0800f51c       0x29 c:/program files (x86)/codesourcery/sourcery_codebench_lite_for_arm_eabi/bin/../lib/gcc/arm-none-eabi/4.7.2/../../../../arm-none-eabi/lib/thumb2\libc.a(lib_a-lcltime.o)
 .ARM.attributes
                0x0800f545       0x29 c:/program files (x86)/codesourcery/sourcery_codebench_lite_for_arm_eabi/bin/../lib/gcc/arm-none-eabi/4.7.2/../../../../arm-none-eabi/lib/thumb2\libc.a(lib_a-lcltime_r.o)
 .ARM.attributes
                0x0800f56e       0x29 c:/program files (x86)/codesourcery/sourcery_codebench_lite_for_arm_eabi/bin/../lib/gcc/arm-none-eabi/4.7.2/../../../../arm-none-eabi/lib/thumb2\libc.a(lib_a-malloc.o)
 .ARM.attributes
                0x0800f597       0x29 c:/program files (x86)/codesourcery/sourcery_codebench_lite_for_arm_eabi/bin/../lib/gcc/arm-none-eabi/4.7.2/../../../../arm-none-eabi/lib/thumb2\libc.a(lib_a-mallocr.o)
 .ARM.attributes
                0x0800f5c0       0x29 c:/program files (x86)/codesourcery/sourcery_codebench_lite_for_arm_eabi/bin/../lib/gcc/arm-none-eabi/4.7.2/../../../../arm-none-eabi/lib/thumb2\libc.a(lib_a-memccpy.o)
 .ARM.attributes
                0x0800f5e9       0x29 c:/program files (x86)/codesourcery/sourcery_codebench_lite_for_arm_eabi/bin/../lib/gcc/arm-none-eabi/4.7.2/../../../../arm-none-eabi/lib/thumb2\libc.a(lib_a-memcpy.o)
 .ARM.attributes
                0x0800f612       0x29 c:/program files (x86)/codesourcery/sourcery_codebench_lite_for_arm_eabi/bin/../lib/gcc/arm-none-eabi/4.7.2/../../../../arm-none-eabi/lib/thumb2\libc.a(lib_a-memset.o)
 .ARM.attributes
                0x0800f63b       0x29 c:/program files (x86)/codesourcery/sourcery_codebench_lite_for_arm_eabi/bin/../lib/gcc/arm-none-eabi/4.7.2/../../../../arm-none-eabi/lib/thumb2\libc.a(lib_a-mktime.o)
 .ARM.attributes
                0x0800f664       0x29 c:/program files (x86)/codesourcery/sourcery_codebench_lite_for_arm_eabi/bin/../lib/gcc/arm-none-eabi/4.7.2/../../../../arm-none-eabi/lib/thumb2\libc.a(lib_a-mktm_r.o)
 .ARM.attributes
                0x0800f68d       0x29 c:/program files (x86)/codesourcery/sourcery_codebench_lite_for_arm_eabi/bin/../lib/gcc/arm-none-eabi/4.7.2/../../../../arm-none-eabi/lib/thumb2\libc.a(lib_a-mlock.o)
 .ARM.attributes
                0x0800f6b6       0x29 c:/program files (x86)/codesourcery/sourcery_codebench_lite_for_arm_eabi/bin/../lib/gcc/arm-none-eabi/4.7.2/../../../../arm-none-eabi/lib/thumb2\libc.a(lib_a-sbrkr.o)
 .ARM.attributes
                0x0800f6df       0x29 c:/program files (x86)/codesourcery/sourcery_codebench_lite_for_arm_eabi/bin/../lib/gcc/arm-none-eabi/4.7.2/../../../../arm-none-eabi/lib/thumb2\libc.a(lib_a-sprintf.o)
 .ARM.attributes
                0x0800f708       0x29 c:/program files (x86)/codesourcery/sourcery_codebench_lite_for_arm_eabi/bin/../lib/gcc/arm-none-eabi/4.7.2/../../../../arm-none-eabi/lib/thumb2\libc.a(lib_a-strchr.o)
 .ARM.attributes
                0x0800f731       0x29 c:/program files (x86)/codesourcery/sourcery_codebench_lite_for_arm_eabi/bin/../lib/gcc/arm-none-eabi/4.7.2/../../../../arm-none-eabi/lib/thumb2\libc.a(lib_a-strcmp.o)
 .ARM.attributes
                0x0800f75a       0x29 c:/program files (x86)/codesourcery/sourcery_codebench_lite_for_arm_eabi/bin/../lib/gcc/arm-none-eabi/4.7.2/../../../../arm-none-eabi/lib/thumb2\libc.a(lib_a-strlen.o)
 .ARM.attributes
                0x0800f783       0x29 c:/program files (x86)/codesourcery/sourcery_codebench_lite_for_arm_eabi/bin/../lib/gcc/arm-none-eabi/4.7.2/../../../../arm-none-eabi/lib/thumb2\libc.a(lib_a-strtol.o)
 .ARM.attributes
                0x0800f7ac       0x29 c:/program files (x86)/codesourcery/sourcery_codebench_lite_for_arm_eabi/bin/../lib/gcc/arm-none-eabi/4.7.2/../../../../arm-none-eabi/lib/thumb2\libc.a(lib_a-svfprintf.o)
 .ARM.attributes
                0x0800f7d5       0x29 c:/program files (x86)/codesourcery/sourcery_codebench_lite_for_arm_eabi/bin/../lib/gcc/arm-none-eabi/4.7.2/../../../../arm-none-eabi/lib/thumb2\libc.a(lib_a-tzlock.o)
 .ARM.attributes
                0x0800f7fe       0x29 c:/program files (x86)/codesourcery/sourcery_codebench_lite_for_arm_eabi/bin/../lib/gcc/arm-none-eabi/4.7.2/../../../../arm-none-eabi/lib/thumb2\libc.a(lib_a-tzvars.o)
 .ARM.attributes
                0x0800f827       0x29 c:/program files (x86)/codesourcery/sourcery_codebench_lite_for_arm_eabi/bin/../lib/gcc/arm-none-eabi/4.7.2/../../../../arm-none-eabi/lib/thumb2\libc.a(lib_a-ctype_.o)
 .ARM.attributes
                0x0800f850       0x29 c:/program files (x86)/codesourcery/sourcery_codebench_lite_for_arm_eabi/bin/../lib/gcc/arm-none-eabi/4.7.2/../../../../arm-none-eabi/lib/thumb2\libc.a(lib_a-div.o)
 .ARM.attributes
                0x0800f879       0x29 c:/program files (x86)/codesourcery/sourcery_codebench_lite_for_arm_eabi/bin/../lib/gcc/arm-none-eabi/4.7.2/../../../../arm-none-eabi/lib/thumb2\libc.a(lib_a-dtoa.o)
 .ARM.attributes
                0x0800f8a2       0x29 c:/program files (x86)/codesourcery/sourcery_codebench_lite_for_arm_eabi/bin/../lib/gcc/arm-none-eabi/4.7.2/../../../../arm-none-eabi/lib/thumb2\libc.a(lib_a-freer.o)
 .ARM.attributes
                0x0800f8cb       0x29 c:/program files (x86)/codesourcery/sourcery_codebench_lite_for_arm_eabi/bin/../lib/gcc/arm-none-eabi/4.7.2/../../../../arm-none-eabi/lib/thumb2\libc.a(lib_a-gettzinfo.o)
 .ARM.attributes
                0x0800f8f4       0x29 c:/program files (x86)/codesourcery/sourcery_codebench_lite_for_arm_eabi/bin/../lib/gcc/arm-none-eabi/4.7.2/../../../../arm-none-eabi/lib/thumb2\libc.a(lib_a-locale.o)
 .ARM.attributes
                0x0800f91d       0x29 c:/program files (x86)/codesourcery/sourcery_codebench_lite_for_arm_eabi/bin/../lib/gcc/arm-none-eabi/4.7.2/../../../../arm-none-eabi/lib/thumb2\libc.a(lib_a-memchr.o)
 .ARM.attributes
                0x0800f946       0x29 c:/program files (x86)/codesourcery/sourcery_codebench_lite_for_arm_eabi/bin/../lib/gcc/arm-none-eabi/4.7.2/../../../../arm-none-eabi/lib/thumb2\libc.a(lib_a-mprec.o)
 .ARM.attributes
                0x0800f96f       0x29 c:/program files (x86)/codesourcery/sourcery_codebench_lite_for_arm_eabi/bin/../lib/gcc/arm-none-eabi/4.7.2/../../../../arm-none-eabi/lib/thumb2\libc.a(lib_a-reent.o)
 .ARM.attributes
                0x0800f998       0x29 c:/program files (x86)/codesourcery/sourcery_codebench_lite_for_arm_eabi/bin/../lib/gcc/arm-none-eabi/4.7.2/../../../../arm-none-eabi/lib/thumb2\libc.a(lib_a-s_fpclassify.o)
 .ARM.attributes
                0x0800f9c1       0x29 c:/program files (x86)/codesourcery/sourcery_codebench_lite_for_arm_eabi/bin/../lib/gcc/arm-none-eabi/4.7.2/../../../../arm-none-eabi/lib/thumb2\libc.a(lib_a-svfiprintf.o)
 .ARM.attributes
                0x0800f9ea       0x29 c:/program files (x86)/codesourcery/sourcery_codebench_lite_for_arm_eabi/bin/../lib/gcc/arm-none-eabi/4.7.2/../../../../arm-none-eabi/lib/thumb2\libc.a(lib_a-callocr.o)
 .ARM.attributes
                0x0800fa13       0x29 c:/program files (x86)/codesourcery/sourcery_codebench_lite_for_arm_eabi/bin/../lib/gcc/arm-none-eabi/4.7.2/../../../../arm-none-eabi/lib/thumb2\libc.a(lib_a-memmove.o)
 .ARM.attributes
                0x0800fa3c       0x29 c:/program files (x86)/codesourcery/sourcery_codebench_lite_for_arm_eabi/bin/../lib/gcc/arm-none-eabi/4.7.2/../../../../arm-none-eabi/lib/thumb2\libc.a(lib_a-reallocr.o)
 .ARM.attributes
                0x0800fa65       0x19 c:/program files (x86)/codesourcery/sourcery_codebench_lite_for_arm_eabi/bin/../lib/gcc/arm-none-eabi/4.7.2/thumb2\libgcc.a(_udivsi3.o)
 .ARM.attributes
                0x0800fa7e       0x19 c:/program files (x86)/codesourcery/sourcery_codebench_lite_for_arm_eabi/bin/../lib/gcc/arm-none-eabi/4.7.2/thumb2\libgcc.a(_divsi3.o)
 .ARM.attributes
                0x0800fa97       0x19 c:/program files (x86)/codesourcery/sourcery_codebench_lite_for_arm_eabi/bin/../lib/gcc/arm-none-eabi/4.7.2/thumb2\libgcc.a(_dvmd_tls.o)
 .ARM.attributes
                0x0800fab0       0x19 c:/program files (x86)/codesourcery/sourcery_codebench_lite_for_arm_eabi/bin/../lib/gcc/arm-none-eabi/4.7.2/thumb2\libgcc.a(_arm_addsubdf3.o)
 .ARM.attributes
                0x0800fac9       0x19 c:/program files (x86)/codesourcery/sourcery_codebench_lite_for_arm_eabi/bin/../lib/gcc/arm-none-eabi/4.7.2/thumb2\libgcc.a(_arm_muldivdf3.o)
 .ARM.attributes
                0x0800fae2       0x19 c:/program files (x86)/codesourcery/sourcery_codebench_lite_for_arm_eabi/bin/../lib/gcc/arm-none-eabi/4.7.2/thumb2\libgcc.a(_arm_cmpdf2.o)
 .ARM.attributes
                0x0800fafb       0x19 c:/program files (x86)/codesourcery/sourcery_codebench_lite_for_arm_eabi/bin/../lib/gcc/arm-none-eabi/4.7.2/thumb2\libgcc.a(_arm_fixdfsi.o)
 .ARM.attributes
                0x0800fb14       0x19 c:/program files (x86)/codesourcery/sourcery_codebench_lite_for_arm_eabi/bin/../lib/gcc/arm-none-eabi/4.7.2/thumb2\libgcc.a(_aeabi_uldivmod.o)
 .ARM.attributes
                0x0800fb2d       0x29 c:/program files (x86)/codesourcery/sourcery_codebench_lite_for_arm_eabi/bin/../lib/gcc/arm-none-eabi/4.7.2/thumb2\libgcc.a(bpabi.o)
 .ARM.attributes
                0x0800fb56       0x29 c:/program files (x86)/codesourcery/sourcery_codebench_lite_for_arm_eabi/bin/../lib/gcc/arm-none-eabi/4.7.2/thumb2\libgcc.a(_divdi3.o)
 .ARM.attributes
                0x0800fb7f       0x29 c:/program files (x86)/codesourcery/sourcery_codebench_lite_for_arm_eabi/bin/../lib/gcc/arm-none-eabi/4.7.2/thumb2\libgcc.a(_udivdi3.o)
 .ARM.attributes
                0x0800fba8       0x29 c:/program files (x86)/codesourcery/sourcery_codebench_lite_for_arm_eabi/bin/../lib/gcc/arm-none-eabi/4.7.2/thumb2/crtend.o
 .ARM.attributes
                0x0800fbd1       0x19 c:/program files (x86)/codesourcery/sourcery_codebench_lite_for_arm_eabi/bin/../lib/gcc/arm-none-eabi/4.7.2/thumb2/crtn.o

.preinit_array  0x0800f04c        0x0
                0x0800f04c                PROVIDE (__preinit_array_start, .)
 *(.preinit_array*)
                0x0800f04c                PROVIDE (__preinit_array_end, .)

.init_array     0x0800f04c        0x4
                0x0800f04c                PROVIDE (__init_array_start, .)
 *(SORT(.init_array.*))
 *(.init_array*)
 .init_array    0x0800f04c        0x4 c:/program files (x86)/codesourcery/sourcery_codebench_lite_for_arm_eabi/bin/../lib/gcc/arm-none-eabi/4.7.2/thumb2/crtbegin.o
                0x0800f050                PROVIDE (__init_array_end, .)

.fini_array     0x0800f050        0x4
                0x0800f050                PROVIDE (__fini_array_start, .)
 *(.fini_array*)
 .fini_array    0x0800f050        0x4 c:/program files (x86)/codesourcery/sourcery_codebench_lite_for_arm_eabi/bin/../lib/gcc/arm-none-eabi/4.7.2/thumb2/crtbegin.o
 *(SORT(.fini_array.*))
                0x0800f054                PROVIDE (__fini_array_end, .)
                0x0800f054                _sidata = .

.data           0x20000000      0x61c load address 0x0800f054
                0x20000000                . = ALIGN (0x4)
                0x20000000                _sdata = .
 *(.data)
 .data          0x20000000       0x30 ./src/command.o
                0x20000000                handlers
 .data          0x20000030       0x14 ./src/system_stm32f10x.o
                0x20000030                SystemCoreClock
                0x20000034                AHBPrescTable
 .data          0x20000044       0x14 ./Libraries/STM32F10x_StdPeriph_Driver/src/stm32f10x_rcc.o
 .data          0x20000058       0xf4 c:/program files (x86)/codesourcery/sourcery_codebench_lite_for_arm_eabi/bin/../lib/gcc/arm-none-eabi/4.7.2/../../../../arm-none-eabi/lib/thumb2\libc.a(lib_a-impure.o)
                0x20000058                _impure_ptr
 .data          0x2000014c      0x410 c:/program files (x86)/codesourcery/sourcery_codebench_lite_for_arm_eabi/bin/../lib/gcc/arm-none-eabi/4.7.2/../../../../arm-none-eabi/lib/thumb2\libc.a(lib_a-mallocr.o)
                0x2000014c                __malloc_av_
                0x20000554                __malloc_sbrk_base
                0x20000558                __malloc_trim_threshold
 .data          0x2000055c        0x4 c:/program files (x86)/codesourcery/sourcery_codebench_lite_for_arm_eabi/bin/../lib/gcc/arm-none-eabi/4.7.2/../../../../arm-none-eabi/lib/thumb2\libc.a(lib_a-ctype_.o)
                0x2000055c                __ctype_ptr__
 .data          0x20000560       0x40 c:/program files (x86)/codesourcery/sourcery_codebench_lite_for_arm_eabi/bin/../lib/gcc/arm-none-eabi/4.7.2/../../../../arm-none-eabi/lib/thumb2\libc.a(lib_a-gettzinfo.o)
 .data          0x200005a0       0x7c c:/program files (x86)/codesourcery/sourcery_codebench_lite_for_arm_eabi/bin/../lib/gcc/arm-none-eabi/4.7.2/../../../../arm-none-eabi/lib/thumb2\libc.a(lib_a-locale.o)
                0x200005c0                __mb_cur_max
 *(.data*)
                0x2000061c                . = ALIGN (0x4)
                0x2000061c                _edata = .

.jcr            0x2000061c        0x0 load address 0x0800f670
 .jcr           0x2000061c        0x0 c:/program files (x86)/codesourcery/sourcery_codebench_lite_for_arm_eabi/bin/../lib/gcc/arm-none-eabi/4.7.2/thumb2/crtbegin.o

.tm_clone_table
                0x2000061c        0x0 load address 0x0800f670
 .tm_clone_table
                0x2000061c        0x0 c:/program files (x86)/codesourcery/sourcery_codebench_lite_for_arm_eabi/bin/../lib/gcc/arm-none-eabi/4.7.2/thumb2/crtbegin.o
 .tm_clone_table
                0x2000061c        0x0 c:/program files (x86)/codesourcery/sourcery_codebench_lite_for_arm_eabi/bin/../lib/gcc/arm-none-eabi/4.7.2/thumb2/crtend.o

.igot.plt       0x2000061c        0x0 load address 0x0800f670
 .igot.plt      0x00000000        0x0 c:/program files (x86)/codesourcery/sourcery_codebench_lite_for_arm_eabi/bin/../lib/gcc/arm-none-eabi/4.7.2/thumb2/crtbegin.o
                0x2000061c                . = ALIGN (0x4)

.bss            0x2000061c      0x5e8 load address 0x0800f670
                0x2000061c                _sbss = .
                0x2000061c                __bss_start__ = _sbss
 *(.bss)
 .bss           0x2000061c       0x1c c:/program files (x86)/codesourcery/sourcery_codebench_lite_for_arm_eabi/bin/../lib/gcc/arm-none-eabi/4.7.2/thumb2/crtbegin.o
 .bss           0x20000638        0x4 ./src/HC05.o
                0x20000638                last_check_time
 .bss           0x2000063c      0x104 ./src/command.o
 .bss           0x20000740        0x4 ./src/main.o
                0x20000740                MiliCount
 .bss           0x20000744      0x24c ./src/mainboot.o
                0x20000744                lastSentToTracker
                0x20000748                CraskCheck
                0x2000074c                nextStepSchedule
                0x20000750                buff_cmd
                0x20000850                BLE_buff
                0x20000950                data
 .bss           0x20000990      0x114 ./src/stm32f10x_it.o
                0x20000990                CLK_count
                0x20000994                old_CLK_count
                0x20000998                PPS
                0x2000099c                buff_idx
                0x200009a0                BLE_buff_temp
                0x20000aa0                BLE_buff_idx
 .bss           0x20000aa4        0x4 ./src/syscalls.o
 .bss           0x20000aa8        0x4 ./src/xprintf.o
 .bss           0x20000aac       0x34 c:/program files (x86)/codesourcery/sourcery_codebench_lite_for_arm_eabi/bin/../lib/gcc/arm-none-eabi/4.7.2/../../../../arm-none-eabi/lib/thumb2\libc.a(lib_a-mallocr.o)
                0x20000aac                __malloc_top_pad
                0x20000ab0                __malloc_current_mallinfo
                0x20000ad8                __malloc_max_sbrked_mem
                0x20000adc                __malloc_max_total_mem
 .bss           0x20000ae0        0x8 c:/program files (x86)/codesourcery/sourcery_codebench_lite_for_arm_eabi/bin/../lib/gcc/arm-none-eabi/4.7.2/../../../../arm-none-eabi/lib/thumb2\libc.a(lib_a-tzvars.o)
                0x20000ae0                _timezone
                0x20000ae4                _daylight
 *(.bss*)
 *(COMMON)
 COMMON         0x20000ae8      0x114 ./src/stm32f10x_it.o
                0x20000ae8                check4
                0x20000aec                check3
                0x20000af0                check2
                0x20000af4                buff_cmd_tmp
                0x20000bf4                timer_count
                0x20000bf8                check1
 COMMON         0x20000bfc        0x4 ./src/xprintf.o
                0x20000bfc                xfunc_out
 COMMON         0x20000c00        0x4 c:/program files (x86)/codesourcery/sourcery_codebench_lite_for_arm_eabi/bin/../lib/gcc/arm-none-eabi/4.7.2/../../../../arm-none-eabi/lib/thumb2\libc.a(lib_a-reent.o)
                0x20000c00                errno
                0x20000c04                . = ALIGN (0x4)
                0x20000c04                _ebss = .
                0x20000c04                __bss_end__ = _ebss
                0x20000c04                PROVIDE (end, _ebss)
                0x20000c04                PROVIDE (_end, _ebss)

._user_heap_stack
                0x20000c04      0x200 load address 0x0800fc58
                0x20000c04                . = ALIGN (0x4)
                0x20000c04                . = (. + _Min_Heap_Size)
                0x20000e04                . = (. + _Min_Stack_Size)
 *fill*         0x20000c04      0x200 
                0x20000e04                . = ALIGN (0x4)

.memory_b1_text
 *(.mb1text)
 *(.mb1text*)
 *(.mb1rodata)
 *(.mb1rodata*)

/DISCARD/
 libc.a(*)
 libm.a(*)
 libgcc.a(*)
OUTPUT(xelo.elf elf32-littlearm)

.debug_info     0x00000000     0x8e18
 .debug_info    0x00000000      0x577 ./src/HC05.o
 .debug_info    0x00000577      0x79d ./src/command.o
 .debug_info    0x00000d14       0xaa ./src/delay.o
 .debug_info    0x00000dbe      0xf07 ./src/main.o
 .debug_info    0x00001cc5      0x3d9 ./src/mainboot.o
 .debug_info    0x0000209e      0x5b0 ./src/printf-stdarg.o
 .debug_info    0x0000264e       0x69 ./src/startup_stm32f10x_hd.o
 .debug_info    0x000026b7      0x65b ./src/stm32f10x_it.o
 .debug_info    0x00002d12      0x443 ./src/syscalls.o
 .debug_info    0x00003155      0x4bc ./src/system_stm32f10x.o
 .debug_info    0x00003611      0x3a4 ./src/xprintf.o
 .debug_info    0x000039b5      0x596 ./Libraries/STM32F10x_StdPeriph_Driver/src/misc.o
 .debug_info    0x00003f4b      0x88d ./Libraries/STM32F10x_StdPeriph_Driver/src/stm32f10x_bkp.o
 .debug_info    0x000047d8      0x371 ./Libraries/STM32F10x_StdPeriph_Driver/src/stm32f10x_exti.o
 .debug_info    0x00004b49      0x73d ./Libraries/STM32F10x_StdPeriph_Driver/src/stm32f10x_gpio.o
 .debug_info    0x00005286      0x4be ./Libraries/STM32F10x_StdPeriph_Driver/src/stm32f10x_pwr.o
 .debug_info    0x00005744      0x929 ./Libraries/STM32F10x_StdPeriph_Driver/src/stm32f10x_rcc.o
 .debug_info    0x0000606d      0x49f ./Libraries/STM32F10x_StdPeriph_Driver/src/stm32f10x_rtc.o
 .debug_info    0x0000650c     0x1e7b ./Libraries/STM32F10x_StdPeriph_Driver/src/stm32f10x_tim.o
 .debug_info    0x00008387      0xa91 ./Libraries/STM32F10x_StdPeriph_Driver/src/stm32f10x_usart.o

.debug_abbrev   0x00000000     0x1ba7
 .debug_abbrev  0x00000000      0x1c9 ./src/HC05.o
 .debug_abbrev  0x000001c9      0x186 ./src/command.o
 .debug_abbrev  0x0000034f       0x72 ./src/delay.o
 .debug_abbrev  0x000003c1      0x27d ./src/main.o
 .debug_abbrev  0x0000063e      0x18a ./src/mainboot.o
 .debug_abbrev  0x000007c8      0x19f ./src/printf-stdarg.o
 .debug_abbrev  0x00000967       0x12 ./src/startup_stm32f10x_hd.o
 .debug_abbrev  0x00000979      0x138 ./src/stm32f10x_it.o
 .debug_abbrev  0x00000ab1       0xe5 ./src/syscalls.o
 .debug_abbrev  0x00000b96      0x151 ./src/system_stm32f10x.o
 .debug_abbrev  0x00000ce7      0x118 ./src/xprintf.o
 .debug_abbrev  0x00000dff      0x12c ./Libraries/STM32F10x_StdPeriph_Driver/src/misc.o
 .debug_abbrev  0x00000f2b      0x168 ./Libraries/STM32F10x_StdPeriph_Driver/src/stm32f10x_bkp.o
 .debug_abbrev  0x00001093      0x156 ./Libraries/STM32F10x_StdPeriph_Driver/src/stm32f10x_exti.o
 .debug_abbrev  0x000011e9      0x1cd ./Libraries/STM32F10x_StdPeriph_Driver/src/stm32f10x_gpio.o
 .debug_abbrev  0x000013b6      0x184 ./Libraries/STM32F10x_StdPeriph_Driver/src/stm32f10x_pwr.o
 .debug_abbrev  0x0000153a      0x1bf ./Libraries/STM32F10x_StdPeriph_Driver/src/stm32f10x_rcc.o
 .debug_abbrev  0x000016f9      0x192 ./Libraries/STM32F10x_StdPeriph_Driver/src/stm32f10x_rtc.o
 .debug_abbrev  0x0000188b      0x1b5 ./Libraries/STM32F10x_StdPeriph_Driver/src/stm32f10x_tim.o
 .debug_abbrev  0x00001a40      0x167 ./Libraries/STM32F10x_StdPeriph_Driver/src/stm32f10x_usart.o

.debug_loc      0x00000000     0x41f2
 .debug_loc     0x00000000      0x394 ./src/HC05.o
 .debug_loc     0x00000394      0x2e2 ./src/command.o
 .debug_loc     0x00000676       0x70 ./src/delay.o
 .debug_loc     0x000006e6      0x27c ./src/main.o
 .debug_loc     0x00000962      0x200 ./src/mainboot.o
 .debug_loc     0x00000b62      0x212 ./src/printf-stdarg.o
 .debug_loc     0x00000d74       0xf4 ./src/stm32f10x_it.o
 .debug_loc     0x00000e68      0x1ec ./src/syscalls.o
 .debug_loc     0x00001054       0xc8 ./src/system_stm32f10x.o
 .debug_loc     0x0000111c      0x1e6 ./src/xprintf.o
 .debug_loc     0x00001302      0x118 ./Libraries/STM32F10x_StdPeriph_Driver/src/misc.o
 .debug_loc     0x0000141a      0x264 ./Libraries/STM32F10x_StdPeriph_Driver/src/stm32f10x_bkp.o
 .debug_loc     0x0000167e      0x1b4 ./Libraries/STM32F10x_StdPeriph_Driver/src/stm32f10x_exti.o
 .debug_loc     0x00001832      0x3e4 ./Libraries/STM32F10x_StdPeriph_Driver/src/stm32f10x_gpio.o
 .debug_loc     0x00001c16      0x1e0 ./Libraries/STM32F10x_StdPeriph_Driver/src/stm32f10x_pwr.o
 .debug_loc     0x00001df6      0x6dc ./Libraries/STM32F10x_StdPeriph_Driver/src/stm32f10x_rcc.o
 .debug_loc     0x000024d2      0x2e0 ./Libraries/STM32F10x_StdPeriph_Driver/src/stm32f10x_rtc.o
 .debug_loc     0x000027b2     0x13e8 ./Libraries/STM32F10x_StdPeriph_Driver/src/stm32f10x_tim.o
 .debug_loc     0x00003b9a      0x658 ./Libraries/STM32F10x_StdPeriph_Driver/src/stm32f10x_usart.o

.debug_aranges  0x00000000      0x290
 .debug_aranges
                0x00000000       0x20 ./src/HC05.o
 .debug_aranges
                0x00000020       0x20 ./src/command.o
 .debug_aranges
                0x00000040       0x20 ./src/delay.o
 .debug_aranges
                0x00000060       0x20 ./src/main.o
 .debug_aranges
                0x00000080       0x20 ./src/mainboot.o
 .debug_aranges
                0x000000a0       0x20 ./src/printf-stdarg.o
 .debug_aranges
                0x000000c0       0x30 ./src/startup_stm32f10x_hd.o
 .debug_aranges
                0x000000f0       0x20 ./src/stm32f10x_it.o
 .debug_aranges
                0x00000110       0x20 ./src/syscalls.o
 .debug_aranges
                0x00000130       0x20 ./src/system_stm32f10x.o
 .debug_aranges
                0x00000150       0x20 ./src/xprintf.o
 .debug_aranges
                0x00000170       0x20 ./Libraries/STM32F10x_StdPeriph_Driver/src/misc.o
 .debug_aranges
                0x00000190       0x20 ./Libraries/STM32F10x_StdPeriph_Driver/src/stm32f10x_bkp.o
 .debug_aranges
                0x000001b0       0x20 ./Libraries/STM32F10x_StdPeriph_Driver/src/stm32f10x_exti.o
 .debug_aranges
                0x000001d0       0x20 ./Libraries/STM32F10x_StdPeriph_Driver/src/stm32f10x_gpio.o
 .debug_aranges
                0x000001f0       0x20 ./Libraries/STM32F10x_StdPeriph_Driver/src/stm32f10x_pwr.o
 .debug_aranges
                0x00000210       0x20 ./Libraries/STM32F10x_StdPeriph_Driver/src/stm32f10x_rcc.o
 .debug_aranges
                0x00000230       0x20 ./Libraries/STM32F10x_StdPeriph_Driver/src/stm32f10x_rtc.o
 .debug_aranges
                0x00000250       0x20 ./Libraries/STM32F10x_StdPeriph_Driver/src/stm32f10x_tim.o
 .debug_aranges
                0x00000270       0x20 ./Libraries/STM32F10x_StdPeriph_Driver/src/stm32f10x_usart.o

.debug_macro    0x00000000     0x36d8
 .debug_macro   0x00000000      0x23e ./src/HC05.o
 .debug_macro   0x0000023e      0x2d5 ./src/HC05.o
 .debug_macro   0x00000513      0x223 ./src/HC05.o
 .debug_macro   0x00000736      0x167 ./src/command.o
 .debug_macro   0x0000089d       0x10 ./src/command.o
 .debug_macro   0x000008ad       0x10 ./src/command.o
 .debug_macro   0x000008bd       0x10 ./src/command.o
 .debug_macro   0x000008cd       0xf5 ./src/command.o
 .debug_macro   0x000009c2       0x22 ./src/command.o
 .debug_macro   0x000009e4       0x91 ./src/command.o
 .debug_macro   0x00000a75       0x16 ./src/command.o
 .debug_macro   0x00000a8b      0x139 ./src/command.o
 .debug_macro   0x00000bc4       0x10 ./src/command.o
 .debug_macro   0x00000bd4       0x35 ./src/command.o
 .debug_macro   0x00000c09       0x1c ./src/command.o
 .debug_macro   0x00000c25       0x16 ./src/command.o
 .debug_macro   0x00000c3b       0x10 ./src/command.o
 .debug_macro   0x00000c4b       0x11 ./src/delay.o
 .debug_macro   0x00000c5c      0x2ab ./src/main.o
 .debug_macro   0x00000f07       0xd7 ./src/main.o
 .debug_macro   0x00000fde      0x26b ./src/mainboot.o
 .debug_macro   0x00001249       0x52 ./src/mainboot.o
 .debug_macro   0x0000129b       0x10 ./src/mainboot.o
 .debug_macro   0x000012ab       0x16 ./src/mainboot.o
 .debug_macro   0x000012c1       0x12 ./src/mainboot.o
 .debug_macro   0x000012d3       0x2e ./src/mainboot.o
 .debug_macro   0x00001301       0xc7 ./src/printf-stdarg.o
 .debug_macro   0x000013c8       0x58 ./src/printf-stdarg.o
 .debug_macro   0x00001420      0x211 ./src/stm32f10x_it.o
 .debug_macro   0x00001631       0xfa ./src/stm32f10x_it.o
 .debug_macro   0x0000172b      0x12d ./src/syscalls.o
 .debug_macro   0x00001858       0x52 ./src/syscalls.o
 .debug_macro   0x000018aa      0x120 ./src/syscalls.o
 .debug_macro   0x000019ca      0x15c ./src/system_stm32f10x.o
 .debug_macro   0x00001b26       0x23 ./src/xprintf.o
 .debug_macro   0x00001b49      0x15f ./Libraries/STM32F10x_StdPeriph_Driver/src/misc.o
 .debug_macro   0x00001ca8       0x86 ./Libraries/STM32F10x_StdPeriph_Driver/src/misc.o
 .debug_macro   0x00001d2e      0x1b3 ./Libraries/STM32F10x_StdPeriph_Driver/src/stm32f10x_bkp.o
 .debug_macro   0x00001ee1      0x15f ./Libraries/STM32F10x_StdPeriph_Driver/src/stm32f10x_exti.o
 .debug_macro   0x00002040       0x97 ./Libraries/STM32F10x_StdPeriph_Driver/src/stm32f10x_exti.o
 .debug_macro   0x000020d7      0x1a7 ./Libraries/STM32F10x_StdPeriph_Driver/src/stm32f10x_gpio.o
 .debug_macro   0x0000227e      0x19b ./Libraries/STM32F10x_StdPeriph_Driver/src/stm32f10x_pwr.o
 .debug_macro   0x00002419       0x7c ./Libraries/STM32F10x_StdPeriph_Driver/src/stm32f10x_pwr.o
 .debug_macro   0x00002495      0x279 ./Libraries/STM32F10x_StdPeriph_Driver/src/stm32f10x_rcc.o
 .debug_macro   0x0000270e      0x3dc ./Libraries/STM32F10x_StdPeriph_Driver/src/stm32f10x_rcc.o
 .debug_macro   0x00002aea      0x165 ./Libraries/STM32F10x_StdPeriph_Driver/src/stm32f10x_rtc.o
 .debug_macro   0x00002c4f      0x171 ./Libraries/STM32F10x_StdPeriph_Driver/src/stm32f10x_tim.o
 .debug_macro   0x00002dc0      0x70b ./Libraries/STM32F10x_StdPeriph_Driver/src/stm32f10x_tim.o
 .debug_macro   0x000034cb      0x20d ./Libraries/STM32F10x_StdPeriph_Driver/src/stm32f10x_usart.o

.debug_line     0x00000000     0x64a9
 .debug_line    0x00000000      0x731 ./src/HC05.o
 .debug_line    0x00000731      0x4ae ./src/command.o
 .debug_line    0x00000bdf       0x67 ./src/delay.o
 .debug_line    0x00000c46      0x82c ./src/main.o
 .debug_line    0x00001472      0x6f8 ./src/mainboot.o
 .debug_line    0x00001b6a      0x52a ./src/printf-stdarg.o
 .debug_line    0x00002094       0x8d ./src/startup_stm32f10x_hd.o
 .debug_line    0x00002121      0x6e3 ./src/stm32f10x_it.o
 .debug_line    0x00002804      0x371 ./src/syscalls.o
 .debug_line    0x00002b75      0x4f6 ./src/system_stm32f10x.o
 .debug_line    0x0000306b      0x256 ./src/xprintf.o
 .debug_line    0x000032c1      0x4b9 ./Libraries/STM32F10x_StdPeriph_Driver/src/misc.o
 .debug_line    0x0000377a      0x4da ./Libraries/STM32F10x_StdPeriph_Driver/src/stm32f10x_bkp.o
 .debug_line    0x00003c54      0x4e8 ./Libraries/STM32F10x_StdPeriph_Driver/src/stm32f10x_exti.o
 .debug_line    0x0000413c      0x56d ./Libraries/STM32F10x_StdPeriph_Driver/src/stm32f10x_gpio.o
 .debug_line    0x000046a9      0x4e9 ./Libraries/STM32F10x_StdPeriph_Driver/src/stm32f10x_pwr.o
 .debug_line    0x00004b92      0x5ca ./Libraries/STM32F10x_StdPeriph_Driver/src/stm32f10x_rcc.o
 .debug_line    0x0000515c      0x502 ./Libraries/STM32F10x_StdPeriph_Driver/src/stm32f10x_rtc.o
 .debug_line    0x0000565e      0x893 ./Libraries/STM32F10x_StdPeriph_Driver/src/stm32f10x_tim.o
 .debug_line    0x00005ef1      0x5b8 ./Libraries/STM32F10x_StdPeriph_Driver/src/stm32f10x_usart.o

.debug_str      0x00000000    0x543a4
 .debug_str     0x00000000    0x4e79d ./src/HC05.o
                              0x4e920 (size before relaxing)
 .debug_str     0x0004e79d      0xd2c ./src/command.o
                               0x54c9 (size before relaxing)
 .debug_str     0x0004f4c9       0x31 ./src/delay.o
                               0x22a6 (size before relaxing)
 .debug_str     0x0004f4fa     0x1074 ./src/main.o
                              0x503c0 (size before relaxing)
 .debug_str     0x0005056e      0x235 ./src/mainboot.o
                              0x4ee94 (size before relaxing)
 .debug_str     0x000507a3      0x231 ./src/printf-stdarg.o
                               0x411e (size before relaxing)
 .debug_str     0x000509d4      0x4a3 ./src/stm32f10x_it.o
                              0x4ecdf (size before relaxing)
 .debug_str     0x00050e77      0x566 ./src/syscalls.o
                               0x50f3 (size before relaxing)
 .debug_str     0x000513dd      0x114 ./src/system_stm32f10x.o
                              0x4cc08 (size before relaxing)
 .debug_str     0x000514f1       0x67 ./src/xprintf.o
                               0x2531 (size before relaxing)
 .debug_str     0x00051558      0x139 ./Libraries/STM32F10x_StdPeriph_Driver/src/misc.o
                              0x4cd01 (size before relaxing)
 .debug_str     0x00051691      0x58c ./Libraries/STM32F10x_StdPeriph_Driver/src/stm32f10x_bkp.o
                              0x4d123 (size before relaxing)
 .debug_str     0x00051c1d      0x12c ./Libraries/STM32F10x_StdPeriph_Driver/src/stm32f10x_exti.o
                              0x4cc8e (size before relaxing)
 .debug_str     0x00051d49      0x49b ./Libraries/STM32F10x_StdPeriph_Driver/src/stm32f10x_gpio.o
                              0x4d068 (size before relaxing)
 .debug_str     0x000521e4      0x2ce ./Libraries/STM32F10x_StdPeriph_Driver/src/stm32f10x_pwr.o
                              0x4cde3 (size before relaxing)
 .debug_str     0x000524b2      0xb03 ./Libraries/STM32F10x_StdPeriph_Driver/src/stm32f10x_rcc.o
                              0x4d64e (size before relaxing)
 .debug_str     0x00052fb5      0x1e8 ./Libraries/STM32F10x_StdPeriph_Driver/src/stm32f10x_rtc.o
                              0x4cd05 (size before relaxing)
 .debug_str     0x0005319d      0xadb ./Libraries/STM32F10x_StdPeriph_Driver/src/stm32f10x_tim.o
                              0x4d76c (size before relaxing)
 .debug_str     0x00053c78      0x72c ./Libraries/STM32F10x_StdPeriph_Driver/src/stm32f10x_usart.o
                              0x4d378 (size before relaxing)

.comment        0x00000000       0x30
 .comment       0x00000000       0x30 ./src/HC05.o
                                 0x31 (size before relaxing)
 .comment       0x00000000       0x31 ./src/command.o
 .comment       0x00000000       0x31 ./src/delay.o
 .comment       0x00000000       0x31 ./src/main.o
 .comment       0x00000000       0x31 ./src/mainboot.o
 .comment       0x00000000       0x31 ./src/printf-stdarg.o
 .comment       0x00000000       0x31 ./src/stm32f10x_it.o
 .comment       0x00000000       0x31 ./src/syscalls.o
 .comment       0x00000000       0x31 ./src/system_stm32f10x.o
 .comment       0x00000000       0x31 ./src/xprintf.o
 .comment       0x00000000       0x31 ./Libraries/STM32F10x_StdPeriph_Driver/src/misc.o
 .comment       0x00000000       0x31 ./Libraries/STM32F10x_StdPeriph_Driver/src/stm32f10x_bkp.o
 .comment       0x00000000       0x31 ./Libraries/STM32F10x_StdPeriph_Driver/src/stm32f10x_exti.o
 .comment       0x00000000       0x31 ./Libraries/STM32F10x_StdPeriph_Driver/src/stm32f10x_gpio.o
 .comment       0x00000000       0x31 ./Libraries/STM32F10x_StdPeriph_Driver/src/stm32f10x_pwr.o
 .comment       0x00000000       0x31 ./Libraries/STM32F10x_StdPeriph_Driver/src/stm32f10x_rcc.o
 .comment       0x00000000       0x31 ./Libraries/STM32F10x_StdPeriph_Driver/src/stm32f10x_rtc.o
 .comment       0x00000000       0x31 ./Libraries/STM32F10x_StdPeriph_Driver/src/stm32f10x_tim.o
 .comment       0x00000000       0x31 ./Libraries/STM32F10x_StdPeriph_Driver/src/stm32f10x_usart.o

.debug_frame    0x00000000     0x2f34
 .debug_frame   0x00000000      0x22c ./src/HC05.o
 .debug_frame   0x0000022c      0x1b4 ./src/command.o
 .debug_frame   0x000003e0       0x4c ./src/delay.o
 .debug_frame   0x0000042c      0x180 ./src/main.o
 .debug_frame   0x000005ac      0x140 ./src/mainboot.o
 .debug_frame   0x000006ec      0x12c ./src/printf-stdarg.o
 .debug_frame   0x00000818       0xa4 ./src/stm32f10x_it.o
 .debug_frame   0x000008bc      0x10c ./src/syscalls.o
 .debug_frame   0x000009c8       0x80 ./src/system_stm32f10x.o
 .debug_frame   0x00000a48      0x138 ./src/xprintf.o
 .debug_frame   0x00000b80       0x9c ./Libraries/STM32F10x_StdPeriph_Driver/src/misc.o
 .debug_frame   0x00000c1c      0x160 ./Libraries/STM32F10x_StdPeriph_Driver/src/stm32f10x_bkp.o
 .debug_frame   0x00000d7c       0xf0 ./Libraries/STM32F10x_StdPeriph_Driver/src/stm32f10x_exti.o
 .debug_frame   0x00000e6c      0x210 ./Libraries/STM32F10x_StdPeriph_Driver/src/stm32f10x_gpio.o
 .debug_frame   0x0000107c      0x10c ./Libraries/STM32F10x_StdPeriph_Driver/src/stm32f10x_pwr.o
 .debug_frame   0x00001188      0x394 ./Libraries/STM32F10x_StdPeriph_Driver/src/stm32f10x_rcc.o
 .debug_frame   0x0000151c      0x1a4 ./Libraries/STM32F10x_StdPeriph_Driver/src/stm32f10x_rtc.o
 .debug_frame   0x000016c0      0xa20 ./Libraries/STM32F10x_StdPeriph_Driver/src/stm32f10x_tim.o
 .debug_frame   0x000020e0      0x344 ./Libraries/STM32F10x_StdPeriph_Driver/src/stm32f10x_usart.o
 .debug_frame   0x00002424       0x30 c:/program files (x86)/codesourcery/sourcery_codebench_lite_for_arm_eabi/bin/../lib/gcc/arm-none-eabi/4.7.2/../../../../arm-none-eabi/lib/thumb2\libc.a(lib_a-asctime.o)
 .debug_frame   0x00002454       0x34 c:/program files (x86)/codesourcery/sourcery_codebench_lite_for_arm_eabi/bin/../lib/gcc/arm-none-eabi/4.7.2/../../../../arm-none-eabi/lib/thumb2\libc.a(lib_a-asctime_r.o)
 .debug_frame   0x00002488       0x30 c:/program files (x86)/codesourcery/sourcery_codebench_lite_for_arm_eabi/bin/../lib/gcc/arm-none-eabi/4.7.2/../../../../arm-none-eabi/lib/thumb2\libc.a(lib_a-atoi.o)
 .debug_frame   0x000024b8       0x2c c:/program files (x86)/codesourcery/sourcery_codebench_lite_for_arm_eabi/bin/../lib/gcc/arm-none-eabi/4.7.2/../../../../arm-none-eabi/lib/thumb2\libc.a(lib_a-lcltime.o)
 .debug_frame   0x000024e4       0x20 c:/program files (x86)/codesourcery/sourcery_codebench_lite_for_arm_eabi/bin/../lib/gcc/arm-none-eabi/4.7.2/../../../../arm-none-eabi/lib/thumb2\libc.a(lib_a-lcltime_r.o)
 .debug_frame   0x00002504       0x30 c:/program files (x86)/codesourcery/sourcery_codebench_lite_for_arm_eabi/bin/../lib/gcc/arm-none-eabi/4.7.2/../../../../arm-none-eabi/lib/thumb2\libc.a(lib_a-malloc.o)
 .debug_frame   0x00002534       0x38 c:/program files (x86)/codesourcery/sourcery_codebench_lite_for_arm_eabi/bin/../lib/gcc/arm-none-eabi/4.7.2/../../../../arm-none-eabi/lib/thumb2\libc.a(lib_a-mallocr.o)
 .debug_frame   0x0000256c       0x2c c:/program files (x86)/codesourcery/sourcery_codebench_lite_for_arm_eabi/bin/../lib/gcc/arm-none-eabi/4.7.2/../../../../arm-none-eabi/lib/thumb2\libc.a(lib_a-memccpy.o)
 .debug_frame   0x00002598       0x34 c:/program files (x86)/codesourcery/sourcery_codebench_lite_for_arm_eabi/bin/../lib/gcc/arm-none-eabi/4.7.2/../../../../arm-none-eabi/lib/thumb2\libc.a(lib_a-memcpy.o)
 .debug_frame   0x000025cc       0x2c c:/program files (x86)/codesourcery/sourcery_codebench_lite_for_arm_eabi/bin/../lib/gcc/arm-none-eabi/4.7.2/../../../../arm-none-eabi/lib/thumb2\libc.a(lib_a-memset.o)
 .debug_frame   0x000025f8       0x60 c:/program files (x86)/codesourcery/sourcery_codebench_lite_for_arm_eabi/bin/../lib/gcc/arm-none-eabi/4.7.2/../../../../arm-none-eabi/lib/thumb2\libc.a(lib_a-mktime.o)
 .debug_frame   0x00002658       0x60 c:/program files (x86)/codesourcery/sourcery_codebench_lite_for_arm_eabi/bin/../lib/gcc/arm-none-eabi/4.7.2/../../../../arm-none-eabi/lib/thumb2\libc.a(lib_a-mktm_r.o)
 .debug_frame   0x000026b8       0x30 c:/program files (x86)/codesourcery/sourcery_codebench_lite_for_arm_eabi/bin/../lib/gcc/arm-none-eabi/4.7.2/../../../../arm-none-eabi/lib/thumb2\libc.a(lib_a-mlock.o)
 .debug_frame   0x000026e8       0x2c c:/program files (x86)/codesourcery/sourcery_codebench_lite_for_arm_eabi/bin/../lib/gcc/arm-none-eabi/4.7.2/../../../../arm-none-eabi/lib/thumb2\libc.a(lib_a-sbrkr.o)
 .debug_frame   0x00002714       0x64 c:/program files (x86)/codesourcery/sourcery_codebench_lite_for_arm_eabi/bin/../lib/gcc/arm-none-eabi/4.7.2/../../../../arm-none-eabi/lib/thumb2\libc.a(lib_a-sprintf.o)
 .debug_frame   0x00002778       0x2c c:/program files (x86)/codesourcery/sourcery_codebench_lite_for_arm_eabi/bin/../lib/gcc/arm-none-eabi/4.7.2/../../../../arm-none-eabi/lib/thumb2\libc.a(lib_a-strchr.o)
 .debug_frame   0x000027a4       0x30 c:/program files (x86)/codesourcery/sourcery_codebench_lite_for_arm_eabi/bin/../lib/gcc/arm-none-eabi/4.7.2/../../../../arm-none-eabi/lib/thumb2\libc.a(lib_a-strcmp.o)
 .debug_frame   0x000027d4       0x20 c:/program files (x86)/codesourcery/sourcery_codebench_lite_for_arm_eabi/bin/../lib/gcc/arm-none-eabi/4.7.2/../../../../arm-none-eabi/lib/thumb2\libc.a(lib_a-strlen.o)
 .debug_frame   0x000027f4       0x50 c:/program files (x86)/codesourcery/sourcery_codebench_lite_for_arm_eabi/bin/../lib/gcc/arm-none-eabi/4.7.2/../../../../arm-none-eabi/lib/thumb2\libc.a(lib_a-strtol.o)
 .debug_frame   0x00002844       0x3c c:/program files (x86)/codesourcery/sourcery_codebench_lite_for_arm_eabi/bin/../lib/gcc/arm-none-eabi/4.7.2/../../../../arm-none-eabi/lib/thumb2\libc.a(lib_a-svfprintf.o)
 .debug_frame   0x00002880       0x30 c:/program files (x86)/codesourcery/sourcery_codebench_lite_for_arm_eabi/bin/../lib/gcc/arm-none-eabi/4.7.2/../../../../arm-none-eabi/lib/thumb2\libc.a(lib_a-tzlock.o)
 .debug_frame   0x000028b0       0x30 c:/program files (x86)/codesourcery/sourcery_codebench_lite_for_arm_eabi/bin/../lib/gcc/arm-none-eabi/4.7.2/../../../../arm-none-eabi/lib/thumb2\libc.a(lib_a-div.o)
 .debug_frame   0x000028e0       0x64 c:/program files (x86)/codesourcery/sourcery_codebench_lite_for_arm_eabi/bin/../lib/gcc/arm-none-eabi/4.7.2/../../../../arm-none-eabi/lib/thumb2\libc.a(lib_a-dtoa.o)
 .debug_frame   0x00002944       0x50 c:/program files (x86)/codesourcery/sourcery_codebench_lite_for_arm_eabi/bin/../lib/gcc/arm-none-eabi/4.7.2/../../../../arm-none-eabi/lib/thumb2\libc.a(lib_a-freer.o)
 .debug_frame   0x00002994       0x20 c:/program files (x86)/codesourcery/sourcery_codebench_lite_for_arm_eabi/bin/../lib/gcc/arm-none-eabi/4.7.2/../../../../arm-none-eabi/lib/thumb2\libc.a(lib_a-gettzinfo.o)
 .debug_frame   0x000029b4       0x98 c:/program files (x86)/codesourcery/sourcery_codebench_lite_for_arm_eabi/bin/../lib/gcc/arm-none-eabi/4.7.2/../../../../arm-none-eabi/lib/thumb2\libc.a(lib_a-locale.o)
 .debug_frame   0x00002a4c       0x2c c:/program files (x86)/codesourcery/sourcery_codebench_lite_for_arm_eabi/bin/../lib/gcc/arm-none-eabi/4.7.2/../../../../arm-none-eabi/lib/thumb2\libc.a(lib_a-memchr.o)
 .debug_frame   0x00002a78      0x244 c:/program files (x86)/codesourcery/sourcery_codebench_lite_for_arm_eabi/bin/../lib/gcc/arm-none-eabi/4.7.2/../../../../arm-none-eabi/lib/thumb2\libc.a(lib_a-mprec.o)
 .debug_frame   0x00002cbc       0x64 c:/program files (x86)/codesourcery/sourcery_codebench_lite_for_arm_eabi/bin/../lib/gcc/arm-none-eabi/4.7.2/../../../../arm-none-eabi/lib/thumb2\libc.a(lib_a-reent.o)
 .debug_frame   0x00002d20       0x20 c:/program files (x86)/codesourcery/sourcery_codebench_lite_for_arm_eabi/bin/../lib/gcc/arm-none-eabi/4.7.2/../../../../arm-none-eabi/lib/thumb2\libc.a(lib_a-s_fpclassify.o)
 .debug_frame   0x00002d40       0x64 c:/program files (x86)/codesourcery/sourcery_codebench_lite_for_arm_eabi/bin/../lib/gcc/arm-none-eabi/4.7.2/../../../../arm-none-eabi/lib/thumb2\libc.a(lib_a-svfiprintf.o)
 .debug_frame   0x00002da4       0x28 c:/program files (x86)/codesourcery/sourcery_codebench_lite_for_arm_eabi/bin/../lib/gcc/arm-none-eabi/4.7.2/../../../../arm-none-eabi/lib/thumb2\libc.a(lib_a-callocr.o)
 .debug_frame   0x00002dcc       0x2c c:/program files (x86)/codesourcery/sourcery_codebench_lite_for_arm_eabi/bin/../lib/gcc/arm-none-eabi/4.7.2/../../../../arm-none-eabi/lib/thumb2\libc.a(lib_a-memmove.o)
 .debug_frame   0x00002df8       0x38 c:/program files (x86)/codesourcery/sourcery_codebench_lite_for_arm_eabi/bin/../lib/gcc/arm-none-eabi/4.7.2/../../../../arm-none-eabi/lib/thumb2\libc.a(lib_a-reallocr.o)
 .debug_frame   0x00002e30       0x20 c:/program files (x86)/codesourcery/sourcery_codebench_lite_for_arm_eabi/bin/../lib/gcc/arm-none-eabi/4.7.2/thumb2\libgcc.a(_udivsi3.o)
 .debug_frame   0x00002e50       0x20 c:/program files (x86)/codesourcery/sourcery_codebench_lite_for_arm_eabi/bin/../lib/gcc/arm-none-eabi/4.7.2/thumb2\libgcc.a(_divsi3.o)
 .debug_frame   0x00002e70       0x54 c:/program files (x86)/codesourcery/sourcery_codebench_lite_for_arm_eabi/bin/../lib/gcc/arm-none-eabi/4.7.2/thumb2\libgcc.a(bpabi.o)
 .debug_frame   0x00002ec4       0x38 c:/program files (x86)/codesourcery/sourcery_codebench_lite_for_arm_eabi/bin/../lib/gcc/arm-none-eabi/4.7.2/thumb2\libgcc.a(_divdi3.o)
 .debug_frame   0x00002efc       0x38 c:/program files (x86)/codesourcery/sourcery_codebench_lite_for_arm_eabi/bin/../lib/gcc/arm-none-eabi/4.7.2/thumb2\libgcc.a(_udivdi3.o)

.debug_ranges   0x00000000       0x40
 .debug_ranges  0x00000000       0x18 ./src/printf-stdarg.o
 .debug_ranges  0x00000018       0x28 ./src/startup_stm32f10x_hd.o