Archive member included because of file (symbol)

c:/program files (x86)/codesourcery/sourcery_codebench_lite_for_arm_eabi/bin/../lib/gcc/arm-none-eabi/4.7.2/armv6-m\libgcc.a(_thumb1_case_uqi.o)
                              ./scr/mainboot.o (__gnu_thumb1_case_uqi)
c:/program files (x86)/codesourcery/sourcery_codebench_lite_for_arm_eabi/bin/../lib/gcc/arm-none-eabi/4.7.2/armv6-m\libgcc.a(_udivsi3.o)
                              ./scr/Util.o (__aeabi_uidiv)
c:/program files (x86)/codesourcery/sourcery_codebench_lite_for_arm_eabi/bin/../lib/gcc/arm-none-eabi/4.7.2/armv6-m\libgcc.a(_divsi3.o)
                              ./scr/alarm.o (__aeabi_idivmod)
c:/program files (x86)/codesourcery/sourcery_codebench_lite_for_arm_eabi/bin/../lib/gcc/arm-none-eabi/4.7.2/armv6-m\libgcc.a(_dvmd_tls.o)
                              c:/program files (x86)/codesourcery/sourcery_codebench_lite_for_arm_eabi/bin/../lib/gcc/arm-none-eabi/4.7.2/armv6-m\libgcc.a(_udivsi3.o) (__aeabi_idiv0)
c:/program files (x86)/codesourcery/sourcery_codebench_lite_for_arm_eabi/bin/../lib/gcc/arm-none-eabi/4.7.2/../../../../arm-none-eabi/lib/armv6-m\libc.a(lib_a-atoi.o)
                              ./scr/command.o (atoi)
c:/program files (x86)/codesourcery/sourcery_codebench_lite_for_arm_eabi/bin/../lib/gcc/arm-none-eabi/4.7.2/../../../../arm-none-eabi/lib/armv6-m\libc.a(lib_a-gmtime.o)
                              ./scr/command.o (gmtime)
c:/program files (x86)/codesourcery/sourcery_codebench_lite_for_arm_eabi/bin/../lib/gcc/arm-none-eabi/4.7.2/../../../../arm-none-eabi/lib/armv6-m\libc.a(lib_a-gmtime_r.o)
                              c:/program files (x86)/codesourcery/sourcery_codebench_lite_for_arm_eabi/bin/../lib/gcc/arm-none-eabi/4.7.2/../../../../arm-none-eabi/lib/armv6-m\libc.a(lib_a-gmtime.o) (gmtime_r)
c:/program files (x86)/codesourcery/sourcery_codebench_lite_for_arm_eabi/bin/../lib/gcc/arm-none-eabi/4.7.2/../../../../arm-none-eabi/lib/armv6-m\libc.a(lib_a-impure.o)
                              c:/program files (x86)/codesourcery/sourcery_codebench_lite_for_arm_eabi/bin/../lib/gcc/arm-none-eabi/4.7.2/../../../../arm-none-eabi/lib/armv6-m\libc.a(lib_a-gmtime.o) (_impure_ptr)
c:/program files (x86)/codesourcery/sourcery_codebench_lite_for_arm_eabi/bin/../lib/gcc/arm-none-eabi/4.7.2/../../../../arm-none-eabi/lib/armv6-m\libc.a(lib_a-init.o)
                              ./scr/startup_stm32f091.o (__libc_init_array)
c:/program files (x86)/codesourcery/sourcery_codebench_lite_for_arm_eabi/bin/../lib/gcc/arm-none-eabi/4.7.2/../../../../arm-none-eabi/lib/armv6-m\libc.a(lib_a-memccpy.o)
                              ./scr/command.o (memccpy)
c:/program files (x86)/codesourcery/sourcery_codebench_lite_for_arm_eabi/bin/../lib/gcc/arm-none-eabi/4.7.2/../../../../arm-none-eabi/lib/armv6-m\libc.a(lib_a-memcpy.o)
                              ./scr/Util.o (memcpy)
c:/program files (x86)/codesourcery/sourcery_codebench_lite_for_arm_eabi/bin/../lib/gcc/arm-none-eabi/4.7.2/../../../../arm-none-eabi/lib/armv6-m\libc.a(lib_a-memset.o)
                              ./scr/Util.o (memset)
c:/program files (x86)/codesourcery/sourcery_codebench_lite_for_arm_eabi/bin/../lib/gcc/arm-none-eabi/4.7.2/../../../../arm-none-eabi/lib/armv6-m\libc.a(lib_a-mktm_r.o)
                              c:/program files (x86)/codesourcery/sourcery_codebench_lite_for_arm_eabi/bin/../lib/gcc/arm-none-eabi/4.7.2/../../../../arm-none-eabi/lib/armv6-m\libc.a(lib_a-gmtime_r.o) (_mktm_r)
c:/program files (x86)/codesourcery/sourcery_codebench_lite_for_arm_eabi/bin/../lib/gcc/arm-none-eabi/4.7.2/../../../../arm-none-eabi/lib/armv6-m\libc.a(lib_a-reent.o)
                              ./scr/syscalls.o (errno)
c:/program files (x86)/codesourcery/sourcery_codebench_lite_for_arm_eabi/bin/../lib/gcc/arm-none-eabi/4.7.2/../../../../arm-none-eabi/lib/armv6-m\libc.a(lib_a-strcat.o)
                              ./scr/Util.o (strcat)
c:/program files (x86)/codesourcery/sourcery_codebench_lite_for_arm_eabi/bin/../lib/gcc/arm-none-eabi/4.7.2/../../../../arm-none-eabi/lib/armv6-m\libc.a(lib_a-strchr.o)
                              ./scr/command.o (strchr)
c:/program files (x86)/codesourcery/sourcery_codebench_lite_for_arm_eabi/bin/../lib/gcc/arm-none-eabi/4.7.2/../../../../arm-none-eabi/lib/armv6-m\libc.a(lib_a-strcmp.o)
                              ./scr/command.o (strcmp)
c:/program files (x86)/codesourcery/sourcery_codebench_lite_for_arm_eabi/bin/../lib/gcc/arm-none-eabi/4.7.2/../../../../arm-none-eabi/lib/armv6-m\libc.a(lib_a-strcpy.o)
                              ./scr/command.o (strcpy)
c:/program files (x86)/codesourcery/sourcery_codebench_lite_for_arm_eabi/bin/../lib/gcc/arm-none-eabi/4.7.2/../../../../arm-none-eabi/lib/armv6-m\libc.a(lib_a-strlen.o)
                              ./scr/command.o (strlen)
c:/program files (x86)/codesourcery/sourcery_codebench_lite_for_arm_eabi/bin/../lib/gcc/arm-none-eabi/4.7.2/../../../../arm-none-eabi/lib/armv6-m\libc.a(lib_a-strtol.o)
[...]
Memory Configuration

Name             Origin             Length             Attributes
FLASH            0x08000000         0x00020000         xr
RAM              0x20000000         0x00008000         xrw
*default*        0x00000000         0xffffffff

Linker script and memory map

LOAD c:/program files (x86)/codesourcery/sourcery_codebench_lite_for_arm_eabi/bin/../lib/gcc/arm-none-eabi/4.7.2/armv6-m/crti.o
LOAD c:/program files (x86)/codesourcery/sourcery_codebench_lite_for_arm_eabi/bin/../lib/gcc/arm-none-eabi/4.7.2/armv6-m/crtbegin.o
LOAD ./scr/CAM_0706.o
LOAD ./scr/Util.o
LOAD ./scr/alarm.o
LOAD ./scr/command.o
LOAD ./scr/main.o
LOAD ./scr/mainboot.o
LOAD ./scr/startup_stm32f091.o
LOAD ./scr/stm32f0xx_it.o
LOAD ./scr/syscalls.o
LOAD ./scr/system_stm32f0xx.o
LOAD ./scr/xprintf.o
LOAD ./Libraries/STM32F0xx_StdPeriph_Driver/src/stm32f0xx_adc.o
LOAD ./Libraries/STM32F0xx_StdPeriph_Driver/src/stm32f0xx_can.o
LOAD ./Libraries/STM32F0xx_StdPeriph_Driver/src/stm32f0xx_cec.o
LOAD ./Libraries/STM32F0xx_StdPeriph_Driver/src/stm32f0xx_comp.o
LOAD ./Libraries/STM32F0xx_StdPeriph_Driver/src/stm32f0xx_crc.o
LOAD ./Libraries/STM32F0xx_StdPeriph_Driver/src/stm32f0xx_crs.o
LOAD ./Libraries/STM32F0xx_StdPeriph_Driver/src/stm32f0xx_dac.o
LOAD ./Libraries/STM32F0xx_StdPeriph_Driver/src/stm32f0xx_dbgmcu.o
LOAD ./Libraries/STM32F0xx_StdPeriph_Driver/src/stm32f0xx_dma.o
LOAD ./Libraries/STM32F0xx_StdPeriph_Driver/src/stm32f0xx_exti.o
LOAD ./Libraries/STM32F0xx_StdPeriph_Driver/src/stm32f0xx_flash.o
LOAD ./Libraries/STM32F0xx_StdPeriph_Driver/src/stm32f0xx_gpio.o
LOAD ./Libraries/STM32F0xx_StdPeriph_Driver/src/stm32f0xx_i2c.o
LOAD ./Libraries/STM32F0xx_StdPeriph_Driver/src/stm32f0xx_iwdg.o
LOAD ./Libraries/STM32F0xx_StdPeriph_Driver/src/stm32f0xx_misc.o
LOAD ./Libraries/STM32F0xx_StdPeriph_Driver/src/stm32f0xx_pwr.o
LOAD ./Libraries/STM32F0xx_StdPeriph_Driver/src/stm32f0xx_rcc.o
LOAD ./Libraries/STM32F0xx_StdPeriph_Driver/src/stm32f0xx_rtc.o
LOAD ./Libraries/STM32F0xx_StdPeriph_Driver/src/stm32f0xx_spi.o
LOAD ./Libraries/STM32F0xx_StdPeriph_Driver/src/stm32f0xx_syscfg.o
LOAD ./Libraries/STM32F0xx_StdPeriph_Driver/src/stm32f0xx_tim.o
LOAD ./Libraries/STM32F0xx_StdPeriph_Driver/src/stm32f0xx_usart.o
LOAD ./Libraries/STM32F0xx_StdPeriph_Driver/src/stm32f0xx_wwdg.o
LOAD c:/program files (x86)/codesourcery/sourcery_codebench_lite_for_arm_eabi/bin/../lib/gcc/arm-none-eabi/4.7.2/../../../../arm-none-eabi/lib/armv6-m\libm.a
START GROUP
LOAD c:/program files (x86)/codesourcery/sourcery_codebench_lite_for_arm_eabi/bin/../lib/gcc/arm-none-eabi/4.7.2/armv6-m\libgcc.a
LOAD c:/program files (x86)/codesourcery/sourcery_codebench_lite_for_arm_eabi/bin/../lib/gcc/arm-none-eabi/4.7.2/../../../../arm-none-eabi/lib/armv6-m\libc.a
END GROUP
LOAD c:/program files (x86)/codesourcery/sourcery_codebench_lite_for_arm_eabi/bin/../lib/gcc/arm-none-eabi/4.7.2/armv6-m/crtend.o
LOAD c:/program files (x86)/codesourcery/sourcery_codebench_lite_for_arm_eabi/bin/../lib/gcc/arm-none-eabi/4.7.2/armv6-m/crtn.o
                0x20007fff                _estack = 0x20007fff
                0x00000200                _Min_Heap_Size = 0x200
                0x00000400                _Min_Stack_Size = 0x400

.isr_vector     0x08000000       0xbc
                0x08000000                . = ALIGN (0x4)
 *(.isr_vector)
 .isr_vector    0x08000000       0xbc ./scr/startup_stm32f091.o
                0x08000000                g_pfnVectors
                0x080000bc                . = ALIGN (0x4)

.text           0x080000bc     0x102c
                0x080000bc                . = ALIGN (0x4)
 *(.text)
 .text          0x080000bc       0xbc c:/program files (x86)/codesourcery/sourcery_codebench_lite_for_arm_eabi/bin/../lib/gcc/arm-none-eabi/4.7.2/armv6-m/crtbegin.o
 .text          0x08000178       0x14 c:/program files (x86)/codesourcery/sourcery_codebench_lite_for_arm_eabi/bin/../lib/gcc/arm-none-eabi/4.7.2/armv6-m\libgcc.a(_thumb1_case_uqi.o)
                0x08000178                __gnu_thumb1_case_uqi
 .text          0x0800018c       0x9c c:/program files (x86)/codesourcery/sourcery_codebench_lite_for_arm_eabi/bin/../lib/gcc/arm-none-eabi/4.7.2/armv6-m\libgcc.a(_udivsi3.o)
                0x0800018c                __aeabi_uidiv
                0x0800018c                __udivsi3
                0x08000214                __aeabi_uidivmod
 .text          0x08000228        0x4 c:/program files (x86)/codesourcery/sourcery_codebench_lite_for_arm_eabi/bin/../lib/gcc/arm-none-eabi/4.7.2/armv6-m\libgcc.a(_dvmd_tls.o)
                0x08000228                __aeabi_idiv0
                0x08000228                __aeabi_ldiv0
 .text          0x0800022c       0x44 c:/program files (x86)/codesourcery/sourcery_codebench_lite_for_arm_eabi/bin/../lib/gcc/arm-none-eabi/4.7.2/../../../../arm-none-eabi/lib/armv6-m\libc.a(lib_a-init.o)
                0x0800022c                __libc_init_array
 .text          0x08000270       0x94 c:/program files (x86)/codesourcery/sourcery_codebench_lite_for_arm_eabi/bin/../lib/gcc/arm-none-eabi/4.7.2/../../../../arm-none-eabi/lib/armv6-m\libc.a(lib_a-memset.o)
                0x08000270                memset
 *(.text*)
 .text.PC_USART_Init
                0x08000304       0x3c ./scr/main.o
                0x08000304                PC_USART_Init
 .text.startup.main
                0x08000340      0x234 ./scr/main.o
                0x08000340                main
 .text.SerialPutChar
                0x08000574       0x20 ./scr/mainboot.o
                0x08000574                SerialPutChar
 .text.USARTxPutChar
                0x08000594       0x1c ./scr/mainboot.o
                0x08000594                USARTxPutChar
 .text.Reset_Handler
                0x080005b0       0x80 ./scr/startup_stm32f091.o
                0x080005b0                Reset_Handler
 .text.Default_Handler
                0x08000630        0x2 ./scr/startup_stm32f091.o
                0x08000630                TIM1_CC_IRQHandler
                0x08000630                TSC_IRQHandler
                0x08000630                ADC1_COMP_IRQHandler
                0x08000630                I2C1_IRQHandler
                0x08000630                RCC_CRS_IRQHandler
                0x08000630                SPI1_IRQHandler
                0x08000630                TIM6_DAC_IRQHandler
                0x08000630                DMA1_Ch1_IRQHandler
                0x08000630                EXTI2_3_IRQHandler
                0x08000630                I2C2_IRQHandler
                0x08000630                TIM17_IRQHandler
                0x08000630                CEC_CAN_IRQHandler
                0x08000630                RTC_IRQHandler
                0x08000630                PVD_VDDIO2_IRQHandler
                0x08000630                TIM16_IRQHandler
                0x08000630                TIM3_IRQHandler
                0x08000630                EXTI4_15_IRQHandler
                0x08000630                Default_Handler
                0x08000630                TIM14_IRQHandler
                0x08000630                TIM7_IRQHandler
                0x08000630                TIM15_IRQHandler
                0x08000630                EXTI0_1_IRQHandler
                0x08000630                SPI2_IRQHandler
                0x08000630                DMA1_Ch2_3_DMA2_Ch1_2_IRQHandler
                0x08000630                DMA1_Ch4_7_DMA2_Ch3_5_IRQHandler
                0x08000630                WWDG_IRQHandler
                0x08000630                TIM2_IRQHandler
                0x08000630                FLASH_IRQHandler
                0x08000630                TIM1_BRK_UP_TRG_COM_IRQHandler
 .text.NMI_Handler
                0x08000632        0x2 ./scr/stm32f0xx_it.o
                0x08000632                NMI_Handler
 .text.HardFault_Handler
                0x08000634        0x4 ./scr/stm32f0xx_it.o
                0x08000634                HardFault_Handler
 .text.SVC_Handler
                0x08000638        0x2 ./scr/stm32f0xx_it.o
                0x08000638                SVC_Handler
 .text.PendSV_Handler
                0x0800063a        0x2 ./scr/stm32f0xx_it.o
                0x0800063a                PendSV_Handler
 .text.SysTick_Handler
                0x0800063c       0x48 ./scr/stm32f0xx_it.o
                0x0800063c                SysTick_Handler
 .text.USART1_IRQHandler
                0x08000684      0x124 ./scr/stm32f0xx_it.o
                0x08000684                USART1_IRQHandler
 .text.USART2_IRQHandler
                0x080007a8       0x84 ./scr/stm32f0xx_it.o
                0x080007a8                USART2_IRQHandler
 .text.USART3_8_IRQHandler
                0x0800082c       0xbc ./scr/stm32f0xx_it.o
                0x0800082c                USART3_8_IRQHandler
 .text.SystemInit
                0x080008e8       0xfc ./scr/system_stm32f0xx.o
                0x080008e8                SystemInit
 .text.xputc    0x080009e4       0x28 ./scr/xprintf.o
                0x080009e4                xputc
 .text.xputs    0x08000a0c       0x14 ./scr/xprintf.o
                0x08000a0c                xputs
 .text.xvprintf
                0x08000a20      0x1c4 ./scr/xprintf.o
 .text.xprintf  0x08000be4       0x18 ./scr/xprintf.o
                0x08000be4                xprintf
 .text.GPIO_Init
                0x08000bfc       0x78 ./Libraries/STM32F0xx_StdPeriph_Driver/src/stm32f0xx_gpio.o
                0x08000bfc                GPIO_Init
 .text.GPIO_ReadOutputDataBit
                0x08000c74        0xa ./Libraries/STM32F0xx_StdPeriph_Driver/src/stm32f0xx_gpio.o
                0x08000c74                GPIO_ReadOutputDataBit
 .text.GPIO_ResetBits
                0x08000c7e        0x4 ./Libraries/STM32F0xx_StdPeriph_Driver/src/stm32f0xx_gpio.o
                0x08000c7e                GPIO_ResetBits
 .text.GPIO_WriteBit
                0x08000c82        0xe ./Libraries/STM32F0xx_StdPeriph_Driver/src/stm32f0xx_gpio.o
                0x08000c82                GPIO_WriteBit
 .text.GPIO_PinAFConfig
                0x08000c90       0x24 ./Libraries/STM32F0xx_StdPeriph_Driver/src/stm32f0xx_gpio.o
                0x08000c90                GPIO_PinAFConfig
 .text.NVIC_Init
                0x08000cb4       0x58 ./Libraries/STM32F0xx_StdPeriph_Driver/src/stm32f0xx_misc.o
                0x08000cb4                NVIC_Init
 .text.SysTick_CLKSourceConfig
                0x08000d0c       0x1c ./Libraries/STM32F0xx_StdPeriph_Driver/src/stm32f0xx_misc.o
                0x08000d0c                SysTick_CLKSourceConfig
 .text.RCC_DeInit
                0x08000d28       0x60 ./Libraries/STM32F0xx_StdPeriph_Driver/src/stm32f0xx_rcc.o
                0x08000d28                RCC_DeInit
 .text.RCC_GetClocksFreq
                0x08000d88      0x18c ./Libraries/STM32F0xx_StdPeriph_Driver/src/stm32f0xx_rcc.o
                0x08000d88                RCC_GetClocksFreq
 .text.RCC_AHBPeriphClockCmd
                0x08000f14       0x1c ./Libraries/STM32F0xx_StdPeriph_Driver/src/stm32f0xx_rcc.o
                0x08000f14                RCC_AHBPeriphClockCmd
 .text.RCC_APB2PeriphClockCmd
                0x08000f30       0x1c ./Libraries/STM32F0xx_StdPeriph_Driver/src/stm32f0xx_rcc.o
                0x08000f30                RCC_APB2PeriphClockCmd
 .text.RCC_APB1PeriphClockCmd
                0x08000f4c       0x1c ./Libraries/STM32F0xx_StdPeriph_Driver/src/stm32f0xx_rcc.o
                0x08000f4c                RCC_APB1PeriphClockCmd
 .text.USART_Init
                0x08000f68       0xc4 ./Libraries/STM32F0xx_StdPeriph_Driver/src/stm32f0xx_usart.o
                0x08000f68                USART_Init
 .text.USART_Cmd
                0x0800102c       0x16 ./Libraries/STM32F0xx_StdPeriph_Driver/src/stm32f0xx_usart.o
                0x0800102c                USART_Cmd
 .text.USART_SendData
                0x08001042        0x8 ./Libraries/STM32F0xx_StdPeriph_Driver/src/stm32f0xx_usart.o
                0x08001042                USART_SendData
 .text.USART_ReceiveData
                0x0800104a        0x8 ./Libraries/STM32F0xx_StdPeriph_Driver/src/stm32f0xx_usart.o
                0x0800104a                USART_ReceiveData
 .text.USART_ITConfig
                0x08001052       0x2e ./Libraries/STM32F0xx_StdPeriph_Driver/src/stm32f0xx_usart.o
                0x08001052                USART_ITConfig
 .text.USART_GetFlagStatus
                0x08001080        0xa ./Libraries/STM32F0xx_StdPeriph_Driver/src/stm32f0xx_usart.o
                0x08001080                USART_GetFlagStatus
 .text.USART_GetITStatus
                0x0800108a       0x3a ./Libraries/STM32F0xx_StdPeriph_Driver/src/stm32f0xx_usart.o
                0x0800108a                USART_GetITStatus
 .text.USART_ClearITPendingBit
                0x080010c4        0xa ./Libraries/STM32F0xx_StdPeriph_Driver/src/stm32f0xx_usart.o
                0x080010c4                USART_ClearITPendingBit
 *(.glue_7)
 .glue_7        0x00000000        0x0 linker stubs
 *(.glue_7t)
 .glue_7t       0x00000000        0x0 linker stubs
 *(.eh_frame)
 *fill*         0x080010ce        0x2 
 .eh_frame      0x080010d0        0x0 c:/program files (x86)/codesourcery/sourcery_codebench_lite_for_arm_eabi/bin/../lib/gcc/arm-none-eabi/4.7.2/armv6-m/crtbegin.o
 *(.init)
 .init          0x080010d0        0x4 c:/program files (x86)/codesourcery/sourcery_codebench_lite_for_arm_eabi/bin/../lib/gcc/arm-none-eabi/4.7.2/armv6-m/crti.o
                0x080010d0                _init
 .init          0x080010d4        0x8 c:/program files (x86)/codesourcery/sourcery_codebench_lite_for_arm_eabi/bin/../lib/gcc/arm-none-eabi/4.7.2/armv6-m/crtn.o
 *(.fini)
 .fini          0x080010dc        0x4 c:/program files (x86)/codesourcery/sourcery_codebench_lite_for_arm_eabi/bin/../lib/gcc/arm-none-eabi/4.7.2/armv6-m/crti.o
                0x080010dc                _fini
 .fini          0x080010e0        0x8 c:/program files (x86)/codesourcery/sourcery_codebench_lite_for_arm_eabi/bin/../lib/gcc/arm-none-eabi/4.7.2/armv6-m/crtn.o
                0x080010e8                . = ALIGN (0x4)
                0x080010e8                _etext = .

.vfp11_veneer   0x080010e8        0x0
 .vfp11_veneer  0x00000000        0x0 linker stubs

.v4_bx          0x080010e8        0x0
 .v4_bx         0x00000000        0x0 linker stubs

.iplt           0x080010e8        0x0
 .iplt          0x00000000        0x0 c:/program files (x86)/codesourcery/sourcery_codebench_lite_for_arm_eabi/bin/../lib/gcc/arm-none-eabi/4.7.2/armv6-m/crtbegin.o

.rodata         0x080010e8       0x10
                0x080010e8                . = ALIGN (0x4)
 *(.rodata)
 *(.rodata*)
 .rodata.str1.1
                0x080010e8        0xf ./scr/main.o
                0x080010f8                . = ALIGN (0x4)
 *fill*         0x080010f7        0x1 

.rel.dyn        0x080010f8        0x0
 .rel.iplt      0x00000000        0x0 c:/program files (x86)/codesourcery/sourcery_codebench_lite_for_arm_eabi/bin/../lib/gcc/arm-none-eabi/4.7.2/armv6-m/crtbegin.o

.ARM.extab
 *(.ARM.extab* .gnu.linkonce.armextab.*)

.ARM            0x080010f8        0x0
                0x080010f8                __exidx_start = .
 *(.ARM.exidx*)
                0x080010f8                __exidx_end = .

.preinit_array  0x080010f8        0x0
                0x080010f8                PROVIDE (__preinit_array_start, .)
 *(.preinit_array*)
                0x080010f8                PROVIDE (__preinit_array_end, .)

.init_array     0x080010f8        0x4
                0x080010f8                PROVIDE (__init_array_start, .)
 *(SORT(.init_array.*))
 *(.init_array*)
 .init_array    0x080010f8        0x4 c:/program files (x86)/codesourcery/sourcery_codebench_lite_for_arm_eabi/bin/../lib/gcc/arm-none-eabi/4.7.2/armv6-m/crtbegin.o
                0x080010fc                PROVIDE (__init_array_end, .)

.fini_array     0x080010fc        0x4
                0x080010fc                PROVIDE (__fini_array_start, .)
 *(SORT(.fini_array.*))
 *(.fini_array*)
 .fini_array    0x080010fc        0x4 c:/program files (x86)/codesourcery/sourcery_codebench_lite_for_arm_eabi/bin/../lib/gcc/arm-none-eabi/4.7.2/armv6-m/crtbegin.o
                0x08001100                PROVIDE (__fini_array_end, .)
                0x08001100                _sidata = LOADADDR (.data)

.data           0x20000000       0x14 load address 0x08001100
                0x20000000                . = ALIGN (0x4)
                0x20000000                _sdata = .
 *(.data)
 *(.data*)
 .data.SystemCoreClock
                0x20000000        0x4 ./scr/system_stm32f0xx.o
                0x20000000                SystemCoreClock
 .data.APBAHBPrescTable
                0x20000004       0x10 ./Libraries/STM32F0xx_StdPeriph_Driver/src/stm32f0xx_rcc.o
                0x20000014                . = ALIGN (0x4)
                0x20000014                _edata = .

.jcr            0x20000014        0x0 load address 0x08001114
 .jcr           0x20000014        0x0 c:/program files (x86)/codesourcery/sourcery_codebench_lite_for_arm_eabi/bin/../lib/gcc/arm-none-eabi/4.7.2/armv6-m/crtbegin.o

.tm_clone_table
                0x20000014        0x0 load address 0x08001114
 .tm_clone_table
                0x20000014        0x0 c:/program files (x86)/codesourcery/sourcery_codebench_lite_for_arm_eabi/bin/../lib/gcc/arm-none-eabi/4.7.2/armv6-m/crtbegin.o
 .tm_clone_table
                0x20000014        0x0 c:/program files (x86)/codesourcery/sourcery_codebench_lite_for_arm_eabi/bin/../lib/gcc/arm-none-eabi/4.7.2/armv6-m/crtend.o

.igot.plt       0x20000014        0x0 load address 0x08001114
 .igot.plt      0x00000000        0x0 c:/program files (x86)/codesourcery/sourcery_codebench_lite_for_arm_eabi/bin/../lib/gcc/arm-none-eabi/4.7.2/armv6-m/crtbegin.o
                0x20000014                . = ALIGN (0x4)

.bss            0x20000014      0x544 load address 0x08001114
                0x20000014                _sbss = .
                0x20000014                __bss_start__ = _sbss
 *(.bss)
 .bss           0x20000014       0x1c c:/program files (x86)/codesourcery/sourcery_codebench_lite_for_arm_eabi/bin/../lib/gcc/arm-none-eabi/4.7.2/armv6-m/crtbegin.o
 *(.bss*)
 .bss.check_time
                0x20000030        0x4 ./scr/main.o
                0x20000030                check_time
 .bss.ulTickCount
                0x20000034        0x4 ./scr/main.o
                0x20000034                ulTickCount
 .bss.ulMiliCount
                0x20000038        0x4 ./scr/main.o
                0x20000038                ulMiliCount
 .bss.ulTick100
                0x2000003c        0x4 ./scr/main.o
                0x2000003c                ulTick100
 .bss.ulSecCount
                0x20000040        0x4 ./scr/main.o
                0x20000040                ulSecCount
 .bss.buff_data_idx
                0x20000044        0x4 ./scr/stm32f0xx_it.o
                0x20000044                buff_data_idx
 .bss.buff_cmd_idx
                0x20000048        0x4 ./scr/stm32f0xx_it.o
                0x20000048                buff_cmd_idx
 .bss.Camera_idx
                0x2000004c        0x4 ./scr/stm32f0xx_it.o
                0x2000004c                Camera_idx
 .bss.outptr    0x20000050        0x4 ./scr/xprintf.o
 *(COMMON)
 COMMON         0x20000054      0x500 ./scr/stm32f0xx_it.o
                0x20000054                buff_data
                0x20000454                buff_cmd
 COMMON         0x20000554        0x4 ./scr/xprintf.o
                0x20000554                xfunc_out
                0x20000558                . = ALIGN (0x4)
                0x20000558                _ebss = .
                0x20000558                __bss_end__ = _ebss

._user_heap_stack
                0x20000558      0x600 load address 0x08001114
                0x20000558                . = ALIGN (0x4)
                0x20000558                PROVIDE (end, .)
                0x20000558                PROVIDE (_end, .)
                0x20000758                . = (. + _Min_Heap_Size)
 *fill*         0x20000558      0x200 
                0x20000b58                . = (. + _Min_Stack_Size)
 *fill*         0x20000758      0x400 
                0x20000b58                . = ALIGN (0x4)

/DISCARD/
 libc.a(*)
 libm.a(*)
 libgcc.a(*)

.ARM.attributes
                0x00000000       0x2d
 *(.ARM.attributes)
 .ARM.attributes
                0x00000000       0x1d c:/program files (x86)/codesourcery/sourcery_codebench_lite_for_arm_eabi/bin/../lib/gcc/arm-none-eabi/4.7.2/armv6-m/crti.o
 .ARM.attributes
                0x0000001d       0x2b c:/program files (x86)/codesourcery/sourcery_codebench_lite_for_arm_eabi/bin/../lib/gcc/arm-none-eabi/4.7.2/armv6-m/crtbegin.o
 .ARM.attributes
                0x00000048       0x31 ./scr/main.o
 .ARM.attributes
                0x00000079       0x31 ./scr/mainboot.o
 .ARM.attributes
                0x000000aa       0x21 ./scr/startup_stm32f091.o
 .ARM.attributes
                0x000000cb       0x31 ./scr/stm32f0xx_it.o
 .ARM.attributes
                0x000000fc       0x31 ./scr/system_stm32f0xx.o
 .ARM.attributes
                0x0000012d       0x31 ./scr/xprintf.o
 .ARM.attributes
                0x0000015e       0x31 ./Libraries/STM32F0xx_StdPeriph_Driver/src/stm32f0xx_gpio.o
 .ARM.attributes
                0x0000018f       0x31 ./Libraries/STM32F0xx_StdPeriph_Driver/src/stm32f0xx_misc.o
 .ARM.attributes
                0x000001c0       0x31 ./Libraries/STM32F0xx_StdPeriph_Driver/src/stm32f0xx_rcc.o
 .ARM.attributes
                0x000001f1       0x31 ./Libraries/STM32F0xx_StdPeriph_Driver/src/stm32f0xx_usart.o
 .ARM.attributes
                0x00000222       0x1d c:/program files (x86)/codesourcery/sourcery_codebench_lite_for_arm_eabi/bin/../lib/gcc/arm-none-eabi/4.7.2/armv6-m\libgcc.a(_thumb1_case_uqi.o)
 .ARM.attributes
                0x0000023f       0x1d c:/program files (x86)/codesourcery/sourcery_codebench_lite_for_arm_eabi/bin/../lib/gcc/arm-none-eabi/4.7.2/armv6-m\libgcc.a(_udivsi3.o)
 .ARM.attributes
                0x0000025c       0x1d c:/program files (x86)/codesourcery/sourcery_codebench_lite_for_arm_eabi/bin/../lib/gcc/arm-none-eabi/4.7.2/armv6-m\libgcc.a(_dvmd_tls.o)
 .ARM.attributes
                0x00000279       0x2b c:/program files (x86)/codesourcery/sourcery_codebench_lite_for_arm_eabi/bin/../lib/gcc/arm-none-eabi/4.7.2/../../../../arm-none-eabi/lib/armv6-m\libc.a(lib_a-init.o)
 .ARM.attributes
                0x000002a4       0x2b c:/program files (x86)/codesourcery/sourcery_codebench_lite_for_arm_eabi/bin/../lib/gcc/arm-none-eabi/4.7.2/../../../../arm-none-eabi/lib/armv6-m\libc.a(lib_a-memset.o)
 .ARM.attributes
                0x000002cf       0x2b c:/program files (x86)/codesourcery/sourcery_codebench_lite_for_arm_eabi/bin/../lib/gcc/arm-none-eabi/4.7.2/armv6-m/crtend.o
 .ARM.attributes
                0x000002fa       0x1d c:/program files (x86)/codesourcery/sourcery_codebench_lite_for_arm_eabi/bin/../lib/gcc/arm-none-eabi/4.7.2/armv6-m/crtn.o
OUTPUT(cam_hub.elf elf32-littlearm)

.debug_info     0x00000000     0x4f21
 .debug_info    0x00000000     0x131b ./scr/main.o
 .debug_info    0x0000131b      0x464 ./scr/mainboot.o
 .debug_info    0x0000177f       0x69 ./scr/startup_stm32f091.o
 .debug_info    0x000017e8      0x82e ./scr/stm32f0xx_it.o
 .debug_info    0x00002016      0x337 ./scr/system_stm32f0xx.o
 .debug_info    0x0000234d      0x54d ./scr/xprintf.o
 .debug_info    0x0000289a      0x6e8 ./Libraries/STM32F0xx_StdPeriph_Driver/src/stm32f0xx_gpio.o
 .debug_info    0x00002f82      0x3a6 ./Libraries/STM32F0xx_StdPeriph_Driver/src/stm32f0xx_misc.o
 .debug_info    0x00003328      0xb59 ./Libraries/STM32F0xx_StdPeriph_Driver/src/stm32f0xx_rcc.o
 .debug_info    0x00003e81     0x10a0 ./Libraries/STM32F0xx_StdPeriph_Driver/src/stm32f0xx_usart.o

.debug_abbrev   0x00000000     0x110c
 .debug_abbrev  0x00000000      0x2cd ./scr/main.o
 .debug_abbrev  0x000002cd      0x16b ./scr/mainboot.o
 .debug_abbrev  0x00000438       0x12 ./scr/startup_stm32f091.o
 .debug_abbrev  0x0000044a      0x207 ./scr/stm32f0xx_it.o
 .debug_abbrev  0x00000651      0x153 ./scr/system_stm32f0xx.o
 .debug_abbrev  0x000007a4      0x1be ./scr/xprintf.o
 .debug_abbrev  0x00000962      0x1fe ./Libraries/STM32F0xx_StdPeriph_Driver/src/stm32f0xx_gpio.o
 .debug_abbrev  0x00000b60      0x13b ./Libraries/STM32F0xx_StdPeriph_Driver/src/stm32f0xx_misc.o
 .debug_abbrev  0x00000c9b      0x26b ./Libraries/STM32F0xx_StdPeriph_Driver/src/stm32f0xx_rcc.o
 .debug_abbrev  0x00000f06      0x206 ./Libraries/STM32F0xx_StdPeriph_Driver/src/stm32f0xx_usart.o

.debug_loc      0x00000000     0x2b7a
 .debug_loc     0x00000000      0x33d ./scr/main.o
 .debug_loc     0x0000033d      0x1d4 ./scr/mainboot.o
 .debug_loc     0x00000511       0xdc ./scr/stm32f0xx_it.o
 .debug_loc     0x000005ed      0x18d ./scr/system_stm32f0xx.o
 .debug_loc     0x0000077a      0x822 ./scr/xprintf.o
 .debug_loc     0x00000f9c      0x371 ./Libraries/STM32F0xx_StdPeriph_Driver/src/stm32f0xx_gpio.o
 .debug_loc     0x0000130d      0x125 ./Libraries/STM32F0xx_StdPeriph_Driver/src/stm32f0xx_misc.o
 .debug_loc     0x00001432      0xb39 ./Libraries/STM32F0xx_StdPeriph_Driver/src/stm32f0xx_rcc.o
 .debug_loc     0x00001f6b      0xc0f ./Libraries/STM32F0xx_StdPeriph_Driver/src/stm32f0xx_usart.o

.debug_aranges  0x00000000      0x560
 .debug_aranges
                0x00000000       0x60 ./scr/main.o
 .debug_aranges
                0x00000060       0x50 ./scr/mainboot.o
 .debug_aranges
                0x000000b0       0x28 ./scr/startup_stm32f091.o
 .debug_aranges
                0x000000d8       0x58 ./scr/stm32f0xx_it.o
 .debug_aranges
                0x00000130       0x28 ./scr/system_stm32f0xx.o
 .debug_aranges
                0x00000158       0x58 ./scr/xprintf.o
 .debug_aranges
                0x000001b0       0x80 ./Libraries/STM32F0xx_StdPeriph_Driver/src/stm32f0xx_gpio.o
 .debug_aranges
                0x00000230       0x30 ./Libraries/STM32F0xx_StdPeriph_Driver/src/stm32f0xx_misc.o
 .debug_aranges
                0x00000260      0x160 ./Libraries/STM32F0xx_StdPeriph_Driver/src/stm32f0xx_rcc.o
 .debug_aranges
                0x000003c0      0x1a0 ./Libraries/STM32F0xx_StdPeriph_Driver/src/stm32f0xx_usart.o

.debug_ranges   0x00000000      0x588
 .debug_ranges  0x00000000       0xe0 ./scr/main.o
 .debug_ranges  0x000000e0       0x40 ./scr/mainboot.o
 .debug_ranges  0x00000120       0x20 ./scr/startup_stm32f091.o
 .debug_ranges  0x00000140       0x48 ./scr/stm32f0xx_it.o
 .debug_ranges  0x00000188       0x48 ./scr/system_stm32f0xx.o
 .debug_ranges  0x000001d0       0x48 ./scr/xprintf.o
 .debug_ranges  0x00000218       0x70 ./Libraries/STM32F0xx_StdPeriph_Driver/src/stm32f0xx_gpio.o
 .debug_ranges  0x00000288       0x20 ./Libraries/STM32F0xx_StdPeriph_Driver/src/stm32f0xx_misc.o
 .debug_ranges  0x000002a8      0x150 ./Libraries/STM32F0xx_StdPeriph_Driver/src/stm32f0xx_rcc.o
 .debug_ranges  0x000003f8      0x190 ./Libraries/STM32F0xx_StdPeriph_Driver/src/stm32f0xx_usart.o

.debug_macro    0x00000000     0x1409
 .debug_macro   0x00000000      0x184 ./scr/main.o
 .debug_macro   0x00000184      0x233 ./scr/mainboot.o
 .debug_macro   0x000003b7      0x212 ./scr/stm32f0xx_it.o
 .debug_macro   0x000005c9      0x145 ./scr/system_stm32f0xx.o
 .debug_macro   0x0000070e       0x23 ./scr/xprintf.o
 .debug_macro   0x00000731       0x58 ./scr/xprintf.o
 .debug_macro   0x00000789      0x14f ./Libraries/STM32F0xx_StdPeriph_Driver/src/stm32f0xx_gpio.o
 .debug_macro   0x000008d8      0x17f ./Libraries/STM32F0xx_StdPeriph_Driver/src/stm32f0xx_gpio.o
 .debug_macro   0x00000a57      0x14f ./Libraries/STM32F0xx_StdPeriph_Driver/src/stm32f0xx_misc.o
 .debug_macro   0x00000ba6       0x34 ./Libraries/STM32F0xx_StdPeriph_Driver/src/stm32f0xx_misc.o
 .debug_macro   0x00000bda      0x16d ./Libraries/STM32F0xx_StdPeriph_Driver/src/stm32f0xx_rcc.o
 .debug_macro   0x00000d47      0x55b ./Libraries/STM32F0xx_StdPeriph_Driver/src/stm32f0xx_rcc.o
 .debug_macro   0x000012a2      0x167 ./Libraries/STM32F0xx_StdPeriph_Driver/src/stm32f0xx_usart.o

.debug_line     0x00000000     0x39fe
 .debug_line    0x00000000      0x672 ./scr/main.o
 .debug_line    0x00000672      0x73a ./scr/mainboot.o
 .debug_line    0x00000dac       0x90 ./scr/startup_stm32f091.o
 .debug_line    0x00000e3c      0x766 ./scr/stm32f0xx_it.o
 .debug_line    0x000015a2      0x4f9 ./scr/system_stm32f0xx.o
 .debug_line    0x00001a9b      0x29b ./scr/xprintf.o
 .debug_line    0x00001d36      0x5ec ./Libraries/STM32F0xx_StdPeriph_Driver/src/stm32f0xx_gpio.o
 .debug_line    0x00002322      0x4f0 ./Libraries/STM32F0xx_StdPeriph_Driver/src/stm32f0xx_misc.o
 .debug_line    0x00002812      0x8a3 ./Libraries/STM32F0xx_StdPeriph_Driver/src/stm32f0xx_rcc.o
 .debug_line    0x000030b5      0x949 ./Libraries/STM32F0xx_StdPeriph_Driver/src/stm32f0xx_usart.o

.debug_str      0x00000000    0x4cd45
 .debug_str     0x00000000    0x49fd7 ./scr/main.o
                              0x4a1f2 (size before relaxing)
 .debug_str     0x00049fd7     0x1b93 ./scr/mainboot.o
                              0x4b699 (size before relaxing)
 .debug_str     0x0004bb6a      0x103 ./scr/stm32f0xx_it.o
                              0x4b59e (size before relaxing)
 .debug_str     0x0004bc6d       0xf7 ./scr/system_stm32f0xx.o
                              0x49976 (size before relaxing)
 .debug_str     0x0004bd64      0x179 ./scr/xprintf.o
                               0x2496 (size before relaxing)
 .debug_str     0x0004bedd      0x13b ./Libraries/STM32F0xx_StdPeriph_Driver/src/stm32f0xx_gpio.o
                              0x49bb6 (size before relaxing)
 .debug_str     0x0004c018       0x95 ./Libraries/STM32F0xx_StdPeriph_Driver/src/stm32f0xx_misc.o
                              0x49a05 (size before relaxing)
 .debug_str     0x0004c0ad      0x59d ./Libraries/STM32F0xx_StdPeriph_Driver/src/stm32f0xx_rcc.o
                              0x49f61 (size before relaxing)
 .debug_str     0x0004c64a      0x6fb ./Libraries/STM32F0xx_StdPeriph_Driver/src/stm32f0xx_usart.o
                              0x4a1f8 (size before relaxing)

.comment        0x00000000       0x30
 .comment       0x00000000       0x30 ./scr/main.o
                                 0x31 (size before relaxing)
 .comment       0x00000000       0x31 ./scr/mainboot.o
 .comment       0x00000000       0x31 ./scr/stm32f0xx_it.o
 .comment       0x00000000       0x31 ./scr/system_stm32f0xx.o
 .comment       0x00000000       0x31 ./scr/xprintf.o
 .comment       0x00000000       0x31 ./Libraries/STM32F0xx_StdPeriph_Driver/src/stm32f0xx_gpio.o
 .comment       0x00000000       0x31 ./Libraries/STM32F0xx_StdPeriph_Driver/src/stm32f0xx_misc.o
 .comment       0x00000000       0x31 ./Libraries/STM32F0xx_StdPeriph_Driver/src/stm32f0xx_rcc.o
 .comment       0x00000000       0x31 ./Libraries/STM32F0xx_StdPeriph_Driver/src/stm32f0xx_usart.o

.debug_frame    0x00000000      0xda0
 .debug_frame   0x00000000      0x118 ./scr/main.o
 .debug_frame   0x00000118       0xe0 ./scr/mainboot.o
 .debug_frame   0x000001f8       0xd0 ./scr/stm32f0xx_it.o
 .debug_frame   0x000002c8       0x50 ./scr/system_stm32f0xx.o
 .debug_frame   0x00000318      0x124 ./scr/xprintf.o
 .debug_frame   0x0000043c      0x120 ./Libraries/STM32F0xx_StdPeriph_Driver/src/stm32f0xx_gpio.o
 .debug_frame   0x0000055c       0x60 ./Libraries/STM32F0xx_StdPeriph_Driver/src/stm32f0xx_misc.o
 .debug_frame   0x000005bc      0x364 ./Libraries/STM32F0xx_StdPeriph_Driver/src/stm32f0xx_rcc.o
 .debug_frame   0x00000920      0x408 ./Libraries/STM32F0xx_StdPeriph_Driver/src/stm32f0xx_usart.o
 .debug_frame   0x00000d28       0x20 c:/program files (x86)/codesourcery/sourcery_codebench_lite_for_arm_eabi/bin/../lib/gcc/arm-none-eabi/4.7.2/armv6-m\libgcc.a(_udivsi3.o)
 .debug_frame   0x00000d48       0x2c c:/program files (x86)/codesourcery/sourcery_codebench_lite_for_arm_eabi/bin/../lib/gcc/arm-none-eabi/4.7.2/../../../../arm-none-eabi/lib/armv6-m\libc.a(lib_a-init.o)
 .debug_frame   0x00000d74       0x2c c:/program files (x86)/codesourcery/sourcery_codebench_lite_for_arm_eabi/bin/../lib/gcc/arm-none-eabi/4.7.2/../../../../arm-none-eabi/lib/armv6-m\libc.a(lib_a-memset.o)
