Archive member included because of file (symbol)

c:/program files (x86)/codesourcery/sourcery_codebench_lite_for_arm_eabi/bin/../lib/gcc/arm-none-eabi/4.7.2/../../../../arm-none-eabi/lib/thumb2\libc.a(lib_a-init.o)
                              ./Source/startup_stm32f30x.o (__libc_init_array)
c:/program files (x86)/codesourcery/sourcery_codebench_lite_for_arm_eabi/bin/../lib/gcc/arm-none-eabi/4.7.2/../../../../arm-none-eabi/lib/thumb2\libc.a(lib_a-memset.o)
                              ./Source/mainboot.o (memset)
c:/program files (x86)/codesourcery/sourcery_codebench_lite_for_arm_eabi/bin/../lib/gcc/arm-none-eabi/4.7.2/../../../../arm-none-eabi/lib/thumb2\libc.a(lib_a-rand.o)
                              ./Source/mainboot.o (srand)
c:/program files (x86)/codesourcery/sourcery_codebench_lite_for_arm_eabi/bin/../lib/gcc/arm-none-eabi/4.7.2/../../../../arm-none-eabi/lib/thumb2\libc.a(lib_a-strcat.o)
                              ./Source/main.o (strcat)
c:/program files (x86)/codesourcery/sourcery_codebench_lite_for_arm_eabi/bin/../lib/gcc/arm-none-eabi/4.7.2/../../../../arm-none-eabi/lib/thumb2\libc.a(lib_a-strcmp.o)
                              ./Source/mainboot.o (strcmp)
c:/program files (x86)/codesourcery/sourcery_codebench_lite_for_arm_eabi/bin/../lib/gcc/arm-none-eabi/4.7.2/../../../../arm-none-eabi/lib/thumb2\libc.a(lib_a-strcpy.o)
                              ./Source/mainboot.o (strcpy)
c:/program files (x86)/codesourcery/sourcery_codebench_lite_for_arm_eabi/bin/../lib/gcc/arm-none-eabi/4.7.2/../../../../arm-none-eabi/lib/thumb2\libc.a(lib_a-impure.o)
                              c:/program files (x86)/codesourcery/sourcery_codebench_lite_for_arm_eabi/bin/../lib/gcc/arm-none-eabi/4.7.2/../../../../arm-none-eabi/lib/thumb2\libc.a(lib_a-rand.o) (_impure_ptr)
c:/program files (x86)/codesourcery/sourcery_codebench_lite_for_arm_eabi/bin/../lib/gcc/arm-none-eabi/4.7.2/../../../../arm-none-eabi/lib/thumb2\libc.a(lib_a-malloc.o)
                              c:/program files (x86)/codesourcery/sourcery_codebench_lite_for_arm_eabi/bin/../lib/gcc/arm-none-eabi/4.7.2/../../../../arm-none-eabi/lib/thumb2\libc.a(lib_a-rand.o) (malloc)
c:/program files (x86)/codesourcery/sourcery_codebench_lite_for_arm_eabi/bin/../lib/gcc/arm-none-eabi/4.7.2/../../../../arm-none-eabi/lib/thumb2\libc.a(lib_a-mallocr.o)
                              c:/program files (x86)/codesourcery/sourcery_codebench_lite_for_arm_eabi/bin/../lib/gcc/arm-none-eabi/4.7.2/../../../../arm-none-eabi/lib/thumb2\libc.a(lib_a-malloc.o) (_malloc_r)
c:/program files (x86)/codesourcery/sourcery_codebench_lite_for_arm_eabi/bin/../lib/gcc/arm-none-eabi/4.7.2/../../../../arm-none-eabi/lib/thumb2\libc.a(lib_a-mlock.o)
                              c:/program files (x86)/codesourcery/sourcery_codebench_lite_for_arm_eabi/bin/../lib/gcc/arm-none-eabi/4.7.2/../../../../arm-none-eabi/lib/thumb2\libc.a(lib_a-mallocr.o) (__malloc_lock)
c:/program files (x86)/codesourcery/sourcery_codebench_lite_for_arm_eabi/bin/../lib/gcc/arm-none-eabi/4.7.2/../../../../arm-none-eabi/lib/thumb2\libc.a(lib_a-sbrkr.o)
                              c:/program files (x86)/codesourcery/sourcery_codebench_lite_for_arm_eabi/bin/../lib/gcc/arm-none-eabi/4.7.2/../../../../arm-none-eabi/lib/thumb2\libc.a(lib_a-mallocr.o) (_sbrk_r)
c:/program files (x86)/codesourcery/sourcery_codebench_lite_for_arm_eabi/bin/../lib/gcc/arm-none-eabi/4.7.2/../../../../arm-none-eabi/lib/thumb2\libc.a(lib_a-freer.o)
                              c:/program files (x86)/codesourcery/sourcery_codebench_lite_for_arm_eabi/bin/../lib/gcc/arm-none-eabi/4.7.2/../../../../arm-none-eabi/lib/thumb2\libc.a(lib_a-malloc.o) (_free_r)
c:/program files (x86)/codesourcery/sourcery_codebench_lite_for_arm_eabi/bin/../lib/gcc/arm-none-eabi/4.7.2/../../../../arm-none-eabi/lib/thumb2\libc.a(lib_a-reent.o)
                              c:/program files (x86)/codesourcery/sourcery_codebench_lite_for_arm_eabi/bin/../lib/gcc/arm-none-eabi/4.7.2/../../../../arm-none-eabi/lib/thumb2\libc.a(lib_a-sbrkr.o) (errno)

Allocating common symbols
Common symbol       size              file

RamSource           0x4               ./Source/ymodem.o
packet_data         0x405             ./Source/ymodem.o
errno               0x4               c:/program files (x86)/codesourcery/sourcery_codebench_lite_for_arm_eabi/bin/../lib/gcc/arm-none-eabi/4.7.2/../../../../arm-none-eabi/lib/thumb2\libc.a(lib_a-reent.o)
JumpAddress         0x4               ./Source/mainboot.o
xfunc_out           0x4               ./Source/xprintf.o
Jump_To_Application
                    0x4               ./Source/mainboot.o
file_name           0x100             ./Source/ymodem.o
boot_inf            0x4c              ./Source/download.o

Discarded input sections

 .text          0x00000000        0x0 c:/program files (x86)/codesourcery/sourcery_codebench_lite_for_arm_eabi/bin/../lib/gcc/arm-none-eabi/4.7.2/thumb2/crti.o
[...]
Memory Configuration

Name             Origin             Length             Attributes
FLASH            0x08000000         0x00080000         xr
RAM              0x20000000         0x00010000         xrw
CCMRAM           0x10000000         0x00004000         rw
*default*        0x00000000         0xffffffff

Linker script and memory map

LOAD c:/program files (x86)/codesourcery/sourcery_codebench_lite_for_arm_eabi/bin/../lib/gcc/arm-none-eabi/4.7.2/thumb2/crti.o
LOAD c:/program files (x86)/codesourcery/sourcery_codebench_lite_for_arm_eabi/bin/../lib/gcc/arm-none-eabi/4.7.2/thumb2/crtbegin.o
LOAD ./Utilities/STM32_EVAL/STM32303C_EVAL/stm32303c_eval.o
LOAD ./Source/common.o
LOAD ./Source/download.o
LOAD ./Source/main.o
LOAD ./Source/mainboot.o
LOAD ./Source/startup_stm32f30x.o
LOAD ./Source/stm32f30x_it.o
LOAD ./Source/syscalls.o
LOAD ./Source/system_stm32f30x.o
LOAD ./Source/xprintf.o
LOAD ./Source/ymodem.o
LOAD ./Libraries/STM32F30x_StdPeriph_Driver/src/stm32f30x_adc.o
LOAD ./Libraries/STM32F30x_StdPeriph_Driver/src/stm32f30x_can.o
LOAD ./Libraries/STM32F30x_StdPeriph_Driver/src/stm32f30x_comp.o
LOAD ./Libraries/STM32F30x_StdPeriph_Driver/src/stm32f30x_crc.o
LOAD ./Libraries/STM32F30x_StdPeriph_Driver/src/stm32f30x_dac.o
LOAD ./Libraries/STM32F30x_StdPeriph_Driver/src/stm32f30x_dbgmcu.o
LOAD ./Libraries/STM32F30x_StdPeriph_Driver/src/stm32f30x_dma.o
LOAD ./Libraries/STM32F30x_StdPeriph_Driver/src/stm32f30x_exti.o
LOAD ./Libraries/STM32F30x_StdPeriph_Driver/src/stm32f30x_flash.o
LOAD ./Libraries/STM32F30x_StdPeriph_Driver/src/stm32f30x_fmc.o
LOAD ./Libraries/STM32F30x_StdPeriph_Driver/src/stm32f30x_gpio.o
LOAD ./Libraries/STM32F30x_StdPeriph_Driver/src/stm32f30x_hrtim.o
LOAD ./Libraries/STM32F30x_StdPeriph_Driver/src/stm32f30x_i2c.o
LOAD ./Libraries/STM32F30x_StdPeriph_Driver/src/stm32f30x_iwdg.o
LOAD ./Libraries/STM32F30x_StdPeriph_Driver/src/stm32f30x_misc.o
LOAD ./Libraries/STM32F30x_StdPeriph_Driver/src/stm32f30x_opamp.o
LOAD ./Libraries/STM32F30x_StdPeriph_Driver/src/stm32f30x_pwr.o
LOAD ./Libraries/STM32F30x_StdPeriph_Driver/src/stm32f30x_rcc.o
LOAD ./Libraries/STM32F30x_StdPeriph_Driver/src/stm32f30x_rtc.o
LOAD ./Libraries/STM32F30x_StdPeriph_Driver/src/stm32f30x_spi.o
LOAD ./Libraries/STM32F30x_StdPeriph_Driver/src/stm32f30x_syscfg.o
LOAD ./Libraries/STM32F30x_StdPeriph_Driver/src/stm32f30x_tim.o
LOAD ./Libraries/STM32F30x_StdPeriph_Driver/src/stm32f30x_usart.o
LOAD ./Libraries/STM32F30x_StdPeriph_Driver/src/stm32f30x_wwdg.o
START GROUP
LOAD c:/program files (x86)/codesourcery/sourcery_codebench_lite_for_arm_eabi/bin/../lib/gcc/arm-none-eabi/4.7.2/thumb2\libgcc.a
LOAD c:/program files (x86)/codesourcery/sourcery_codebench_lite_for_arm_eabi/bin/../lib/gcc/arm-none-eabi/4.7.2/../../../../arm-none-eabi/lib/thumb2\libc.a
END GROUP
LOAD c:/program files (x86)/codesourcery/sourcery_codebench_lite_for_arm_eabi/bin/../lib/gcc/arm-none-eabi/4.7.2/thumb2/crtend.o
LOAD c:/program files (x86)/codesourcery/sourcery_codebench_lite_for_arm_eabi/bin/../lib/gcc/arm-none-eabi/4.7.2/thumb2/crtn.o
                0x2000ffff                _estack = 0x2000ffff
                0x00000200                _Min_Heap_Size = 0x200
                0x00000400                _Min_Stack_Size = 0x400

.isr_vector     0x08000000      0x188
                0x08000000                . = ALIGN (0x4)
 *(.isr_vector)
 .isr_vector    0x08000000      0x188 ./Source/startup_stm32f30x.o
                0x08000000                g_pfnVectors
                0x08000188                . = ALIGN (0x4)

.text           0x08000188     0x2738
                0x08000188                . = ALIGN (0x4)
 *(.text)
 .text          0x08000188       0xc8 c:/program files (x86)/codesourcery/sourcery_codebench_lite_for_arm_eabi/bin/../lib/gcc/arm-none-eabi/4.7.2/thumb2/crtbegin.o
 .text          0x08000250       0x58 c:/program files (x86)/codesourcery/sourcery_codebench_lite_for_arm_eabi/bin/../lib/gcc/arm-none-eabi/4.7.2/../../../../arm-none-eabi/lib/thumb2\libc.a(lib_a-init.o)
                0x08000250                __libc_init_array
 .text          0x080002a8       0xcc c:/program files (x86)/codesourcery/sourcery_codebench_lite_for_arm_eabi/bin/../lib/gcc/arm-none-eabi/4.7.2/../../../../arm-none-eabi/lib/thumb2\libc.a(lib_a-memset.o)
                0x080002a8                memset
 *fill*         0x08000374        0x4 
 .text          0x08000378       0xf8 c:/program files (x86)/codesourcery/sourcery_codebench_lite_for_arm_eabi/bin/../lib/gcc/arm-none-eabi/4.7.2/../../../../arm-none-eabi/lib/thumb2\libc.a(lib_a-rand.o)
                0x08000378                srand
                0x080003d0                rand
 .text          0x08000470       0x4c c:/program files (x86)/codesourcery/sourcery_codebench_lite_for_arm_eabi/bin/../lib/gcc/arm-none-eabi/4.7.2/../../../../arm-none-eabi/lib/thumb2\libc.a(lib_a-strcat.o)
                0x08000470                strcat
 .text          0x080004bc      0x1dc c:/program files (x86)/codesourcery/sourcery_codebench_lite_for_arm_eabi/bin/../lib/gcc/arm-none-eabi/4.7.2/../../../../arm-none-eabi/lib/thumb2\libc.a(lib_a-strcmp.o)
                0x080004bc                strcmp
 .text          0x08000698       0xbc c:/program files (x86)/codesourcery/sourcery_codebench_lite_for_arm_eabi/bin/../lib/gcc/arm-none-eabi/4.7.2/../../../../arm-none-eabi/lib/thumb2\libc.a(lib_a-strcpy.o)
                0x08000698                strcpy
 .text          0x08000754       0x20 c:/program files (x86)/codesourcery/sourcery_codebench_lite_for_arm_eabi/bin/../lib/gcc/arm-none-eabi/4.7.2/../../../../arm-none-eabi/lib/thumb2\libc.a(lib_a-malloc.o)
                0x08000754                malloc
                0x08000764                free
 .text          0x08000774      0x598 c:/program files (x86)/codesourcery/sourcery_codebench_lite_for_arm_eabi/bin/../lib/gcc/arm-none-eabi/4.7.2/../../../../arm-none-eabi/lib/thumb2\libc.a(lib_a-mallocr.o)
                0x08000774                _malloc_r
 .text          0x08000d0c        0x8 c:/program files (x86)/codesourcery/sourcery_codebench_lite_for_arm_eabi/bin/../lib/gcc/arm-none-eabi/4.7.2/../../../../arm-none-eabi/lib/thumb2\libc.a(lib_a-mlock.o)
                0x08000d0c                __malloc_lock
                0x08000d10                __malloc_unlock
 .text          0x08000d14       0x28 c:/program files (x86)/codesourcery/sourcery_codebench_lite_for_arm_eabi/bin/../lib/gcc/arm-none-eabi/4.7.2/../../../../arm-none-eabi/lib/thumb2\libc.a(lib_a-sbrkr.o)
                0x08000d14                _sbrk_r
 .text          0x08000d3c      0x238 c:/program files (x86)/codesourcery/sourcery_codebench_lite_for_arm_eabi/bin/../lib/gcc/arm-none-eabi/4.7.2/../../../../arm-none-eabi/lib/thumb2\libc.a(lib_a-freer.o)
                0x08000d3c                _malloc_trim_r
                0x08000de0                _free_r
 *(.text*)
 .text.FLASH_PagesMask
                0x08000f74       0x14 ./Source/common.o
                0x08000f74                FLASH_PagesMask
 .text.flash_read_uboot_info
                0x08000f88       0x2c ./Source/common.o
                0x08000f88                flash_read_uboot_info
 .text.flash_write_uboot_info
                0x08000fb4       0x48 ./Source/common.o
                0x08000fb4                flash_write_uboot_info
 .text.flash_read_config
                0x08000ffc       0x2c ./Source/common.o
                0x08000ffc                flash_read_config
 .text.flash_write_config
                0x08001028       0x40 ./Source/common.o
                0x08001028                flash_write_config
 .text.SerialPutChar
                0x08001068       0x1c ./Source/common.o
                0x08001068                SerialPutChar
 .text.flash_copy_image
                0x08001084       0x9c ./Source/common.o
                0x08001084                flash_copy_image
 .text.flash_verify_image
                0x08001120       0xf4 ./Source/common.o
                0x08001120                flash_verify_image
 .text.SerialKeyPressed
                0x08001214       0x1c ./Source/common.o
                0x08001214                SerialKeyPressed
 .text.Rcv_Byte
                0x08001230       0x2c ./Source/common.o
                0x08001230                Rcv_Byte
 .text.RcvBuff  0x0800125c       0x30 ./Source/common.o
                0x0800125c                RcvBuff
 .text.gpio_pin_init
                0x0800128c       0xdc ./Source/common.o
                0x0800128c                gpio_pin_init
 .text.IAP_Init
                0x08001368       0x90 ./Source/common.o
                0x08001368                IAP_Init
 .text.SerialDownload
                0x080013f8       0x60 ./Source/download.o
                0x080013f8                SerialDownload
 .text.startup.main
                0x08001458       0x98 ./Source/main.o
                0x08001458                main
 .text.NVIC_SystemReset
                0x080014f0       0x20 ./Source/mainboot.o
 .text.Str2Int  0x08001510       0xa4 ./Source/mainboot.o
                0x08001510                Str2Int
 .text.SecureCheck
                0x080015b4      0x180 ./Source/mainboot.o
                0x080015b4                SecureCheck
 .text.Main_Menu
                0x08001734      0x22c ./Source/mainboot.o
                0x08001734                Main_Menu
 .text.Reset_Handler
                0x08001960       0x5c ./Source/startup_stm32f30x.o
                0x08001960                Reset_Handler
 .text.Default_Handler
                0x080019bc        0x4 ./Source/startup_stm32f30x.o
                0x080019bc                RTC_Alarm_IRQHandler
                0x080019bc                TIM8_TRG_COM_IRQHandler
                0x080019bc                TIM8_CC_IRQHandler
                0x080019bc                TIM1_CC_IRQHandler
                0x080019bc                USB_HP_IRQHandler
                0x080019bc                PVD_IRQHandler
                0x080019bc                EXTI3_IRQHandler
                0x080019bc                EXTI0_IRQHandler
                0x080019bc                I2C2_EV_IRQHandler
                0x080019bc                FPU_IRQHandler
                0x080019bc                EXTI2_TS_IRQHandler
                0x080019bc                TIM1_UP_TIM16_IRQHandler
                0x080019bc                ADC1_2_IRQHandler
                0x080019bc                SPI1_IRQHandler
                0x080019bc                TIM6_DAC_IRQHandler
                0x080019bc                TIM8_UP_IRQHandler
                0x080019bc                DMA2_Channel2_IRQHandler
                0x080019bc                DMA1_Channel4_IRQHandler
                0x080019bc                USART3_IRQHandler
                0x080019bc                DMA1_Channel7_IRQHandler
                0x080019bc                CAN1_RX1_IRQHandler
                0x080019bc                UART5_IRQHandler
                0x080019bc                ADC3_IRQHandler
                0x080019bc                TIM4_IRQHandler
                0x080019bc                DMA2_Channel1_IRQHandler
                0x080019bc                I2C1_EV_IRQHandler
                0x080019bc                DMA1_Channel6_IRQHandler
                0x080019bc                UART4_IRQHandler
                0x080019bc                DMA2_Channel4_IRQHandler
                0x080019bc                TIM3_IRQHandler
                0x080019bc                RCC_IRQHandler
                0x080019bc                DMA1_Channel1_IRQHandler
                0x080019bc                Default_Handler
                0x080019bc                USBWakeUp_RMP_IRQHandler
                0x080019bc                EXTI15_10_IRQHandler
                0x080019bc                TIM7_IRQHandler
                0x080019bc                EXTI9_5_IRQHandler
                0x080019bc                TAMPER_STAMP_IRQHandler
                0x080019bc                RTC_WKUP_IRQHandler
                0x080019bc                SPI2_IRQHandler
                0x080019bc                DMA2_Channel5_IRQHandler
                0x080019bc                DMA1_Channel5_IRQHandler
                0x080019bc                USB_LP_IRQHandler
                0x080019bc                EXTI4_IRQHandler
                0x080019bc                USB_LP_CAN1_RX0_IRQHandler
                0x080019bc                TIM1_TRG_COM_TIM17_IRQHandler
                0x080019bc                USB_HP_CAN1_TX_IRQHandler
                0x080019bc                DMA1_Channel3_IRQHandler
                0x080019bc                ADC4_IRQHandler
                0x080019bc                WWDG_IRQHandler
                0x080019bc                TIM2_IRQHandler
                0x080019bc                COMP7_IRQHandler
                0x080019bc                COMP1_2_3_IRQHandler
                0x080019bc                EXTI1_IRQHandler
                0x080019bc                USART2_IRQHandler
                0x080019bc                COMP4_5_6_IRQHandler
                0x080019bc                I2C2_ER_IRQHandler
                0x080019bc                DMA1_Channel2_IRQHandler
                0x080019bc                TIM8_BRK_IRQHandler
                0x080019bc                CAN1_SCE_IRQHandler
                0x080019bc                FLASH_IRQHandler
                0x080019bc                USART1_IRQHandler
                0x080019bc                SPI3_IRQHandler
                0x080019bc                I2C1_ER_IRQHandler
                0x080019bc                USBWakeUp_IRQHandler
                0x080019bc                DMA2_Channel3_IRQHandler
                0x080019bc                TIM1_BRK_TIM15_IRQHandler
 .text.NMI_Handler
                0x080019c0        0x2 ./Source/stm32f30x_it.o
                0x080019c0                NMI_Handler
 .text.HardFault_Handler
                0x080019c2        0x2 ./Source/stm32f30x_it.o
                0x080019c2                HardFault_Handler
 .text.MemManage_Handler
                0x080019c4        0x2 ./Source/stm32f30x_it.o
                0x080019c4                MemManage_Handler
 .text.BusFault_Handler
                0x080019c6        0x2 ./Source/stm32f30x_it.o
                0x080019c6                BusFault_Handler
 .text.UsageFault_Handler
                0x080019c8        0x2 ./Source/stm32f30x_it.o
                0x080019c8                UsageFault_Handler
 .text.SVC_Handler
                0x080019ca        0x2 ./Source/stm32f30x_it.o
                0x080019ca                SVC_Handler
 .text.DebugMon_Handler
                0x080019cc        0x2 ./Source/stm32f30x_it.o
                0x080019cc                DebugMon_Handler
 .text.PendSV_Handler
                0x080019ce        0x2 ./Source/stm32f30x_it.o
                0x080019ce                PendSV_Handler
 .text.SysTick_Handler
                0x080019d0       0xec ./Source/stm32f30x_it.o
                0x080019d0                SysTick_Handler
 .text._sbrk    0x08001abc       0x1c ./Source/syscalls.o
                0x08001abc                _sbrk
 .text.SystemInit
                0x08001ad8       0xf8 ./Source/system_stm32f30x.o
                0x08001ad8                SystemInit
 .text.xputc    0x08001bd0       0x24 ./Source/xprintf.o
                0x08001bd0                xputc
 .text.xputs    0x08001bf4       0x14 ./Source/xprintf.o
                0x08001bf4                xputs
 .text.xvprintf
                0x08001c08      0x1b0 ./Source/xprintf.o
 .text.xprintf  0x08001db8       0x18 ./Source/xprintf.o
                0x08001db8                xprintf
 .text.Receive_Byte.constprop.1
                0x08001dd0       0x24 ./Source/ymodem.o
 .text.Ymodem_Receive
                0x08001df4      0x250 ./Source/ymodem.o
                0x08001df4                Ymodem_Receive
 .text.UpdateCRC16
                0x08002044       0x22 ./Source/ymodem.o
                0x08002044                UpdateCRC16
 .text.Cal_CRC16
                0x08002066       0x28 ./Source/ymodem.o
                0x08002066                Cal_CRC16
 *fill*         0x0800208e        0x2 
 .text.CRC_ResetDR
                0x08002090       0x10 ./Libraries/STM32F30x_StdPeriph_Driver/src/stm32f30x_crc.o
                0x08002090                CRC_ResetDR
 .text.CRC_CalcBlockCRC
                0x080020a0       0x20 ./Libraries/STM32F30x_StdPeriph_Driver/src/stm32f30x_crc.o
                0x080020a0                CRC_CalcBlockCRC
 .text.FLASH_Unlock
                0x080020c0       0x1c ./Libraries/STM32F30x_StdPeriph_Driver/src/stm32f30x_flash.o
                0x080020c0                FLASH_Unlock
 .text.FLASH_OB_Unlock
                0x080020dc       0x1c ./Libraries/STM32F30x_StdPeriph_Driver/src/stm32f30x_flash.o
                0x080020dc                FLASH_OB_Unlock
 .text.FLASH_OB_Lock
                0x080020f8       0x10 ./Libraries/STM32F30x_StdPeriph_Driver/src/stm32f30x_flash.o
                0x080020f8                FLASH_OB_Lock
 .text.FLASH_OB_Launch
                0x08002108       0x10 ./Libraries/STM32F30x_StdPeriph_Driver/src/stm32f30x_flash.o
                0x08002108                FLASH_OB_Launch
 .text.FLASH_OB_GetWRP
                0x08002118        0xc ./Libraries/STM32F30x_StdPeriph_Driver/src/stm32f30x_flash.o
                0x08002118                FLASH_OB_GetWRP
 .text.FLASH_OB_GetRDP
                0x08002124       0x14 ./Libraries/STM32F30x_StdPeriph_Driver/src/stm32f30x_flash.o
                0x08002124                FLASH_OB_GetRDP
 .text.FLASH_ClearFlag
                0x08002138        0xc ./Libraries/STM32F30x_StdPeriph_Driver/src/stm32f30x_flash.o
                0x08002138                FLASH_ClearFlag
 .text.FLASH_GetStatus
                0x08002144       0x28 ./Libraries/STM32F30x_StdPeriph_Driver/src/stm32f30x_flash.o
                0x08002144                FLASH_GetStatus
 .text.FLASH_WaitForLastOperation
                0x0800216c       0x24 ./Libraries/STM32F30x_StdPeriph_Driver/src/stm32f30x_flash.o
                0x0800216c                FLASH_WaitForLastOperation
 .text.FLASH_OB_RDPConfig
                0x08002190       0x70 ./Libraries/STM32F30x_StdPeriph_Driver/src/stm32f30x_flash.o
                0x08002190                FLASH_OB_RDPConfig
 .text.FLASH_ProgramWord
                0x08002200       0x50 ./Libraries/STM32F30x_StdPeriph_Driver/src/stm32f30x_flash.o
                0x08002200                FLASH_ProgramWord
 .text.FLASH_ErasePage
                0x08002250       0x3c ./Libraries/STM32F30x_StdPeriph_Driver/src/stm32f30x_flash.o
                0x08002250                FLASH_ErasePage
 .text.GPIO_Init
                0x0800228c       0xa4 ./Libraries/STM32F30x_StdPeriph_Driver/src/stm32f30x_gpio.o
                0x0800228c                GPIO_Init
 .text.GPIO_SetBits
                0x08002330        0x4 ./Libraries/STM32F30x_StdPeriph_Driver/src/stm32f30x_gpio.o
                0x08002330                GPIO_SetBits
 .text.GPIO_ResetBits
                0x08002334        0x4 ./Libraries/STM32F30x_StdPeriph_Driver/src/stm32f30x_gpio.o
                0x08002334                GPIO_ResetBits
 .text.GPIO_WriteBit
                0x08002338        0xa ./Libraries/STM32F30x_StdPeriph_Driver/src/stm32f30x_gpio.o
                0x08002338                GPIO_WriteBit
 .text.GPIO_PinAFConfig
                0x08002342       0x2e ./Libraries/STM32F30x_StdPeriph_Driver/src/stm32f30x_gpio.o
                0x08002342                GPIO_PinAFConfig
 .text.NVIC_PriorityGroupConfig
                0x08002370       0x14 ./Libraries/STM32F30x_StdPeriph_Driver/src/stm32f30x_misc.o
                0x08002370                NVIC_PriorityGroupConfig
 .text.NVIC_Init
                0x08002384       0x68 ./Libraries/STM32F30x_StdPeriph_Driver/src/stm32f30x_misc.o
                0x08002384                NVIC_Init
 .text.NVIC_SetVectorTable
                0x080023ec       0x14 ./Libraries/STM32F30x_StdPeriph_Driver/src/stm32f30x_misc.o
                0x080023ec                NVIC_SetVectorTable
 .text.RCC_GetClocksFreq
                0x08002400      0x380 ./Libraries/STM32F30x_StdPeriph_Driver/src/stm32f30x_rcc.o
                0x08002400                RCC_GetClocksFreq
 .text.RCC_AHBPeriphClockCmd
                0x08002780       0x18 ./Libraries/STM32F30x_StdPeriph_Driver/src/stm32f30x_rcc.o
                0x08002780                RCC_AHBPeriphClockCmd
 .text.RCC_APB2PeriphClockCmd
                0x08002798       0x18 ./Libraries/STM32F30x_StdPeriph_Driver/src/stm32f30x_rcc.o
                0x08002798                RCC_APB2PeriphClockCmd
 .text.TIM_Cmd  0x080027b0       0x18 ./Libraries/STM32F30x_StdPeriph_Driver/src/stm32f30x_tim.o
                0x080027b0                TIM_Cmd
 .text.USART_Init
                0x080027c8       0xb8 ./Libraries/STM32F30x_StdPeriph_Driver/src/stm32f30x_usart.o
                0x080027c8                USART_Init
 .text.USART_Cmd
                0x08002880       0x12 ./Libraries/STM32F30x_StdPeriph_Driver/src/stm32f30x_usart.o
                0x08002880                USART_Cmd
 .text.USART_SendData
                0x08002892        0x8 ./Libraries/STM32F30x_StdPeriph_Driver/src/stm32f30x_usart.o
                0x08002892                USART_SendData
 .text.USART_GetFlagStatus
                0x0800289a        0xc ./Libraries/STM32F30x_StdPeriph_Driver/src/stm32f30x_usart.o
                0x0800289a                USART_GetFlagStatus
 *(.glue_7)
 .glue_7        0x00000000        0x0 linker stubs
 *(.glue_7t)
 .glue_7t       0x00000000        0x0 linker stubs
 *(.eh_frame)
 *fill*         0x080028a6        0x2 
 .eh_frame      0x080028a8        0x0 c:/program files (x86)/codesourcery/sourcery_codebench_lite_for_arm_eabi/bin/../lib/gcc/arm-none-eabi/4.7.2/thumb2/crtbegin.o
 *(.init)
 .init          0x080028a8        0x4 c:/program files (x86)/codesourcery/sourcery_codebench_lite_for_arm_eabi/bin/../lib/gcc/arm-none-eabi/4.7.2/thumb2/crti.o
                0x080028a8                _init
 .init          0x080028ac        0x8 c:/program files (x86)/codesourcery/sourcery_codebench_lite_for_arm_eabi/bin/../lib/gcc/arm-none-eabi/4.7.2/thumb2/crtn.o
 *(.fini)
 .fini          0x080028b4        0x4 c:/program files (x86)/codesourcery/sourcery_codebench_lite_for_arm_eabi/bin/../lib/gcc/arm-none-eabi/4.7.2/thumb2/crti.o
                0x080028b4                _fini
 .fini          0x080028b8        0x8 c:/program files (x86)/codesourcery/sourcery_codebench_lite_for_arm_eabi/bin/../lib/gcc/arm-none-eabi/4.7.2/thumb2/crtn.o
                0x080028c0                . = ALIGN (0x4)
                0x080028c0                _etext = .

.vfp11_veneer   0x080028c0        0x0
 .vfp11_veneer  0x00000000        0x0 linker stubs

.v4_bx          0x080028c0        0x0
 .v4_bx         0x00000000        0x0 linker stubs

.iplt           0x080028c0        0x0
 .iplt          0x00000000        0x0 c:/program files (x86)/codesourcery/sourcery_codebench_lite_for_arm_eabi/bin/../lib/gcc/arm-none-eabi/4.7.2/thumb2/crtbegin.o

.rodata         0x080028c0       0xc8
                0x080028c0                . = ALIGN (0x4)
 *(.rodata)
 *(.rodata*)
 .rodata.str1.1
                0x080028c0       0x4a ./Source/download.o
 .rodata.str1.1
                0x0800290a       0x1e ./Source/main.o
 .rodata.str1.1
                0x08002928       0x59 ./Source/mainboot.o
 *fill*         0x08002981        0x3 
 .rodata.str1.4
                0x08002984        0x4 c:/program files (x86)/codesourcery/sourcery_codebench_lite_for_arm_eabi/bin/../lib/gcc/arm-none-eabi/4.7.2/../../../../arm-none-eabi/lib/thumb2\libc.a(lib_a-impure.o)
                0x08002988                . = ALIGN (0x4)

.rel.dyn        0x08002988        0x0
 .rel.iplt      0x00000000        0x0 c:/program files (x86)/codesourcery/sourcery_codebench_lite_for_arm_eabi/bin/../lib/gcc/arm-none-eabi/4.7.2/thumb2/crtbegin.o

.ARM.extab
 *(.ARM.extab* .gnu.linkonce.armextab.*)

.ARM            0x08002988        0x0
                0x08002988                __exidx_start = .
 *(.ARM.exidx*)
                0x08002988                __exidx_end = .

.preinit_array  0x08002988        0x0
                0x08002988                PROVIDE (__preinit_array_start, .)
 *(.preinit_array*)
                0x08002988                PROVIDE (__preinit_array_end, .)

.init_array     0x08002988        0x4
                0x08002988                PROVIDE (__init_array_start, .)
 *(SORT(.init_array.*))
 *(.init_array*)
 .init_array    0x08002988        0x4 c:/program files (x86)/codesourcery/sourcery_codebench_lite_for_arm_eabi/bin/../lib/gcc/arm-none-eabi/4.7.2/thumb2/crtbegin.o
                0x0800298c                PROVIDE (__init_array_end, .)

.fini_array     0x0800298c        0x4
                0x0800298c                PROVIDE (__fini_array_start, .)
 *(SORT(.fini_array.*))
 *(.fini_array*)
 .fini_array    0x0800298c        0x4 c:/program files (x86)/codesourcery/sourcery_codebench_lite_for_arm_eabi/bin/../lib/gcc/arm-none-eabi/4.7.2/thumb2/crtbegin.o
                0x08002990                PROVIDE (__fini_array_end, .)
                0x08002990                _sidata = LOADADDR (.data)

.data           0x20000000      0x540 load address 0x08002990
                0x20000000                . = ALIGN (0x4)
                0x20000000                _sdata = .
 *(.data)
 .data          0x20000000       0xf4 c:/program files (x86)/codesourcery/sourcery_codebench_lite_for_arm_eabi/bin/../lib/gcc/arm-none-eabi/4.7.2/../../../../arm-none-eabi/lib/thumb2\libc.a(lib_a-impure.o)
                0x20000000                _impure_ptr
 .data          0x200000f4      0x410 c:/program files (x86)/codesourcery/sourcery_codebench_lite_for_arm_eabi/bin/../lib/gcc/arm-none-eabi/4.7.2/../../../../arm-none-eabi/lib/thumb2\libc.a(lib_a-mallocr.o)
                0x200000f4                __malloc_av_
                0x200004fc                __malloc_sbrk_base
                0x20000500                __malloc_trim_threshold
 *(.data*)
 .data.blink    0x20000504        0x4 ./Source/mainboot.o
                0x20000504                blink
 .data.SystemCoreClock
                0x20000508        0x4 ./Source/system_stm32f30x.o
                0x20000508                SystemCoreClock
 .data.FLASHStatus
                0x2000050c        0x1 ./Source/ymodem.o
                0x2000050c                FLASHStatus
 *fill*         0x2000050d        0x1 
 .data.PageSize
                0x2000050e        0x2 ./Source/ymodem.o
                0x2000050e                PageSize
 .data.ADCPrescTable
                0x20000510       0x20 ./Libraries/STM32F30x_StdPeriph_Driver/src/stm32f30x_rcc.o
 .data.APBAHBPrescTable
                0x20000530       0x10 ./Libraries/STM32F30x_StdPeriph_Driver/src/stm32f30x_rcc.o
                0x20000540                . = ALIGN (0x4)
                0x20000540                _edata = .
                0x08002ed0                _siccmram = LOADADDR (.ccmram)

.jcr            0x20000540        0x0 load address 0x08002ed0
 .jcr           0x20000540        0x0 c:/program files (x86)/codesourcery/sourcery_codebench_lite_for_arm_eabi/bin/../lib/gcc/arm-none-eabi/4.7.2/thumb2/crtbegin.o

.tm_clone_table
                0x20000540        0x0 load address 0x08002ed0
 .tm_clone_table
                0x20000540        0x0 c:/program files (x86)/codesourcery/sourcery_codebench_lite_for_arm_eabi/bin/../lib/gcc/arm-none-eabi/4.7.2/thumb2/crtbegin.o
 .tm_clone_table
                0x20000540        0x0 c:/program files (x86)/codesourcery/sourcery_codebench_lite_for_arm_eabi/bin/../lib/gcc/arm-none-eabi/4.7.2/thumb2/crtend.o

.igot.plt       0x20000540        0x0 load address 0x08002ed0
 .igot.plt      0x00000000        0x0 c:/program files (x86)/codesourcery/sourcery_codebench_lite_for_arm_eabi/bin/../lib/gcc/arm-none-eabi/4.7.2/thumb2/crtbegin.o

.ccmram         0x10000000        0x0 load address 0x08002ed0
                0x10000000                . = ALIGN (0x4)
                0x10000000                _sccmram = .
 *(.ccmram)
 *(.ccmram*)
                0x10000000                . = ALIGN (0x4)
                0x10000000                _eccmram = .
                0x10000000                . = ALIGN (0x4)

.bss            0x20000540      0x5f8
                0x20000540                _sbss = .
                0x20000540                __bss_start__ = _sbss
 *(.bss)
 .bss           0x20000540       0x1c c:/program files (x86)/codesourcery/sourcery_codebench_lite_for_arm_eabi/bin/../lib/gcc/arm-none-eabi/4.7.2/thumb2/crtbegin.o
 .bss           0x2000055c       0x34 c:/program files (x86)/codesourcery/sourcery_codebench_lite_for_arm_eabi/bin/../lib/gcc/arm-none-eabi/4.7.2/../../../../arm-none-eabi/lib/thumb2\libc.a(lib_a-mallocr.o)
                0x2000055c                __malloc_top_pad
                0x20000560                __malloc_current_mallinfo
                0x20000588                __malloc_max_sbrked_mem
                0x2000058c                __malloc_max_total_mem
 *(.bss*)
 .bss.ulTickCount
                0x20000590        0x4 ./Source/main.o
                0x20000590                ulTickCount
 .bss.ulMiliCount
                0x20000594        0x4 ./Source/main.o
                0x20000594                ulMiliCount
 .bss.ulSecCount
                0x20000598        0x4 ./Source/main.o
                0x20000598                ulSecCount
 .bss.FlashProtection
                0x2000059c        0x4 ./Source/mainboot.o
                0x2000059c                FlashProtection
 .bss.UserMemoryMask1
                0x200005a0        0x4 ./Source/mainboot.o
                0x200005a0                UserMemoryMask1
 .bss.BlockNbr  0x200005a4        0x4 ./Source/mainboot.o
                0x200005a4                BlockNbr
 .bss.address   0x200005a8       0x14 ./Source/mainboot.o
                0x200005a8                address
 .bss.count     0x200005bc        0x4 ./Source/stm32f30x_it.o
                0x200005bc                count
 .bss.heap.8619
                0x200005c0        0x4 ./Source/syscalls.o
 .bss.outptr    0x200005c4        0x4 ./Source/xprintf.o
 .bss.NbrOfPage
                0x200005c8        0x4 ./Source/ymodem.o
                0x200005c8                NbrOfPage
 .bss.EraseCounter
                0x200005cc        0x4 ./Source/ymodem.o
                0x200005cc                EraseCounter
 *(COMMON)
 COMMON         0x200005d0       0x4c ./Source/download.o
                0x200005d0                boot_inf
 COMMON         0x2000061c        0x8 ./Source/mainboot.o
                0x2000061c                JumpAddress
                0x20000620                Jump_To_Application
 COMMON         0x20000624        0x4 ./Source/xprintf.o
                0x20000624                xfunc_out
 COMMON         0x20000628      0x509 ./Source/ymodem.o
                0x20000628                RamSource
                0x2000062c                packet_data
                0x20000a31                file_name
 *fill*         0x20000b31        0x3 
 COMMON         0x20000b34        0x4 c:/program files (x86)/codesourcery/sourcery_codebench_lite_for_arm_eabi/bin/../lib/gcc/arm-none-eabi/4.7.2/../../../../arm-none-eabi/lib/thumb2\libc.a(lib_a-reent.o)
                0x20000b34                errno
                0x20000b38                . = ALIGN (0x4)
                0x20000b38                _ebss = .
                0x20000b38                __bss_end__ = _ebss

._user_heap_stack
                0x20000b38      0x600
                0x20000b38                . = ALIGN (0x4)
                0x20000b38                PROVIDE (end, .)
                0x20000b38                PROVIDE (_end, .)
                0x20000d38                . = (. + _Min_Heap_Size)
 *fill*         0x20000b38      0x200 
                0x20001138                . = (. + _Min_Stack_Size)
 *fill*         0x20000d38      0x400 
                0x20001138                . = ALIGN (0x4)

/DISCARD/
 libc.a(*)
 libm.a(*)
 libgcc.a(*)

.ARM.attributes
                0x00000000       0x2f
 *(.ARM.attributes)
 .ARM.attributes
                0x00000000       0x19 c:/program files (x86)/codesourcery/sourcery_codebench_lite_for_arm_eabi/bin/../lib/gcc/arm-none-eabi/4.7.2/thumb2/crti.o
 .ARM.attributes
                0x00000019       0x29 c:/program files (x86)/codesourcery/sourcery_codebench_lite_for_arm_eabi/bin/../lib/gcc/arm-none-eabi/4.7.2/thumb2/crtbegin.o
 .ARM.attributes
                0x00000042       0x33 ./Source/common.o
 .ARM.attributes
                0x00000075       0x33 ./Source/download.o
 .ARM.attributes
                0x000000a8       0x33 ./Source/main.o
 .ARM.attributes
                0x000000db       0x33 ./Source/mainboot.o
 .ARM.attributes
                0x0000010e       0x21 ./Source/startup_stm32f30x.o
 .ARM.attributes
                0x0000012f       0x33 ./Source/stm32f30x_it.o
 .ARM.attributes
                0x00000162       0x33 ./Source/syscalls.o
 .ARM.attributes
                0x00000195       0x33 ./Source/system_stm32f30x.o
 .ARM.attributes
                0x000001c8       0x33 ./Source/xprintf.o
 .ARM.attributes
                0x000001fb       0x33 ./Source/ymodem.o
 .ARM.attributes
                0x0000022e       0x33 ./Libraries/STM32F30x_StdPeriph_Driver/src/stm32f30x_crc.o
 .ARM.attributes
                0x00000261       0x33 ./Libraries/STM32F30x_StdPeriph_Driver/src/stm32f30x_flash.o
 .ARM.attributes
                0x00000294       0x33 ./Libraries/STM32F30x_StdPeriph_Driver/src/stm32f30x_gpio.o
 .ARM.attributes
                0x000002c7       0x33 ./Libraries/STM32F30x_StdPeriph_Driver/src/stm32f30x_misc.o
 .ARM.attributes
                0x000002fa       0x33 ./Libraries/STM32F30x_StdPeriph_Driver/src/stm32f30x_rcc.o
 .ARM.attributes
                0x0000032d       0x33 ./Libraries/STM32F30x_StdPeriph_Driver/src/stm32f30x_tim.o
 .ARM.attributes
                0x00000360       0x33 ./Libraries/STM32F30x_StdPeriph_Driver/src/stm32f30x_usart.o
 .ARM.attributes
                0x00000393       0x29 c:/program files (x86)/codesourcery/sourcery_codebench_lite_for_arm_eabi/bin/../lib/gcc/arm-none-eabi/4.7.2/../../../../arm-none-eabi/lib/thumb2\libc.a(lib_a-init.o)
 .ARM.attributes
                0x000003bc       0x29 c:/program files (x86)/codesourcery/sourcery_codebench_lite_for_arm_eabi/bin/../lib/gcc/arm-none-eabi/4.7.2/../../../../arm-none-eabi/lib/thumb2\libc.a(lib_a-memset.o)
 .ARM.attributes
                0x000003e5       0x29 c:/program files (x86)/codesourcery/sourcery_codebench_lite_for_arm_eabi/bin/../lib/gcc/arm-none-eabi/4.7.2/../../../../arm-none-eabi/lib/thumb2\libc.a(lib_a-rand.o)
 .ARM.attributes
                0x0000040e       0x29 c:/program files (x86)/codesourcery/sourcery_codebench_lite_for_arm_eabi/bin/../lib/gcc/arm-none-eabi/4.7.2/../../../../arm-none-eabi/lib/thumb2\libc.a(lib_a-strcat.o)
 .ARM.attributes
                0x00000437       0x29 c:/program files (x86)/codesourcery/sourcery_codebench_lite_for_arm_eabi/bin/../lib/gcc/arm-none-eabi/4.7.2/../../../../arm-none-eabi/lib/thumb2\libc.a(lib_a-strcmp.o)
 .ARM.attributes
                0x00000460       0x29 c:/program files (x86)/codesourcery/sourcery_codebench_lite_for_arm_eabi/bin/../lib/gcc/arm-none-eabi/4.7.2/../../../../arm-none-eabi/lib/thumb2\libc.a(lib_a-strcpy.o)
 .ARM.attributes
                0x00000489       0x29 c:/program files (x86)/codesourcery/sourcery_codebench_lite_for_arm_eabi/bin/../lib/gcc/arm-none-eabi/4.7.2/../../../../arm-none-eabi/lib/thumb2\libc.a(lib_a-impure.o)
 .ARM.attributes
                0x000004b2       0x29 c:/program files (x86)/codesourcery/sourcery_codebench_lite_for_arm_eabi/bin/../lib/gcc/arm-none-eabi/4.7.2/../../../../arm-none-eabi/lib/thumb2\libc.a(lib_a-malloc.o)
 .ARM.attributes
                0x000004db       0x29 c:/program files (x86)/codesourcery/sourcery_codebench_lite_for_arm_eabi/bin/../lib/gcc/arm-none-eabi/4.7.2/../../../../arm-none-eabi/lib/thumb2\libc.a(lib_a-mallocr.o)
 .ARM.attributes
                0x00000504       0x29 c:/program files (x86)/codesourcery/sourcery_codebench_lite_for_arm_eabi/bin/../lib/gcc/arm-none-eabi/4.7.2/../../../../arm-none-eabi/lib/thumb2\libc.a(lib_a-mlock.o)
 .ARM.attributes
                0x0000052d       0x29 c:/program files (x86)/codesourcery/sourcery_codebench_lite_for_arm_eabi/bin/../lib/gcc/arm-none-eabi/4.7.2/../../../../arm-none-eabi/lib/thumb2\libc.a(lib_a-sbrkr.o)
 .ARM.attributes
                0x00000556       0x29 c:/program files (x86)/codesourcery/sourcery_codebench_lite_for_arm_eabi/bin/../lib/gcc/arm-none-eabi/4.7.2/../../../../arm-none-eabi/lib/thumb2\libc.a(lib_a-freer.o)
 .ARM.attributes
                0x0000057f       0x29 c:/program files (x86)/codesourcery/sourcery_codebench_lite_for_arm_eabi/bin/../lib/gcc/arm-none-eabi/4.7.2/../../../../arm-none-eabi/lib/thumb2\libc.a(lib_a-reent.o)
 .ARM.attributes
                0x000005a8       0x29 c:/program files (x86)/codesourcery/sourcery_codebench_lite_for_arm_eabi/bin/../lib/gcc/arm-none-eabi/4.7.2/thumb2/crtend.o
 .ARM.attributes
                0x000005d1       0x19 c:/program files (x86)/codesourcery/sourcery_codebench_lite_for_arm_eabi/bin/../lib/gcc/arm-none-eabi/4.7.2/thumb2/crtn.o
OUTPUT(SKSBOOT.elf elf32-littlearm)

.comment        0x00000000       0x30
 .comment       0x00000000       0x30 ./Source/common.o
                                 0x31 (size before relaxing)
 .comment       0x00000000       0x31 ./Source/download.o
 .comment       0x00000000       0x31 ./Source/main.o
 .comment       0x00000000       0x31 ./Source/mainboot.o
 .comment       0x00000000       0x31 ./Source/stm32f30x_it.o
 .comment       0x00000000       0x31 ./Source/syscalls.o
 .comment       0x00000000       0x31 ./Source/system_stm32f30x.o
 .comment       0x00000000       0x31 ./Source/xprintf.o
 .comment       0x00000000       0x31 ./Source/ymodem.o
 .comment       0x00000000       0x31 ./Libraries/STM32F30x_StdPeriph_Driver/src/stm32f30x_crc.o
 .comment       0x00000000       0x31 ./Libraries/STM32F30x_StdPeriph_Driver/src/stm32f30x_flash.o
 .comment       0x00000000       0x31 ./Libraries/STM32F30x_StdPeriph_Driver/src/stm32f30x_gpio.o
 .comment       0x00000000       0x31 ./Libraries/STM32F30x_StdPeriph_Driver/src/stm32f30x_misc.o
 .comment       0x00000000       0x31 ./Libraries/STM32F30x_StdPeriph_Driver/src/stm32f30x_rcc.o
 .comment       0x00000000       0x31 ./Libraries/STM32F30x_StdPeriph_Driver/src/stm32f30x_tim.o
 .comment       0x00000000       0x31 ./Libraries/STM32F30x_StdPeriph_Driver/src/stm32f30x_usart.o

.debug_frame    0x00000000      0x298
 .debug_frame   0x00000000       0x2c c:/program files (x86)/codesourcery/sourcery_codebench_lite_for_arm_eabi/bin/../lib/gcc/arm-none-eabi/4.7.2/../../../../arm-none-eabi/lib/thumb2\libc.a(lib_a-init.o)
 .debug_frame   0x0000002c       0x2c c:/program files (x86)/codesourcery/sourcery_codebench_lite_for_arm_eabi/bin/../lib/gcc/arm-none-eabi/4.7.2/../../../../arm-none-eabi/lib/thumb2\libc.a(lib_a-memset.o)
 .debug_frame   0x00000058       0x4c c:/program files (x86)/codesourcery/sourcery_codebench_lite_for_arm_eabi/bin/../lib/gcc/arm-none-eabi/4.7.2/../../../../arm-none-eabi/lib/thumb2\libc.a(lib_a-rand.o)
 .debug_frame   0x000000a4       0x2c c:/program files (x86)/codesourcery/sourcery_codebench_lite_for_arm_eabi/bin/../lib/gcc/arm-none-eabi/4.7.2/../../../../arm-none-eabi/lib/thumb2\libc.a(lib_a-strcat.o)
 .debug_frame   0x000000d0       0x30 c:/program files (x86)/codesourcery/sourcery_codebench_lite_for_arm_eabi/bin/../lib/gcc/arm-none-eabi/4.7.2/../../../../arm-none-eabi/lib/thumb2\libc.a(lib_a-strcmp.o)
 .debug_frame   0x00000100       0x20 c:/program files (x86)/codesourcery/sourcery_codebench_lite_for_arm_eabi/bin/../lib/gcc/arm-none-eabi/4.7.2/../../../../arm-none-eabi/lib/thumb2\libc.a(lib_a-strcpy.o)
 .debug_frame   0x00000120       0x30 c:/program files (x86)/codesourcery/sourcery_codebench_lite_for_arm_eabi/bin/../lib/gcc/arm-none-eabi/4.7.2/../../../../arm-none-eabi/lib/thumb2\libc.a(lib_a-malloc.o)
 .debug_frame   0x00000150       0x38 c:/program files (x86)/codesourcery/sourcery_codebench_lite_for_arm_eabi/bin/../lib/gcc/arm-none-eabi/4.7.2/../../../../arm-none-eabi/lib/thumb2\libc.a(lib_a-mallocr.o)
 .debug_frame   0x00000188       0x30 c:/program files (x86)/codesourcery/sourcery_codebench_lite_for_arm_eabi/bin/../lib/gcc/arm-none-eabi/4.7.2/../../../../arm-none-eabi/lib/thumb2\libc.a(lib_a-mlock.o)
 .debug_frame   0x000001b8       0x2c c:/program files (x86)/codesourcery/sourcery_codebench_lite_for_arm_eabi/bin/../lib/gcc/arm-none-eabi/4.7.2/../../../../arm-none-eabi/lib/thumb2\libc.a(lib_a-sbrkr.o)
 .debug_frame   0x000001e4       0x50 c:/program files (x86)/codesourcery/sourcery_codebench_lite_for_arm_eabi/bin/../lib/gcc/arm-none-eabi/4.7.2/../../../../arm-none-eabi/lib/thumb2\libc.a(lib_a-freer.o)
 .debug_frame   0x00000234       0x64 c:/program files (x86)/codesourcery/sourcery_codebench_lite_for_arm_eabi/bin/../lib/gcc/arm-none-eabi/4.7.2/../../../../arm-none-eabi/lib/thumb2\libc.a(lib_a-reent.o)
